Component: ARM Compiler 5.06 update 5 (build 528) Tool: armlink [4d35e2]

==============================================================================

Section Cross References

    startup_stm32g431xx.o(RESET) refers to startup_stm32g431xx.o(STACK) for __initial_sp
    startup_stm32g431xx.o(RESET) refers to startup_stm32g431xx.o(.text) for Reset_Handler
    startup_stm32g431xx.o(RESET) refers to stm32g4xx_it.o(i.NMI_Handler) for NMI_Handler
    startup_stm32g431xx.o(RESET) refers to stm32g4xx_it.o(i.HardFault_Handler) for HardFault_Handler
    startup_stm32g431xx.o(RESET) refers to stm32g4xx_it.o(i.MemManage_Handler) for MemManage_Handler
    startup_stm32g431xx.o(RESET) refers to stm32g4xx_it.o(i.BusFault_Handler) for BusFault_Handler
    startup_stm32g431xx.o(RESET) refers to stm32g4xx_it.o(i.UsageFault_Handler) for UsageFault_Handler
    startup_stm32g431xx.o(RESET) refers to port.o(.emb_text) for SVC_Handler
    startup_stm32g431xx.o(RESET) refers to stm32g4xx_it.o(i.DebugMon_Handler) for DebugMon_Handler
    startup_stm32g431xx.o(RESET) refers to cmsis_os2.o(i.SysTick_Handler) for SysTick_Handler
    startup_stm32g431xx.o(RESET) refers to stm32g4xx_it.o(i.TIM1_UP_TIM16_IRQHandler) for TIM1_UP_TIM16_IRQHandler
    startup_stm32g431xx.o(RESET) refers to stm32g4xx_it.o(i.USART1_IRQHandler) for USART1_IRQHandler
    startup_stm32g431xx.o(RESET) refers to stm32g4xx_it.o(i.TIM7_IRQHandler) for TIM7_IRQHandler
    startup_stm32g431xx.o(.text) refers to system_stm32g4xx.o(i.SystemInit) for SystemInit
    startup_stm32g431xx.o(.text) refers to entry.o(.ARM.Collect$$$$00000000) for __main
    main.o(i.AdcTask) refers to cmsis_os2.o(i.osDelay) for osDelay
    main.o(i.FreqTask) refers to cmsis_os2.o(i.osDelay) for osDelay
    main.o(i.HAL_TIM_PeriodElapsedCallback) refers to stm32g4xx_hal.o(i.HAL_IncTick) for HAL_IncTick
    main.o(i.HAL_TIM_PeriodElapsedCallback) refers to uart.o(i.UartCallback) for UartCallback
    main.o(i.LedTask) refers to cmsis_os2.o(i.osDelay) for osDelay
    main.o(i.MX_ADC1_Init) refers to memseta.o(.text) for __aeabi_memclr4
    main.o(i.MX_ADC1_Init) refers to stm32g4xx_hal_adc.o(i.HAL_ADC_Init) for HAL_ADC_Init
    main.o(i.MX_ADC1_Init) refers to stm32g4xx_hal_adc_ex.o(i.HAL_ADCEx_MultiModeConfigChannel) for HAL_ADCEx_MultiModeConfigChannel
    main.o(i.MX_ADC1_Init) refers to stm32g4xx_hal_adc.o(i.HAL_ADC_ConfigChannel) for HAL_ADC_ConfigChannel
    main.o(i.MX_ADC1_Init) refers to main.o(.bss) for .bss
    main.o(i.MX_ADC2_Init) refers to memseta.o(.text) for __aeabi_memclr4
    main.o(i.MX_ADC2_Init) refers to stm32g4xx_hal_adc.o(i.HAL_ADC_Init) for HAL_ADC_Init
    main.o(i.MX_ADC2_Init) refers to stm32g4xx_hal_adc.o(i.HAL_ADC_ConfigChannel) for HAL_ADC_ConfigChannel
    main.o(i.MX_ADC2_Init) refers to main.o(.bss) for .bss
    main.o(i.MX_TIM2_Init) refers to memseta.o(.text) for __aeabi_memclr4
    main.o(i.MX_TIM2_Init) refers to stm32g4xx_hal_tim.o(i.HAL_TIM_Base_Init) for HAL_TIM_Base_Init
    main.o(i.MX_TIM2_Init) refers to stm32g4xx_hal_tim.o(i.HAL_TIM_IC_Init) for HAL_TIM_IC_Init
    main.o(i.MX_TIM2_Init) refers to stm32g4xx_hal_tim.o(i.HAL_TIM_SlaveConfigSynchro) for HAL_TIM_SlaveConfigSynchro
    main.o(i.MX_TIM2_Init) refers to stm32g4xx_hal_tim_ex.o(i.HAL_TIMEx_MasterConfigSynchronization) for HAL_TIMEx_MasterConfigSynchronization
    main.o(i.MX_TIM2_Init) refers to stm32g4xx_hal_tim.o(i.HAL_TIM_IC_ConfigChannel) for HAL_TIM_IC_ConfigChannel
    main.o(i.MX_TIM2_Init) refers to main.o(.bss) for .bss
    main.o(i.MX_TIM3_Init) refers to memseta.o(.text) for __aeabi_memclr4
    main.o(i.MX_TIM3_Init) refers to stm32g4xx_hal_tim.o(i.HAL_TIM_Base_Init) for HAL_TIM_Base_Init
    main.o(i.MX_TIM3_Init) refers to stm32g4xx_hal_tim.o(i.HAL_TIM_IC_Init) for HAL_TIM_IC_Init
    main.o(i.MX_TIM3_Init) refers to stm32g4xx_hal_tim.o(i.HAL_TIM_SlaveConfigSynchro) for HAL_TIM_SlaveConfigSynchro
    main.o(i.MX_TIM3_Init) refers to stm32g4xx_hal_tim_ex.o(i.HAL_TIMEx_MasterConfigSynchronization) for HAL_TIMEx_MasterConfigSynchronization
    main.o(i.MX_TIM3_Init) refers to stm32g4xx_hal_tim.o(i.HAL_TIM_IC_ConfigChannel) for HAL_TIM_IC_ConfigChannel
    main.o(i.MX_TIM3_Init) refers to main.o(.bss) for .bss
    main.o(i.MX_TIM4_Init) refers to memseta.o(.text) for __aeabi_memclr4
    main.o(i.MX_TIM4_Init) refers to stm32g4xx_hal_tim.o(i.HAL_TIM_PWM_Init) for HAL_TIM_PWM_Init
    main.o(i.MX_TIM4_Init) refers to stm32g4xx_hal_tim_ex.o(i.HAL_TIMEx_MasterConfigSynchronization) for HAL_TIMEx_MasterConfigSynchronization
    main.o(i.MX_TIM4_Init) refers to stm32g4xx_hal_tim.o(i.HAL_TIM_PWM_ConfigChannel) for HAL_TIM_PWM_ConfigChannel
    main.o(i.MX_TIM4_Init) refers to stm32g4xx_hal_msp.o(i.HAL_TIM_MspPostInit) for HAL_TIM_MspPostInit
    main.o(i.MX_TIM4_Init) refers to main.o(.bss) for .bss
    main.o(i.MX_USART1_UART_Init) refers to stm32g4xx_hal_uart.o(i.HAL_UART_Init) for HAL_UART_Init
[...]
    i.xQueueGenericSend                      0x08006b44   Section        0  queue.o(i.xQueueGenericSend)
    i.xQueueGenericSendFromISR               0x08006ca4   Section        0  queue.o(i.xQueueGenericSendFromISR)
    i.xQueueGiveFromISR                      0x08006d62   Section        0  queue.o(i.xQueueGiveFromISR)
    i.xQueueReceive                          0x08006e00   Section        0  queue.o(i.xQueueReceive)
    i.xQueueReceiveFromISR                   0x08006f38   Section        0  queue.o(i.xQueueReceiveFromISR)
    i.xQueueSemaphoreTake                    0x08006fd4   Section        0  queue.o(i.xQueueSemaphoreTake)
    i.xTaskCheckForTimeOut                   0x0800714c   Section        0  tasks.o(i.xTaskCheckForTimeOut)
    i.xTaskCreate                            0x080071c0   Section        0  tasks.o(i.xTaskCreate)
    i.xTaskCreateStatic                      0x0800721a   Section        0  tasks.o(i.xTaskCreateStatic)
    i.xTaskGetSchedulerState                 0x08007270   Section        0  tasks.o(i.xTaskGetSchedulerState)
    i.xTaskGetTickCount                      0x0800728c   Section        0  tasks.o(i.xTaskGetTickCount)
    i.xTaskIncrementTick                     0x08007298   Section        0  tasks.o(i.xTaskIncrementTick)
    i.xTaskPriorityDisinherit                0x08007360   Section        0  tasks.o(i.xTaskPriorityDisinherit)
    i.xTaskPriorityInherit                   0x080073e0   Section        0  tasks.o(i.xTaskPriorityInherit)
    i.xTaskRemoveFromEventList               0x08007458   Section        0  tasks.o(i.xTaskRemoveFromEventList)
    i.xTaskResumeAll                         0x080074c8   Section        0  tasks.o(i.xTaskResumeAll)
    i.xTimerCreateTimerTask                  0x0800758c   Section        0  timers.o(i.xTimerCreateTimerTask)
    i.xTimerGenericCommand                   0x080075ec   Section        0  timers.o(i.xTimerGenericCommand)
    .constdata                               0x08007654   Section      256  main.o(.constdata)
    .constdata                               0x08007754   Section       24  stm32g4xx_hal_uart.o(.constdata)
    .constdata                               0x0800776c   Section       16  stm32g4xx_hal_uart_ex.o(.constdata)
    numerator                                0x0800776c   Data           8  stm32g4xx_hal_uart_ex.o(.constdata)
    denominator                              0x08007774   Data           8  stm32g4xx_hal_uart_ex.o(.constdata)
    .constdata                               0x0800777c   Section       16  system_stm32g4xx.o(.constdata)
    .constdata                               0x0800778c   Section        8  system_stm32g4xx.o(.constdata)
    .constdata                               0x08007794   Section       36  pwm.o(.constdata)
    .constdata                               0x080077b8   Section     4560  lcd.o(.constdata)
    .conststring                             0x08008988   Section       65  main.o(.conststring)
    .conststring                             0x080089cc   Section       12  pwm.o(.conststring)
    .data                                    0x20000000   Section       32  main.o(.data)
    .data                                    0x20000020   Section        4  stm32g4xx_hal_msp.o(.data)
    HAL_RCC_ADC12_CLK_ENABLED                0x20000020   Data           4  stm32g4xx_hal_msp.o(.data)
    .data                                    0x20000024   Section       12  stm32g4xx_hal.o(.data)
    .data                                    0x20000030   Section        4  system_stm32g4xx.o(.data)
    .data                                    0x20000034   Section       60  tasks.o(.data)
    uxDeletedTasksWaitingCleanUp             0x20000038   Data           4  tasks.o(.data)
    uxCurrentNumberOfTasks                   0x2000003c   Data           4  tasks.o(.data)
    xTickCount                               0x20000040   Data           4  tasks.o(.data)
    uxTopReadyPriority                       0x20000044   Data           4  tasks.o(.data)
    xSchedulerRunning                        0x20000048   Data           4  tasks.o(.data)
    xPendedTicks                             0x2000004c   Data           4  tasks.o(.data)
    xYieldPending                            0x20000050   Data           4  tasks.o(.data)
    xNumOfOverflows                          0x20000054   Data           4  tasks.o(.data)
    uxTaskNumber                             0x20000058   Data           4  tasks.o(.data)
    xNextTaskUnblockTime                     0x2000005c   Data           4  tasks.o(.data)
    xIdleTaskHandle                          0x20000060   Data           4  tasks.o(.data)
    uxSchedulerSuspended                     0x20000064   Data           4  tasks.o(.data)
    pxDelayedTaskList                        0x20000068   Data           4  tasks.o(.data)
    pxOverflowDelayedTaskList                0x2000006c   Data           4  tasks.o(.data)
    .data                                    0x20000070   Section       20  timers.o(.data)
    xTimerQueue                              0x20000070   Data           4  timers.o(.data)
    xTimerTaskHandle                         0x20000074   Data           4  timers.o(.data)
    xLastTime                                0x20000078   Data           4  timers.o(.data)
    pxCurrentTimerList                       0x2000007c   Data           4  timers.o(.data)
    pxOverflowTimerList                      0x20000080   Data           4  timers.o(.data)
    .data                                    0x20000084   Section        4  cmsis_os2.o(.data)
    KernelState                              0x20000084   Data           4  cmsis_os2.o(.data)
    .data                                    0x20000088   Section       32  heap_4.o(.data)
    pxEnd                                    0x20000088   Data           4  heap_4.o(.data)
    xFreeBytesRemaining                      0x2000008c   Data           4  heap_4.o(.data)
    xMinimumEverFreeBytesRemaining           0x20000090   Data           4  heap_4.o(.data)
    xNumberOfSuccessfulAllocations           0x20000094   Data           4  heap_4.o(.data)
    xNumberOfSuccessfulFrees                 0x20000098   Data           4  heap_4.o(.data)
    xBlockAllocatedBit                       0x2000009c   Data           4  heap_4.o(.data)
    xStart                                   0x200000a0   Data           8  heap_4.o(.data)
    .data                                    0x200000a8   Section       12  port.o(.data)
    ucMaxSysCallPriority                     0x200000a8   Data           1  port.o(.data)
    uxCriticalNesting                        0x200000ac   Data           4  port.o(.data)
    ulMaxPRIGROUPValue                       0x200000b0   Data           4  port.o(.data)
    .data                                    0x200000b8   Section       16  adc.o(.data)
    .data                                    0x200000c8   Section        2  led.o(.data)
    led_status                               0x200000c8   Data           2  led.o(.data)
    .data                                    0x200000cc   Section        8  uart.o(.data)
    count                                    0x200000d0   Data           4  uart.o(.data)
    .data                                    0x200000d4   Section        6  lcd.o(.data)
    TextColor                                0x200000d4   Data           2  lcd.o(.data)
    BackColor                                0x200000d6   Data           2  lcd.o(.data)
    .data                                    0x200000dc   Section        4  stdout.o(.data)
    .bss                                     0x200000e0   Section      668  main.o(.bss)
    .bss                                     0x2000037c   Section       76  stm32g4xx_hal_timebase_tim.o(.bss)
    .bss                                     0x200003c8   Section       64  queue.o(.bss)
    .bss                                     0x20000408   Section     1220  tasks.o(.bss)
    pxReadyTasksLists                        0x20000408   Data        1120  tasks.o(.bss)
    xDelayedTaskList1                        0x20000868   Data          20  tasks.o(.bss)
    xDelayedTaskList2                        0x2000087c   Data          20  tasks.o(.bss)
    xPendingReadyList                        0x20000890   Data          20  tasks.o(.bss)
    xTasksWaitingTermination                 0x200008a4   Data          20  tasks.o(.bss)
    xSuspendedTaskList                       0x200008b8   Data          20  tasks.o(.bss)
    .bss                                     0x200008cc   Section      280  timers.o(.bss)
    xStaticTimerQueue                        0x200008cc   Data          80  timers.o(.bss)
    ucStaticTimerQueueStorage                0x2000091c   Data         160  timers.o(.bss)
    xActiveTimerList1                        0x200009bc   Data          20  timers.o(.bss)
    xActiveTimerList2                        0x200009d0   Data          20  timers.o(.bss)
    .bss                                     0x200009e4   Section     1720  cmsis_os2.o(.bss)
    Idle_TCB                                 0x200009e4   Data          92  cmsis_os2.o(.bss)
    Idle_Stack                               0x20000a40   Data         512  cmsis_os2.o(.bss)
    Timer_TCB                                0x20000c40   Data          92  cmsis_os2.o(.bss)
    Timer_Stack                              0x20000c9c   Data        1024  cmsis_os2.o(.bss)
    .bss                                     0x2000109c   Section    10240  heap_4.o(.bss)
    ucHeap                                   0x2000109c   Data       10240  heap_4.o(.bss)
    .bss                                     0x2000389c   Section      128  uart.o(.bss)
    rx_buf                                   0x2000389c   Data         128  uart.o(.bss)
    .bss                                     0x2000391c   Section       24  freq.o(.bss)
    STACK                                    0x20003938   Section     1024  startup_stm32g431xx.o(STACK)

    Global Symbols

    Symbol Name                              Value     Ov Type        Size  Object(Section)

    BuildAttributes$$THM_ISAv4$E$P$D$K$B$S$7EM$VFPi3$EXTD16$VFPS$VFMA$PE$A:L22UL41UL21$X:L11$S22US41US21$IEEE1$IW$USESV6$~STKCKD$USESV7$~SHL$OSPACE$ROPI$EBA8$MICROLIB$REQ8$PRES8$EABIv2 0x00000000   Number         0  anon$$obj.o ABSOLUTE
    __ARM_use_no_argv                        0x00000000   Number         0  main.o ABSOLUTE
    _printf_a                                0x00000000   Number         0  stubs.o ABSOLUTE
    _printf_c                                0x00000000   Number         0  stubs.o ABSOLUTE
    _printf_charcount                        0x00000000   Number         0  stubs.o ABSOLUTE
    _printf_d                                0x00000000   Number         0  stubs.o ABSOLUTE
    _printf_e                                0x00000000   Number         0  stubs.o ABSOLUTE
    _printf_f                                0x00000000   Number         0  stubs.o ABSOLUTE
    _printf_flags                            0x00000000   Number         0  stubs.o ABSOLUTE
    _printf_fp_dec                           0x00000000   Number         0  stubs.o ABSOLUTE
    _printf_fp_hex                           0x00000000   Number         0  stubs.o ABSOLUTE
    _printf_g                                0x00000000   Number         0  stubs.o ABSOLUTE
    _printf_i                                0x00000000   Number         0  stubs.o ABSOLUTE
    _printf_int_dec                          0x00000000   Number         0  stubs.o ABSOLUTE
    _printf_l                                0x00000000   Number         0  stubs.o ABSOLUTE
    _printf_lc                               0x00000000   Number         0  stubs.o ABSOLUTE
    _printf_ll                               0x00000000   Number         0  stubs.o ABSOLUTE
    _printf_lld                              0x00000000   Number         0  stubs.o ABSOLUTE
    _printf_lli                              0x00000000   Number         0  stubs.o ABSOLUTE
    _printf_llo                              0x00000000   Number         0  stubs.o ABSOLUTE
    _printf_llu                              0x00000000   Number         0  stubs.o ABSOLUTE
    _printf_llx                              0x00000000   Number         0  stubs.o ABSOLUTE
    _printf_longlong_dec                     0x00000000   Number         0  stubs.o ABSOLUTE
    _printf_longlong_hex                     0x00000000   Number         0  stubs.o ABSOLUTE
    _printf_longlong_oct                     0x00000000   Number         0  stubs.o ABSOLUTE
    _printf_ls                               0x00000000   Number         0  stubs.o ABSOLUTE
    _printf_mbtowc                           0x00000000   Number         0  stubs.o ABSOLUTE
    _printf_n                                0x00000000   Number         0  stubs.o ABSOLUTE
    _printf_o                                0x00000000   Number         0  stubs.o ABSOLUTE
    _printf_p                                0x00000000   Number         0  stubs.o ABSOLUTE
    _printf_percent                          0x00000000   Number         0  stubs.o ABSOLUTE
    _printf_pre_padding                      0x00000000   Number         0  stubs.o ABSOLUTE
    _printf_return_value                     0x00000000   Number         0  stubs.o ABSOLUTE
    _printf_s                                0x00000000   Number         0  stubs.o ABSOLUTE
    _printf_sizespec                         0x00000000   Number         0  stubs.o ABSOLUTE
    _printf_str                              0x00000000   Number         0  stubs.o ABSOLUTE
    _printf_truncate_signed                  0x00000000   Number         0  stubs.o ABSOLUTE
    _printf_truncate_unsigned                0x00000000   Number         0  stubs.o ABSOLUTE
    _printf_u                                0x00000000   Number         0  stubs.o ABSOLUTE
    _printf_wc                               0x00000000   Number         0  stubs.o ABSOLUTE
    _printf_wctomb                           0x00000000   Number         0  stubs.o ABSOLUTE
    _printf_widthprec                        0x00000000   Number         0  stubs.o ABSOLUTE
    _printf_x                                0x00000000   Number         0  stubs.o ABSOLUTE
    __cpp_initialize__aeabi_                  - Undefined Weak Reference
    __cxa_finalize                            - Undefined Weak Reference
    __decompress                              - Undefined Weak Reference
    _clock_init                               - Undefined Weak Reference
    _microlib_exit                            - Undefined Weak Reference
    __Vectors_Size                           0x000001d8   Number         0  startup_stm32g431xx.o ABSOLUTE
    __Vectors                                0x08000000   Data           4  startup_stm32g431xx.o(RESET)
    __Vectors_End                            0x080001d8   Data           0  startup_stm32g431xx.o(RESET)
    __main                                   0x080001d9   Thumb Code     0  entry.o(.ARM.Collect$$$$00000000)
    _main_stk                                0x080001d9   Thumb Code     0  entry2.o(.ARM.Collect$$$$00000001)
    _main_scatterload                        0x080001dd   Thumb Code     0  entry5.o(.ARM.Collect$$$$00000004)
    __main_after_scatterload                 0x080001e1   Thumb Code     0  entry5.o(.ARM.Collect$$$$00000004)
    _main_clock                              0x080001e1   Thumb Code     0  entry7b.o(.ARM.Collect$$$$00000008)
    _main_cpp_init                           0x080001e1   Thumb Code     0  entry8b.o(.ARM.Collect$$$$0000000A)
    _main_init                               0x080001e1   Thumb Code     0  entry9a.o(.ARM.Collect$$$$0000000B)
    __rt_final_cpp                           0x080001e9   Thumb Code     0  entry10a.o(.ARM.Collect$$$$0000000D)
    __rt_final_exit                          0x080001e9   Thumb Code     0  entry11a.o(.ARM.Collect$$$$0000000F)
    SVC_Handler                              0x080001ed   Thumb Code    28  port.o(.emb_text)
    __asm___6_port_c_39a90d8d__prvStartFirstTask 0x0800020d   Thumb Code    36  port.o(.emb_text)
    __asm___6_port_c_39a90d8d__prvEnableVFP  0x08000235   Thumb Code    16  port.o(.emb_text)
    PendSV_Handler                           0x08000249   Thumb Code    88  port.o(.emb_text)
    vPortGetIPSR                             0x080002a5   Thumb Code     6  port.o(.emb_text)
    Reset_Handler                            0x080002ad   Thumb Code     8  startup_stm32g431xx.o(.text)
    ADC1_2_IRQHandler                        0x080002c7   Thumb Code     0  startup_stm32g431xx.o(.text)
    COMP1_2_3_IRQHandler                     0x080002c7   Thumb Code     0  startup_stm32g431xx.o(.text)
    COMP4_IRQHandler                         0x080002c7   Thumb Code     0  startup_stm32g431xx.o(.text)
    CORDIC_IRQHandler                        0x080002c7   Thumb Code     0  startup_stm32g431xx.o(.text)
    CRS_IRQHandler                           0x080002c7   Thumb Code     0  startup_stm32g431xx.o(.text)
    DMA1_Channel1_IRQHandler                 0x080002c7   Thumb Code     0  startup_stm32g431xx.o(.text)
    DMA1_Channel2_IRQHandler                 0x080002c7   Thumb Code     0  startup_stm32g431xx.o(.text)
    DMA1_Channel3_IRQHandler                 0x080002c7   Thumb Code     0  startup_stm32g431xx.o(.text)
    DMA1_Channel4_IRQHandler                 0x080002c7   Thumb Code     0  startup_stm32g431xx.o(.text)
    DMA1_Channel5_IRQHandler                 0x080002c7   Thumb Code     0  startup_stm32g431xx.o(.text)
    DMA1_Channel6_IRQHandler                 0x080002c7   Thumb Code     0  startup_stm32g431xx.o(.text)
    DMA2_Channel1_IRQHandler                 0x080002c7   Thumb Code     0  startup_stm32g431xx.o(.text)
    DMA2_Channel2_IRQHandler                 0x080002c7   Thumb Code     0  startup_stm32g431xx.o(.text)
    DMA2_Channel3_IRQHandler                 0x080002c7   Thumb Code     0  startup_stm32g431xx.o(.text)
    DMA2_Channel4_IRQHandler                 0x080002c7   Thumb Code     0  startup_stm32g431xx.o(.text)
    DMA2_Channel5_IRQHandler                 0x080002c7   Thumb Code     0  startup_stm32g431xx.o(.text)
    DMA2_Channel6_IRQHandler                 0x080002c7   Thumb Code     0  startup_stm32g431xx.o(.text)
    DMAMUX_OVR_IRQHandler                    0x080002c7   Thumb Code     0  startup_stm32g431xx.o(.text)
    EXTI0_IRQHandler                         0x080002c7   Thumb Code     0  startup_stm32g431xx.o(.text)
    EXTI15_10_IRQHandler                     0x080002c7   Thumb Code     0  startup_stm32g431xx.o(.text)
    EXTI1_IRQHandler                         0x080002c7   Thumb Code     0  startup_stm32g431xx.o(.text)
    EXTI2_IRQHandler                         0x080002c7   Thumb Code     0  startup_stm32g431xx.o(.text)
    EXTI3_IRQHandler                         0x080002c7   Thumb Code     0  startup_stm32g431xx.o(.text)
    EXTI4_IRQHandler                         0x080002c7   Thumb Code     0  startup_stm32g431xx.o(.text)
    EXTI9_5_IRQHandler                       0x080002c7   Thumb Code     0  startup_stm32g431xx.o(.text)
    FDCAN1_IT0_IRQHandler                    0x080002c7   Thumb Code     0  startup_stm32g431xx.o(.text)
    FDCAN1_IT1_IRQHandler                    0x080002c7   Thumb Code     0  startup_stm32g431xx.o(.text)
    FLASH_IRQHandler                         0x080002c7   Thumb Code     0  startup_stm32g431xx.o(.text)
    FMAC_IRQHandler                          0x080002c7   Thumb Code     0  startup_stm32g431xx.o(.text)
    FPU_IRQHandler                           0x080002c7   Thumb Code     0  startup_stm32g431xx.o(.text)
    I2C1_ER_IRQHandler                       0x080002c7   Thumb Code     0  startup_stm32g431xx.o(.text)
    I2C1_EV_IRQHandler                       0x080002c7   Thumb Code     0  startup_stm32g431xx.o(.text)
    I2C2_ER_IRQHandler                       0x080002c7   Thumb Code     0  startup_stm32g431xx.o(.text)
    I2C2_EV_IRQHandler                       0x080002c7   Thumb Code     0  startup_stm32g431xx.o(.text)
    I2C3_ER_IRQHandler                       0x080002c7   Thumb Code     0  startup_stm32g431xx.o(.text)
    I2C3_EV_IRQHandler                       0x080002c7   Thumb Code     0  startup_stm32g431xx.o(.text)
    LPTIM1_IRQHandler                        0x080002c7   Thumb Code     0  startup_stm32g431xx.o(.text)
    LPUART1_IRQHandler                       0x080002c7   Thumb Code     0  startup_stm32g431xx.o(.text)
    PVD_PVM_IRQHandler                       0x080002c7   Thumb Code     0  startup_stm32g431xx.o(.text)
    RCC_IRQHandler                           0x080002c7   Thumb Code     0  startup_stm32g431xx.o(.text)
    RNG_IRQHandler                           0x080002c7   Thumb Code     0  startup_stm32g431xx.o(.text)
    RTC_Alarm_IRQHandler                     0x080002c7   Thumb Code     0  startup_stm32g431xx.o(.text)
    RTC_TAMP_LSECSS_IRQHandler               0x080002c7   Thumb Code     0  startup_stm32g431xx.o(.text)
    RTC_WKUP_IRQHandler                      0x080002c7   Thumb Code     0  startup_stm32g431xx.o(.text)
    SAI1_IRQHandler                          0x080002c7   Thumb Code     0  startup_stm32g431xx.o(.text)
    SPI1_IRQHandler                          0x080002c7   Thumb Code     0  startup_stm32g431xx.o(.text)
    SPI2_IRQHandler                          0x080002c7   Thumb Code     0  startup_stm32g431xx.o(.text)
    SPI3_IRQHandler                          0x080002c7   Thumb Code     0  startup_stm32g431xx.o(.text)
    TIM1_BRK_TIM15_IRQHandler                0x080002c7   Thumb Code     0  startup_stm32g431xx.o(.text)
    TIM1_CC_IRQHandler                       0x080002c7   Thumb Code     0  startup_stm32g431xx.o(.text)
    TIM1_TRG_COM_TIM17_IRQHandler            0x080002c7   Thumb Code     0  startup_stm32g431xx.o(.text)
    TIM2_IRQHandler                          0x080002c7   Thumb Code     0  startup_stm32g431xx.o(.text)
    TIM3_IRQHandler                          0x080002c7   Thumb Code     0  startup_stm32g431xx.o(.text)
    TIM4_IRQHandler                          0x080002c7   Thumb Code     0  startup_stm32g431xx.o(.text)
    TIM6_DAC_IRQHandler                      0x080002c7   Thumb Code     0  startup_stm32g431xx.o(.text)
    TIM8_BRK_IRQHandler                      0x080002c7   Thumb Code     0  startup_stm32g431xx.o(.text)
    TIM8_CC_IRQHandler                       0x080002c7   Thumb Code     0  startup_stm32g431xx.o(.text)
    TIM8_TRG_COM_IRQHandler                  0x080002c7   Thumb Code     0  startup_stm32g431xx.o(.text)
    TIM8_UP_IRQHandler                       0x080002c7   Thumb Code     0  startup_stm32g431xx.o(.text)
    UART4_IRQHandler                         0x080002c7   Thumb Code     0  startup_stm32g431xx.o(.text)
    UCPD1_IRQHandler                         0x080002c7   Thumb Code     0  startup_stm32g431xx.o(.text)
    USART2_IRQHandler                        0x080002c7   Thumb Code     0  startup_stm32g431xx.o(.text)
    USART3_IRQHandler                        0x080002c7   Thumb Code     0  startup_stm32g431xx.o(.text)
    USBWakeUp_IRQHandler                     0x080002c7   Thumb Code     0  startup_stm32g431xx.o(.text)
    USB_HP_IRQHandler                        0x080002c7   Thumb Code     0  startup_stm32g431xx.o(.text)
    USB_LP_IRQHandler                        0x080002c7   Thumb Code     0  startup_stm32g431xx.o(.text)
    WWDG_IRQHandler                          0x080002c7   Thumb Code     0  startup_stm32g431xx.o(.text)
    __aeabi_uldivmod                         0x080002d1   Thumb Code    98  uldiv.o(.text)
    __aeabi_memcpy                           0x08000333   Thumb Code    36  memcpya.o(.text)
    __aeabi_memcpy4                          0x08000333   Thumb Code     0  memcpya.o(.text)
    __aeabi_memcpy8                          0x08000333   Thumb Code     0  memcpya.o(.text)
    __aeabi_memset                           0x08000357   Thumb Code    14  memseta.o(.text)
    __aeabi_memset4                          0x08000357   Thumb Code     0  memseta.o(.text)
    __aeabi_memset8                          0x08000357   Thumb Code     0  memseta.o(.text)
    __aeabi_memclr                           0x08000365   Thumb Code     4  memseta.o(.text)
    __aeabi_memclr4                          0x08000365   Thumb Code     0  memseta.o(.text)
    __aeabi_memclr8                          0x08000365   Thumb Code     0  memseta.o(.text)
    memset                                   0x08000369   Thumb Code    18  memseta.o(.text)
    __aeabi_dmul                             0x0800037b   Thumb Code   228  dmul.o(.text)
    __aeabi_ui2d                             0x0800045f   Thumb Code    26  dfltui.o(.text)
    __aeabi_llsl                             0x08000479   Thumb Code    30  llshl.o(.text)
    _ll_shift_l                              0x08000479   Thumb Code     0  llshl.o(.text)
    __aeabi_llsr                             0x08000497   Thumb Code    32  llushr.o(.text)
    _ll_ushift_r                             0x08000497   Thumb Code     0  llushr.o(.text)
    __I$use$fp                               0x080004b7   Thumb Code     0  iusefp.o(.text)
    _double_round                            0x080004b7   Thumb Code    30  depilogue.o(.text)
    _double_epilogue                         0x080004d5   Thumb Code   156  depilogue.o(.text)
    __scatterload                            0x08000571   Thumb Code    28  init.o(.text)
    __scatterload_rt2                        0x08000571   Thumb Code     0  init.o(.text)
    ADC_Disable                              0x08000595   Thumb Code   106  stm32g4xx_hal_adc.o(i.ADC_Disable)
    ADC_Enable                               0x08000605   Thumb Code   154  stm32g4xx_hal_adc.o(i.ADC_Enable)
    AdcTask                                  0x080006b1   Thumb Code   122  adc.o(i.AdcTask)
    BusFault_Handler                         0x08000749   Thumb Code     2  stm32g4xx_it.o(i.BusFault_Handler)
    DebugMon_Handler                         0x0800074b   Thumb Code     2  stm32g4xx_it.o(i.DebugMon_Handler)
    Delay_LCD                                0x0800074d   Thumb Code    28  lcd.o(i.Delay_LCD)
    Error_Handler                            0x08000769   Thumb Code     4  main.o(i.Error_Handler)
    FreqTask                                 0x0800076d   Thumb Code   128  freq.o(i.FreqTask)
    HAL_ADCEx_Calibration_Start              0x08000969   Thumb Code   138  stm32g4xx_hal_adc_ex.o(i.HAL_ADCEx_Calibration_Start)
    HAL_ADCEx_MultiModeConfigChannel         0x080009fd   Thumb Code   208  stm32g4xx_hal_adc_ex.o(i.HAL_ADCEx_MultiModeConfigChannel)
    HAL_ADC_ConfigChannel                    0x08000ad5   Thumb Code  1006  stm32g4xx_hal_adc.o(i.HAL_ADC_ConfigChannel)
    HAL_ADC_GetValue                         0x08000ef9   Thumb Code     6  stm32g4xx_hal_adc.o(i.HAL_ADC_GetValue)
    HAL_ADC_Init                             0x08000f01   Thumb Code   466  stm32g4xx_hal_adc.o(i.HAL_ADC_Init)
    HAL_ADC_MspInit                          0x080010f5   Thumb Code   210  stm32g4xx_hal_msp.o(i.HAL_ADC_MspInit)
    HAL_ADC_Start                            0x080011d9   Thumb Code   230  stm32g4xx_hal_adc.o(i.HAL_ADC_Start)
    HAL_DMA_Abort                            0x080012cd   Thumb Code   106  stm32g4xx_hal_dma.o(i.HAL_DMA_Abort)
    HAL_DMA_Abort_IT                         0x08001337   Thumb Code   120  stm32g4xx_hal_dma.o(i.HAL_DMA_Abort_IT)
    HAL_Delay                                0x080013b1   Thumb Code    32  stm32g4xx_hal.o(i.HAL_Delay)
    HAL_GPIO_Init                            0x080013d5   Thumb Code   550  stm32g4xx_hal_gpio.o(i.HAL_GPIO_Init)
    HAL_GPIO_WritePin                        0x0800161d   Thumb Code    10  stm32g4xx_hal_gpio.o(i.HAL_GPIO_WritePin)
    HAL_GetTick                              0x08001629   Thumb Code     6  stm32g4xx_hal.o(i.HAL_GetTick)
    HAL_IncTick                              0x08001635   Thumb Code    12  stm32g4xx_hal.o(i.HAL_IncTick)
    HAL_Init                                 0x08001645   Thumb Code    30  stm32g4xx_hal.o(i.HAL_Init)
    HAL_InitTick                             0x08001665   Thumb Code   116  stm32g4xx_hal_timebase_tim.o(i.HAL_InitTick)
    HAL_MspInit                              0x080016ed   Thumb Code    54  stm32g4xx_hal_msp.o(i.HAL_MspInit)
    HAL_NVIC_EnableIRQ                       0x08001729   Thumb Code    26  stm32g4xx_hal_cortex.o(i.HAL_NVIC_EnableIRQ)
    HAL_NVIC_SetPriority                     0x08001745   Thumb Code    60  stm32g4xx_hal_cortex.o(i.HAL_NVIC_SetPriority)
    HAL_NVIC_SetPriorityGrouping             0x08001785   Thumb Code    26  stm32g4xx_hal_cortex.o(i.HAL_NVIC_SetPriorityGrouping)
    HAL_PWREx_ControlVoltageScaling          0x080017a9   Thumb Code   174  stm32g4xx_hal_pwr_ex.o(i.HAL_PWREx_ControlVoltageScaling)
    HAL_PWREx_DisableUCPDDeadBattery         0x08001865   Thumb Code    12  stm32g4xx_hal_pwr_ex.o(i.HAL_PWREx_DisableUCPDDeadBattery)
    HAL_RCCEx_PeriphCLKConfig                0x08001875   Thumb Code   638  stm32g4xx_hal_rcc_ex.o(i.HAL_RCCEx_PeriphCLKConfig)
    HAL_RCC_ClockConfig                      0x08001afd   Thumb Code   444  stm32g4xx_hal_rcc.o(i.HAL_RCC_ClockConfig)
    HAL_RCC_GetClockConfig                   0x08001cd9   Thumb Code    54  stm32g4xx_hal_rcc.o(i.HAL_RCC_GetClockConfig)
    HAL_RCC_GetPCLK1Freq                     0x08001d19   Thumb Code    24  stm32g4xx_hal_rcc.o(i.HAL_RCC_GetPCLK1Freq)
    HAL_RCC_GetPCLK2Freq                     0x08001d3d   Thumb Code    24  stm32g4xx_hal_rcc.o(i.HAL_RCC_GetPCLK2Freq)
    HAL_RCC_GetSysClockFreq                  0x08001d61   Thumb Code    98  stm32g4xx_hal_rcc.o(i.HAL_RCC_GetSysClockFreq)
    HAL_RCC_OscConfig                        0x08001dd1   Thumb Code  1028  stm32g4xx_hal_rcc.o(i.HAL_RCC_OscConfig)
    HAL_TIMEx_Break2Callback                 0x080021d5   Thumb Code     2  stm32g4xx_hal_tim_ex.o(i.HAL_TIMEx_Break2Callback)
    HAL_TIMEx_BreakCallback                  0x080021d7   Thumb Code     2  stm32g4xx_hal_tim_ex.o(i.HAL_TIMEx_BreakCallback)
    HAL_TIMEx_CommutCallback                 0x080021d9   Thumb Code     2  stm32g4xx_hal_tim_ex.o(i.HAL_TIMEx_CommutCallback)
    HAL_TIMEx_DirectionChangeCallback        0x080021db   Thumb Code     2  stm32g4xx_hal_tim_ex.o(i.HAL_TIMEx_DirectionChangeCallback)
    HAL_TIMEx_EncoderIndexCallback           0x080021dd   Thumb Code     2  stm32g4xx_hal_tim_ex.o(i.HAL_TIMEx_EncoderIndexCallback)
    HAL_TIMEx_IndexErrorCallback             0x080021df   Thumb Code     2  stm32g4xx_hal_tim_ex.o(i.HAL_TIMEx_IndexErrorCallback)
    HAL_TIMEx_MasterConfigSynchronization    0x080021e1   Thumb Code   132  stm32g4xx_hal_tim_ex.o(i.HAL_TIMEx_MasterConfigSynchronization)
    HAL_TIMEx_TransitionErrorCallback        0x0800227d   Thumb Code     2  stm32g4xx_hal_tim_ex.o(i.HAL_TIMEx_TransitionErrorCallback)
    HAL_TIM_Base_Init                        0x0800227f   Thumb Code    98  stm32g4xx_hal_tim.o(i.HAL_TIM_Base_Init)
    HAL_TIM_Base_MspInit                     0x080022e1   Thumb Code   182  stm32g4xx_hal_msp.o(i.HAL_TIM_Base_MspInit)
    HAL_TIM_Base_Start                       0x080023a9   Thumb Code    84  stm32g4xx_hal_tim.o(i.HAL_TIM_Base_Start)
    HAL_TIM_Base_Start_IT                    0x08002415   Thumb Code    94  stm32g4xx_hal_tim.o(i.HAL_TIM_Base_Start_IT)
    HAL_TIM_Base_Stop_IT                     0x0800248d   Thumb Code    48  stm32g4xx_hal_tim.o(i.HAL_TIM_Base_Stop_IT)
    HAL_TIM_IC_CaptureCallback               0x080024bd   Thumb Code     2  stm32g4xx_hal_tim.o(i.HAL_TIM_IC_CaptureCallback)
    HAL_TIM_IC_ConfigChannel                 0x080024bf   Thumb Code   292  stm32g4xx_hal_tim.o(i.HAL_TIM_IC_ConfigChannel)
    HAL_TIM_IC_GetState                      0x080025e3   Thumb Code     6  stm32g4xx_hal_tim.o(i.HAL_TIM_IC_GetState)
    HAL_TIM_IC_Init                          0x080025e9   Thumb Code    98  stm32g4xx_hal_tim.o(i.HAL_TIM_IC_Init)
    HAL_TIM_IC_MspInit                       0x0800264b   Thumb Code     2  stm32g4xx_hal_tim.o(i.HAL_TIM_IC_MspInit)
    HAL_TIM_IC_Start                         0x0800264d   Thumb Code   234  stm32g4xx_hal_tim.o(i.HAL_TIM_IC_Start)
    HAL_TIM_IRQHandler                       0x08002751   Thumb Code   418  stm32g4xx_hal_tim.o(i.HAL_TIM_IRQHandler)
    HAL_TIM_MspPostInit                      0x080028f5   Thumb Code    74  stm32g4xx_hal_msp.o(i.HAL_TIM_MspPostInit)
    HAL_TIM_OC_DelayElapsedCallback          0x08002949   Thumb Code     2  stm32g4xx_hal_tim.o(i.HAL_TIM_OC_DelayElapsedCallback)
    HAL_TIM_PWM_ConfigChannel                0x0800294b   Thumb Code   292  stm32g4xx_hal_tim.o(i.HAL_TIM_PWM_ConfigChannel)
    HAL_TIM_PWM_Init                         0x08002a6f   Thumb Code    98  stm32g4xx_hal_tim.o(i.HAL_TIM_PWM_Init)
    HAL_TIM_PWM_MspInit                      0x08002ad1   Thumb Code    30  stm32g4xx_hal_msp.o(i.HAL_TIM_PWM_MspInit)
    HAL_TIM_PWM_PulseFinishedCallback        0x08002af9   Thumb Code     2  stm32g4xx_hal_tim.o(i.HAL_TIM_PWM_PulseFinishedCallback)
    HAL_TIM_PWM_Start                        0x08002afd   Thumb Code   218  stm32g4xx_hal_tim.o(i.HAL_TIM_PWM_Start)
    HAL_TIM_PeriodElapsedCallback            0x08002bf9   Thumb Code    34  main.o(i.HAL_TIM_PeriodElapsedCallback)
    HAL_TIM_ReadCapturedValue                0x08002c25   Thumb Code    42  stm32g4xx_hal_tim.o(i.HAL_TIM_ReadCapturedValue)
    HAL_TIM_SlaveConfigSynchro               0x08002c4f   Thumb Code    86  stm32g4xx_hal_tim.o(i.HAL_TIM_SlaveConfigSynchro)
    HAL_TIM_TriggerCallback                  0x08002ca5   Thumb Code     2  stm32g4xx_hal_tim.o(i.HAL_TIM_TriggerCallback)
    HAL_UARTEx_DisableFifoMode               0x08002ca7   Thumb Code    62  stm32g4xx_hal_uart_ex.o(i.HAL_UARTEx_DisableFifoMode)
    HAL_UARTEx_RxEventCallback               0x08002ce5   Thumb Code     2  stm32g4xx_hal_uart.o(i.HAL_UARTEx_RxEventCallback)
    HAL_UARTEx_RxFifoFullCallback            0x08002ce7   Thumb Code     2  stm32g4xx_hal_uart_ex.o(i.HAL_UARTEx_RxFifoFullCallback)
    HAL_UARTEx_SetRxFifoThreshold            0x08002ce9   Thumb Code    76  stm32g4xx_hal_uart_ex.o(i.HAL_UARTEx_SetRxFifoThreshold)
    HAL_UARTEx_SetTxFifoThreshold            0x08002d35   Thumb Code    76  stm32g4xx_hal_uart_ex.o(i.HAL_UARTEx_SetTxFifoThreshold)
    HAL_UARTEx_TxFifoEmptyCallback           0x08002d81   Thumb Code     2  stm32g4xx_hal_uart_ex.o(i.HAL_UARTEx_TxFifoEmptyCallback)
    HAL_UARTEx_WakeupCallback                0x08002d83   Thumb Code     2  stm32g4xx_hal_uart_ex.o(i.HAL_UARTEx_WakeupCallback)
    HAL_UART_AbortCpltCallback               0x08002d85   Thumb Code     2  stm32g4xx_hal_uart.o(i.HAL_UART_AbortCpltCallback)
    HAL_UART_Abort_IT                        0x08002d89   Thumb Code   280  stm32g4xx_hal_uart.o(i.HAL_UART_Abort_IT)
    HAL_UART_ErrorCallback                   0x08002ead   Thumb Code     2  stm32g4xx_hal_uart.o(i.HAL_UART_ErrorCallback)
    HAL_UART_IRQHandler                      0x08002eb1   Thumb Code   766  stm32g4xx_hal_uart.o(i.HAL_UART_IRQHandler)
    HAL_UART_Init                            0x080031bd   Thumb Code   106  stm32g4xx_hal_uart.o(i.HAL_UART_Init)
    HAL_UART_MspInit                         0x08003229   Thumb Code   132  stm32g4xx_hal_msp.o(i.HAL_UART_MspInit)
    HAL_UART_Receive_IT                      0x080032b5   Thumb Code    66  stm32g4xx_hal_uart.o(i.HAL_UART_Receive_IT)
    HAL_UART_RxCpltCallback                  0x080032fd   Thumb Code    52  uart.o(i.HAL_UART_RxCpltCallback)
    HAL_UART_TxCpltCallback                  0x08003341   Thumb Code     2  stm32g4xx_hal_uart.o(i.HAL_UART_TxCpltCallback)
    HardFault_Handler                        0x08003343   Thumb Code     2  stm32g4xx_it.o(i.HardFault_Handler)
    Hardware_Init                            0x08003345   Thumb Code    52  app.o(i.Hardware_Init)
    LCD_BusIn                                0x08003389   Thumb Code    40  lcd.o(i.LCD_BusIn)
    LCD_BusOut                               0x080033b5   Thumb Code    42  lcd.o(i.LCD_BusOut)
    LCD_Clear                                0x080033e5   Thumb Code    36  lcd.o(i.LCD_Clear)
    LCD_CtrlLinesConfig                      0x08003409   Thumb Code   134  lcd.o(i.LCD_CtrlLinesConfig)
    LCD_DisplayChar                          0x08003499   Thumb Code    18  lcd.o(i.LCD_DisplayChar)
    LCD_DrawChar                             0x080034b1   Thumb Code    84  lcd.o(i.LCD_DrawChar)
    LCD_Init                                 0x08003509   Thumb Code    46  lcd.o(i.LCD_Init)
    LCD_ReadReg                              0x0800353d   Thumb Code   120  lcd.o(i.LCD_ReadReg)
    LCD_SetBackColor                         0x080035bd   Thumb Code    12  lcd.o(i.LCD_SetBackColor)
    LCD_SetCursor                            0x080035cd   Thumb Code    24  lcd.o(i.LCD_SetCursor)
    LCD_SetTextColor                         0x080035e5   Thumb Code    12  lcd.o(i.LCD_SetTextColor)
    LCD_StringLine                           0x080035f5   Thumb Code    54  app.o(i.LCD_StringLine)
    LCD_WriteRAM                             0x0800362d   Thumb Code    80  lcd.o(i.LCD_WriteRAM)
    LCD_WriteRAM_Prepare                     0x08003685   Thumb Code    82  lcd.o(i.LCD_WriteRAM_Prepare)
    LCD_WriteReg                             0x080036e1   Thumb Code   100  lcd.o(i.LCD_WriteReg)
    LedTask                                  0x0800379f   Thumb Code     8  main.o(i.LedTask)
    LedWirte                                 0x080037a9   Thumb Code    70  led.o(i.LedWirte)
    MemManage_Handler                        0x08003b41   Thumb Code     2  stm32g4xx_it.o(i.MemManage_Handler)
    NMI_Handler                              0x08003b43   Thumb Code     2  stm32g4xx_it.o(i.NMI_Handler)
    PwmTask                                  0x08003b45   Thumb Code    82  pwm.o(i.PwmTask)
    PwmTest                                  0x08003bad   Thumb Code    26  pwm.o(i.PwmTest)
    REG_8230_Init                            0x08003be9   Thumb Code   274  lcd.o(i.REG_8230_Init)
    REG_932X_Init                            0x08003cfb   Thumb Code   514  lcd.o(i.REG_932X_Init)
    StartDefaultTask                         0x08003efd   Thumb Code    14  main.o(i.StartDefaultTask)
    SysTick_Handler                          0x08003f0b   Thumb Code    26  cmsis_os2.o(i.SysTick_Handler)
    SystemClock_Config                       0x08003f25   Thumb Code   102  main.o(i.SystemClock_Config)
    SystemInit                               0x08003f8d   Thumb Code    12  system_stm32g4xx.o(i.SystemInit)
    TIM1_UP_TIM16_IRQHandler                 0x08003f9d   Thumb Code     6  stm32g4xx_it.o(i.TIM1_UP_TIM16_IRQHandler)
    TIM7_IRQHandler                          0x08003fa9   Thumb Code     6  stm32g4xx_it.o(i.TIM7_IRQHandler)
    TIM_Base_SetConfig                       0x08003fb5   Thumb Code   160  stm32g4xx_hal_tim.o(i.TIM_Base_SetConfig)
    TIM_CCxChannelCmd                        0x08004071   Thumb Code    26  stm32g4xx_hal_tim.o(i.TIM_CCxChannelCmd)
    TIM_ETR_SetConfig                        0x0800408b   Thumb Code    20  stm32g4xx_hal_tim.o(i.TIM_ETR_SetConfig)
    TIM_OC2_SetConfig                        0x0800413d   Thumb Code   120  stm32g4xx_hal_tim.o(i.TIM_OC2_SetConfig)
    TIM_TI1_SetConfig                        0x080044c1   Thumb Code    88  stm32g4xx_hal_tim.o(i.TIM_TI1_SetConfig)
    UART_AdvFeatureConfig                    0x080045cd   Thumb Code   200  stm32g4xx_hal_uart.o(i.UART_AdvFeatureConfig)
    UART_CheckIdleState                      0x08004695   Thumb Code   172  stm32g4xx_hal_uart.o(i.UART_CheckIdleState)
    UART_SetConfig                           0x08004d09   Thumb Code   582  stm32g4xx_hal_uart.o(i.UART_SetConfig)
    UART_Start_Receive_IT                    0x08004f7d   Thumb Code   256  stm32g4xx_hal_uart.o(i.UART_Start_Receive_IT)
    UART_WaitOnFlagUntilTimeout              0x0800508d   Thumb Code   148  stm32g4xx_hal_uart.o(i.UART_WaitOnFlagUntilTimeout)
    USART1_IRQHandler                        0x08005121   Thumb Code     6  stm32g4xx_it.o(i.USART1_IRQHandler)
    UartCallback                             0x0800512d   Thumb Code    52  uart.o(i.UartCallback)
    UsageFault_Handler                       0x0800516d   Thumb Code     2  stm32g4xx_it.o(i.UsageFault_Handler)
    UsartTask                                0x08005171   Thumb Code    82  uart.o(i.UsartTask)
    __0printf$5                              0x080051ed   Thumb Code    22  printf5.o(i.__0printf$5)
    __1printf$5                              0x080051ed   Thumb Code     0  printf5.o(i.__0printf$5)
    __2printf                                0x080051ed   Thumb Code     0  printf5.o(i.__0printf$5)
    __scatterload_copy                       0x0800522d   Thumb Code    14  handlers.o(i.__scatterload_copy)
    __scatterload_null                       0x0800523b   Thumb Code     2  handlers.o(i.__scatterload_null)
    __scatterload_zeroinit                   0x0800523d   Thumb Code    14  handlers.o(i.__scatterload_zeroinit)
    app                                      0x0800550d   Thumb Code    30  app.o(i.app)
    fputc                                    0x08005545   Thumb Code    18  app.o(i.fputc)
    main                                     0x0800555d   Thumb Code   264  main.o(i.main)
    osDelay                                  0x08005691   Thumb Code    26  cmsis_os2.o(i.osDelay)
    osKernelInitialize                       0x080056ad   Thumb Code    32  cmsis_os2.o(i.osKernelInitialize)
    osKernelStart                            0x080056d1   Thumb Code    48  cmsis_os2.o(i.osKernelStart)
    osMessageQueueGet                        0x08005709   Thumb Code    96  cmsis_os2.o(i.osMessageQueueGet)
    osMessageQueueNew                        0x0800576d   Thumb Code    88  cmsis_os2.o(i.osMessageQueueNew)
    osMessageQueuePut                        0x080057c5   Thumb Code   100  cmsis_os2.o(i.osMessageQueuePut)
    osSemaphoreAcquire                       0x0800582d   Thumb Code    88  cmsis_os2.o(i.osSemaphoreAcquire)
    osSemaphoreNew                           0x08005889   Thumb Code   152  cmsis_os2.o(i.osSemaphoreNew)
    osSemaphoreRelease                       0x08005921   Thumb Code    82  cmsis_os2.o(i.osSemaphoreRelease)
    osThreadExit                             0x08005979   Thumb Code     8  cmsis_os2.o(i.osThreadExit)
    osThreadNew                              0x08005981   Thumb Code   138  cmsis_os2.o(i.osThreadNew)
    pvPortMalloc                             0x080061a1   Thumb Code   216  heap_4.o(i.pvPortMalloc)
    pvTaskIncrementMutexHeldCount            0x0800627d   Thumb Code    18  tasks.o(i.pvTaskIncrementMutexHeldCount)
    pxPortInitialiseStack                    0x08006295   Thumb Code    40  port.o(i.pxPortInitialiseStack)
    uxListRemove                             0x080062c1   Thumb Code    38  list.o(i.uxListRemove)
    vApplicationGetIdleTaskMemory            0x080062e9   Thumb Code    16  cmsis_os2.o(i.vApplicationGetIdleTaskMemory)
    vApplicationGetTimerTaskMemory           0x080062fd   Thumb Code    18  cmsis_os2.o(i.vApplicationGetTimerTaskMemory)
    vListInitialise                          0x08006315   Thumb Code    22  list.o(i.vListInitialise)
    vListInitialiseItem                      0x0800632b   Thumb Code     6  list.o(i.vListInitialiseItem)
    vListInsert                              0x08006331   Thumb Code    48  list.o(i.vListInsert)
    vListInsertEnd                           0x08006361   Thumb Code    24  list.o(i.vListInsertEnd)
    vPortEnterCritical                       0x08006379   Thumb Code    54  port.o(i.vPortEnterCritical)
    vPortExitCritical                        0x080063b9   Thumb Code    34  port.o(i.vPortExitCritical)
    vPortFree                                0x080063e1   Thumb Code    94  heap_4.o(i.vPortFree)
    vPortSetupTimerInterrupt                 0x08006445   Thumb Code    32  port.o(i.vPortSetupTimerInterrupt)
    vPortValidateInterruptPriority           0x08006469   Thumb Code    74  port.o(i.vPortValidateInterruptPriority)
    vQueueAddToRegistry                      0x080064bd   Thumb Code    34  queue.o(i.vQueueAddToRegistry)
    vQueueDelete                             0x080064e5   Thumb Code    46  queue.o(i.vQueueDelete)
    vQueueUnregisterQueue                    0x08006515   Thumb Code    36  queue.o(i.vQueueUnregisterQueue)
    vQueueWaitForMessageRestricted           0x0800653d   Thumb Code    68  queue.o(i.vQueueWaitForMessageRestricted)
    vTaskDelay                               0x08006581   Thumb Code    66  tasks.o(i.vTaskDelay)
    vTaskDelete                              0x080065cd   Thumb Code   130  tasks.o(i.vTaskDelete)
    vTaskInternalSetTimeOutState             0x0800665d   Thumb Code    12  tasks.o(i.vTaskInternalSetTimeOutState)
    vTaskMissedYield                         0x0800666d   Thumb Code     8  tasks.o(i.vTaskMissedYield)
    vTaskPlaceOnEventList                    0x08006679   Thumb Code    44  tasks.o(i.vTaskPlaceOnEventList)
    vTaskPlaceOnEventListRestricted          0x080066a9   Thumb Code    52  tasks.o(i.vTaskPlaceOnEventListRestricted)
    vTaskPriorityDisinheritAfterTimeout      0x080066e1   Thumb Code   134  tasks.o(i.vTaskPriorityDisinheritAfterTimeout)
    vTaskStartScheduler                      0x08006771   Thumb Code   118  tasks.o(i.vTaskStartScheduler)
    vTaskSuspendAll                          0x080067f9   Thumb Code    10  tasks.o(i.vTaskSuspendAll)
    vTaskSwitchContext                       0x08006809   Thumb Code    90  tasks.o(i.vTaskSwitchContext)
    xPortGetFreeHeapSize                     0x0800686d   Thumb Code     6  heap_4.o(i.xPortGetFreeHeapSize)
    xPortStartScheduler                      0x08006879   Thumb Code   222  port.o(i.xPortStartScheduler)
    xPortSysTickHandler                      0x0800696d   Thumb Code    38  port.o(i.xPortSysTickHandler)
    xQueueCreateCountingSemaphore            0x08006999   Thumb Code    58  queue.o(i.xQueueCreateCountingSemaphore)
    xQueueCreateCountingSemaphoreStatic      0x080069d3   Thumb Code    64  queue.o(i.xQueueCreateCountingSemaphoreStatic)
    xQueueGenericCreate                      0x08006a13   Thumb Code    66  queue.o(i.xQueueGenericCreate)
    xQueueGenericCreateStatic                0x08006a55   Thumb Code   102  queue.o(i.xQueueGenericCreateStatic)
    xQueueGenericReset                       0x08006abd   Thumb Code   132  queue.o(i.xQueueGenericReset)
    xQueueGenericSend                        0x08006b45   Thumb Code   346  queue.o(i.xQueueGenericSend)
    xQueueGenericSendFromISR                 0x08006ca5   Thumb Code   190  queue.o(i.xQueueGenericSendFromISR)
    xQueueGiveFromISR                        0x08006d63   Thumb Code   156  queue.o(i.xQueueGiveFromISR)
    xQueueReceive                            0x08006e01   Thumb Code   308  queue.o(i.xQueueReceive)
    xQueueReceiveFromISR                     0x08006f39   Thumb Code   154  queue.o(i.xQueueReceiveFromISR)
    xQueueSemaphoreTake                      0x08006fd5   Thumb Code   372  queue.o(i.xQueueSemaphoreTake)
    xTaskCheckForTimeOut                     0x0800714d   Thumb Code   112  tasks.o(i.xTaskCheckForTimeOut)
    xTaskCreate                              0x080071c1   Thumb Code    90  tasks.o(i.xTaskCreate)
    xTaskCreateStatic                        0x0800721b   Thumb Code    86  tasks.o(i.xTaskCreateStatic)
    xTaskGetSchedulerState                   0x08007271   Thumb Code    22  tasks.o(i.xTaskGetSchedulerState)
    xTaskGetTickCount                        0x0800728d   Thumb Code     6  tasks.o(i.xTaskGetTickCount)
    xTaskIncrementTick                       0x08007299   Thumb Code   192  tasks.o(i.xTaskIncrementTick)
    xTaskPriorityDisinherit                  0x08007361   Thumb Code   118  tasks.o(i.xTaskPriorityDisinherit)
    xTaskPriorityInherit                     0x080073e1   Thumb Code   112  tasks.o(i.xTaskPriorityInherit)
    xTaskRemoveFromEventList                 0x08007459   Thumb Code    98  tasks.o(i.xTaskRemoveFromEventList)
    xTaskResumeAll                           0x080074c9   Thumb Code   182  tasks.o(i.xTaskResumeAll)
    xTimerCreateTimerTask                    0x0800758d   Thumb Code    78  timers.o(i.xTimerCreateTimerTask)
    xTimerGenericCommand                     0x080075ed   Thumb Code    98  timers.o(i.xTimerGenericCommand)
    defaultTask_attributes                   0x08007654   Data          36  main.o(.constdata)
    uart_attributes                          0x08007678   Data          36  main.o(.constdata)
    adc_attributes                           0x0800769c   Data          36  main.o(.constdata)
    led_attributes                           0x080076c0   Data          36  main.o(.constdata)
    freq_attributes                          0x080076e4   Data          36  main.o(.constdata)
    pwm_attributes                           0x08007708   Data          36  main.o(.constdata)
    pwmQueue_attributes                      0x0800772c   Data          24  main.o(.constdata)
    uartBinarySem_attributes                 0x08007744   Data          16  main.o(.constdata)
    UARTPrescTable                           0x08007754   Data          24  stm32g4xx_hal_uart.o(.constdata)
    AHBPrescTable                            0x0800777c   Data          16  system_stm32g4xx.o(.constdata)
    APBPrescTable                            0x0800778c   Data           8  system_stm32g4xx.o(.constdata)
    pwmTestTask_attributes                   0x08007794   Data          36  pwm.o(.constdata)
    ASCII_Table                              0x080077b8   Data        4560  lcd.o(.constdata)
    Region$$Table$$Base                      0x080089d8   Number         0  anon$$obj.o(Region$$Table)
    Region$$Table$$Limit                     0x080089f8   Number         0  anon$$obj.o(Region$$Table)
    defaultTaskHandle                        0x20000000   Data           4  main.o(.data)
    uartHandle                               0x20000004   Data           4  main.o(.data)
    adcHandle                                0x20000008   Data           4  main.o(.data)
    ledHandle                                0x2000000c   Data           4  main.o(.data)
    freqHandle                               0x20000010   Data           4  main.o(.data)
    pwmHandle                                0x20000014   Data           4  main.o(.data)
    pwmQueueHandle                           0x20000018   Data           4  main.o(.data)
    uartBinarySemHandle                      0x2000001c   Data           4  main.o(.data)
    uwTickPrio                               0x20000024   Data           4  stm32g4xx_hal.o(.data)
    uwTickFreq                               0x20000028   Data           4  stm32g4xx_hal.o(.data)
    uwTick                                   0x2000002c   Data           4  stm32g4xx_hal.o(.data)
    SystemCoreClock                          0x20000030   Data           4  system_stm32g4xx.o(.data)
    pxCurrentTCB                             0x20000034   Data           4  tasks.o(.data)
    adc1_v                                   0x200000b8   Data           8  adc.o(.data)
    adc2_v                                   0x200000c0   Data           8  adc.o(.data)
    tim7count                                0x200000cc   Data           1  uart.o(.data)
    dummy                                    0x200000d8   Data           2  lcd.o(.data)
    __stdout                                 0x200000dc   Data           4  stdout.o(.data)
    hadc1                                    0x200000e0   Data         108  main.o(.bss)
    hadc2                                    0x2000014c   Data         108  main.o(.bss)
    htim2                                    0x200001b8   Data          76  main.o(.bss)
    htim3                                    0x20000204   Data          76  main.o(.bss)
    htim4                                    0x20000250   Data          76  main.o(.bss)
    htim7                                    0x2000029c   Data          76  main.o(.bss)
    huart1                                   0x200002e8   Data         148  main.o(.bss)
    htim16                                   0x2000037c   Data          76  stm32g4xx_hal_timebase_tim.o(.bss)
    xQueueRegistry                           0x200003c8   Data          64  queue.o(.bss)
    tim2Ch1                                  0x2000391c   Data          12  freq.o(.bss)
    tim3Ch1                                  0x20003928   Data          12  freq.o(.bss)
    __initial_sp                             0x20003d38   Data           0  startup_stm32g431xx.o(STACK)



==============================================================================

Memory Map of the image

  Image Entry point : 0x080001d9

  Load Region LR_IROM1 (Base: 0x08000000, Size: 0x00008ad8, Max: 0x00020000, ABSOLUTE)

    Execution Region ER_IROM1 (Exec base: 0x08000000, Load base: 0x08000000, Size: 0x000089f8, Max: 0x00020000, ABSOLUTE)

    Exec Addr    Load Addr    Size         Type   Attr      Idx    E Section Name        Object

    0x08000000   0x08000000   0x000001d8   Data   RO            3    RESET               startup_stm32g431xx.o
    0x080001d8   0x080001d8   0x00000000   Code   RO         6343  * .ARM.Collect$$$$00000000  mc_w.l(entry.o)
    0x080001d8   0x080001d8   0x00000004   Code   RO         6621    .ARM.Collect$$$$00000001  mc_w.l(entry2.o)
    0x080001dc   0x080001dc   0x00000004   Code   RO         6624    .ARM.Collect$$$$00000004  mc_w.l(entry5.o)
    0x080001e0   0x080001e0   0x00000000   Code   RO         6626    .ARM.Collect$$$$00000008  mc_w.l(entry7b.o)
    0x080001e0   0x080001e0   0x00000000   Code   RO         6628    .ARM.Collect$$$$0000000A  mc_w.l(entry8b.o)
    0x080001e0   0x080001e0   0x00000008   Code   RO         6629    .ARM.Collect$$$$0000000B  mc_w.l(entry9a.o)
    0x080001e8   0x080001e8   0x00000000   Code   RO         6631    .ARM.Collect$$$$0000000D  mc_w.l(entry10a.o)
    0x080001e8   0x080001e8   0x00000000   Code   RO         6633    .ARM.Collect$$$$0000000F  mc_w.l(entry11a.o)
    0x080001e8   0x080001e8   0x00000004   Code   RO         6622    .ARM.Collect$$$$00002712  mc_w.l(entry2.o)
    0x080001ec   0x080001ec   0x000000be   Code   RO         5831    .emb_text           port.o
    0x080002aa   0x080002aa   0x00000002   PAD
    0x080002ac   0x080002ac   0x00000024   Code   RO            4    .text               startup_stm32g431xx.o
    0x080002d0   0x080002d0   0x00000062   Code   RO         6346    .text               mc_w.l(uldiv.o)
    0x08000332   0x08000332   0x00000024   Code   RO         6348    .text               mc_w.l(memcpya.o)
    0x08000356   0x08000356   0x00000024   Code   RO         6352    .text               mc_w.l(memseta.o)
    0x0800037a   0x0800037a   0x000000e4   Code   RO         6617    .text               mf_w.l(dmul.o)
    0x0800045e   0x0800045e   0x0000001a   Code   RO         6619    .text               mf_w.l(dfltui.o)
    0x08000478   0x08000478   0x0000001e   Code   RO         6638    .text               mc_w.l(llshl.o)
    0x08000496   0x08000496   0x00000020   Code   RO         6640    .text               mc_w.l(llushr.o)
    0x080004b6   0x080004b6   0x00000000   Code   RO         6642    .text               mc_w.l(iusefp.o)
    0x080004b6   0x080004b6   0x000000ba   Code   RO         6643    .text               mf_w.l(depilogue.o)
    0x08000570   0x08000570   0x00000024   Code   RO         6653    .text               mc_w.l(init.o)
    0x08000594   0x08000594   0x00000070   Code   RO          496    i.ADC_Disable       stm32g4xx_hal_adc.o
    0x08000604   0x08000604   0x000000ac   Code   RO          497    i.ADC_Enable        stm32g4xx_hal_adc.o
    0x080006b0   0x080006b0   0x00000098   Code   RO         5911    i.AdcTask           adc.o
    0x08000748   0x08000748   0x00000002   Code   RO          297    i.BusFault_Handler  stm32g4xx_it.o
    0x0800074a   0x0800074a   0x00000002   Code   RO          298    i.DebugMon_Handler  stm32g4xx_it.o
    0x0800074c   0x0800074c   0x0000001c   Code   RO         6137    i.Delay_LCD         lcd.o
    0x08000768   0x08000768   0x00000004   Code   RO           14    i.Error_Handler     main.o
    0x0800076c   0x0800076c   0x00000108   Code   RO         6074    i.FreqTask          freq.o
    0x08000874   0x08000874   0x000000f4   Code   RO         5946    i.GPIO_Init         app.o
    0x08000968   0x08000968   0x00000094   Code   RO          730    i.HAL_ADCEx_Calibration_Start  stm32g4xx_hal_adc_ex.o
    0x080009fc   0x080009fc   0x000000d8   Code   RO          747    i.HAL_ADCEx_MultiModeConfigChannel  stm32g4xx_hal_adc_ex.o
    0x08000ad4   0x08000ad4   0x00000424   Code   RO          499    i.HAL_ADC_ConfigChannel  stm32g4xx_hal_adc.o
    0x08000ef8   0x08000ef8   0x00000006   Code   RO          506    i.HAL_ADC_GetValue  stm32g4xx_hal_adc.o
    0x08000efe   0x08000efe   0x00000002   PAD
    0x08000f00   0x08000f00   0x000001f4   Code   RO          508    i.HAL_ADC_Init      stm32g4xx_hal_adc.o
    0x080010f4   0x080010f4   0x000000e4   Code   RO          374    i.HAL_ADC_MspInit   stm32g4xx_hal_msp.o
    0x080011d8   0x080011d8   0x000000f4   Code   RO          514    i.HAL_ADC_Start     stm32g4xx_hal_adc.o
    0x080012cc   0x080012cc   0x0000006a   Code   RO         1793    i.HAL_DMA_Abort     stm32g4xx_hal_dma.o
    0x08001336   0x08001336   0x00000078   Code   RO         1794    i.HAL_DMA_Abort_IT  stm32g4xx_hal_dma.o
    0x080013ae   0x080013ae   0x00000002   PAD
    0x080013b0   0x080013b0   0x00000024   Code   RO          946    i.HAL_Delay         stm32g4xx_hal.o
    0x080013d4   0x080013d4   0x00000248   Code   RO         1655    i.HAL_GPIO_Init     stm32g4xx_hal_gpio.o
    0x0800161c   0x0800161c   0x0000000a   Code   RO         1659    i.HAL_GPIO_WritePin  stm32g4xx_hal_gpio.o
    0x08001626   0x08001626   0x00000002   PAD
    0x08001628   0x08001628   0x0000000c   Code   RO          950    i.HAL_GetTick       stm32g4xx_hal.o
    0x08001634   0x08001634   0x00000010   Code   RO          956    i.HAL_IncTick       stm32g4xx_hal.o
    0x08001644   0x08001644   0x0000001e   Code   RO          957    i.HAL_Init          stm32g4xx_hal.o
    0x08001662   0x08001662   0x00000002   PAD
    0x08001664   0x08001664   0x00000088   Code   RO          453    i.HAL_InitTick      stm32g4xx_hal_timebase_tim.o
    0x080016ec   0x080016ec   0x0000003c   Code   RO          375    i.HAL_MspInit       stm32g4xx_hal_msp.o
    0x08001728   0x08001728   0x0000001a   Code   RO         2302    i.HAL_NVIC_EnableIRQ  stm32g4xx_hal_cortex.o
    0x08001742   0x08001742   0x00000002   PAD
    0x08001744   0x08001744   0x00000040   Code   RO         2308    i.HAL_NVIC_SetPriority  stm32g4xx_hal_cortex.o
    0x08001784   0x08001784   0x00000024   Code   RO         2309    i.HAL_NVIC_SetPriorityGrouping  stm32g4xx_hal_cortex.o
    0x080017a8   0x080017a8   0x000000bc   Code   RO         2058    i.HAL_PWREx_ControlVoltageScaling  stm32g4xx_hal_pwr_ex.o
    0x08001864   0x08001864   0x00000010   Code   RO         2070    i.HAL_PWREx_DisableUCPDDeadBattery  stm32g4xx_hal_pwr_ex.o
    0x08001874   0x08001874   0x00000288   Code   RO         1317    i.HAL_RCCEx_PeriphCLKConfig  stm32g4xx_hal_rcc_ex.o
    0x08001afc   0x08001afc   0x000001dc   Code   RO         1192    i.HAL_RCC_ClockConfig  stm32g4xx_hal_rcc.o
    0x08001cd8   0x08001cd8   0x00000040   Code   RO         1197    i.HAL_RCC_GetClockConfig  stm32g4xx_hal_rcc.o
    0x08001d18   0x08001d18   0x00000024   Code   RO         1200    i.HAL_RCC_GetPCLK1Freq  stm32g4xx_hal_rcc.o
    0x08001d3c   0x08001d3c   0x00000024   Code   RO         1201    i.HAL_RCC_GetPCLK2Freq  stm32g4xx_hal_rcc.o
    0x08001d60   0x08001d60   0x00000070   Code   RO         1202    i.HAL_RCC_GetSysClockFreq  stm32g4xx_hal_rcc.o
    0x08001dd0   0x08001dd0   0x00000404   Code   RO         1205    i.HAL_RCC_OscConfig  stm32g4xx_hal_rcc.o
    0x080021d4   0x080021d4   0x00000002   Code   RO         3148    i.HAL_TIMEx_Break2Callback  stm32g4xx_hal_tim_ex.o
    0x080021d6   0x080021d6   0x00000002   Code   RO         3149    i.HAL_TIMEx_BreakCallback  stm32g4xx_hal_tim_ex.o
    0x080021d8   0x080021d8   0x00000002   Code   RO         3150    i.HAL_TIMEx_CommutCallback  stm32g4xx_hal_tim_ex.o
    0x080021da   0x080021da   0x00000002   Code   RO         3161    i.HAL_TIMEx_DirectionChangeCallback  stm32g4xx_hal_tim_ex.o
    0x080021dc   0x080021dc   0x00000002   Code   RO         3175    i.HAL_TIMEx_EncoderIndexCallback  stm32g4xx_hal_tim_ex.o
    0x080021de   0x080021de   0x00000002   Code   RO         3189    i.HAL_TIMEx_IndexErrorCallback  stm32g4xx_hal_tim_ex.o
    0x080021e0   0x080021e0   0x0000009c   Code   RO         3190    i.HAL_TIMEx_MasterConfigSynchronization  stm32g4xx_hal_tim_ex.o
    0x0800227c   0x0800227c   0x00000002   Code   RO         3211    i.HAL_TIMEx_TransitionErrorCallback  stm32g4xx_hal_tim_ex.o
    0x0800227e   0x0800227e   0x00000062   Code   RO         2434    i.HAL_TIM_Base_Init  stm32g4xx_hal_tim.o
    0x080022e0   0x080022e0   0x000000c8   Code   RO          377    i.HAL_TIM_Base_MspInit  stm32g4xx_hal_msp.o
    0x080023a8   0x080023a8   0x0000006c   Code   RO         2437    i.HAL_TIM_Base_Start  stm32g4xx_hal_tim.o
    0x08002414   0x08002414   0x00000078   Code   RO         2439    i.HAL_TIM_Base_Start_IT  stm32g4xx_hal_tim.o
    0x0800248c   0x0800248c   0x00000030   Code   RO         2442    i.HAL_TIM_Base_Stop_IT  stm32g4xx_hal_tim.o
    0x080024bc   0x080024bc   0x00000002   Code   RO         2468    i.HAL_TIM_IC_CaptureCallback  stm32g4xx_hal_tim.o
    0x080024be   0x080024be   0x00000124   Code   RO         2470    i.HAL_TIM_IC_ConfigChannel  stm32g4xx_hal_tim.o
    0x080025e2   0x080025e2   0x00000006   Code   RO         2472    i.HAL_TIM_IC_GetState  stm32g4xx_hal_tim.o
    0x080025e8   0x080025e8   0x00000062   Code   RO         2473    i.HAL_TIM_IC_Init   stm32g4xx_hal_tim.o
    0x0800264a   0x0800264a   0x00000002   Code   RO         2475    i.HAL_TIM_IC_MspInit  stm32g4xx_hal_tim.o
    0x0800264c   0x0800264c   0x00000104   Code   RO         2476    i.HAL_TIM_IC_Start  stm32g4xx_hal_tim.o
    0x08002750   0x08002750   0x000001a2   Code   RO         2482    i.HAL_TIM_IRQHandler  stm32g4xx_hal_tim.o
    0x080028f2   0x080028f2   0x00000002   PAD
    0x080028f4   0x080028f4   0x00000054   Code   RO          378    i.HAL_TIM_MspPostInit  stm32g4xx_hal_msp.o
    0x08002948   0x08002948   0x00000002   Code   RO         2485    i.HAL_TIM_OC_DelayElapsedCallback  stm32g4xx_hal_tim.o
    0x0800294a   0x0800294a   0x00000124   Code   RO         2506    i.HAL_TIM_PWM_ConfigChannel  stm32g4xx_hal_tim.o
    0x08002a6e   0x08002a6e   0x00000062   Code   RO         2509    i.HAL_TIM_PWM_Init  stm32g4xx_hal_tim.o
    0x08002ad0   0x08002ad0   0x00000028   Code   RO          380    i.HAL_TIM_PWM_MspInit  stm32g4xx_hal_msp.o
    0x08002af8   0x08002af8   0x00000002   Code   RO         2512    i.HAL_TIM_PWM_PulseFinishedCallback  stm32g4xx_hal_tim.o
    0x08002afa   0x08002afa   0x00000002   PAD
    0x08002afc   0x08002afc   0x000000fc   Code   RO         2514    i.HAL_TIM_PWM_Start  stm32g4xx_hal_tim.o
    0x08002bf8   0x08002bf8   0x0000002c   Code   RO           16    i.HAL_TIM_PeriodElapsedCallback  main.o
    0x08002c24   0x08002c24   0x0000002a   Code   RO         2522    i.HAL_TIM_ReadCapturedValue  stm32g4xx_hal_tim.o
    0x08002c4e   0x08002c4e   0x00000056   Code   RO         2523    i.HAL_TIM_SlaveConfigSynchro  stm32g4xx_hal_tim.o
    0x08002ca4   0x08002ca4   0x00000002   Code   RO         2525    i.HAL_TIM_TriggerCallback  stm32g4xx_hal_tim.o
    0x08002ca6   0x08002ca6   0x0000003e   Code   RO         3997    i.HAL_UARTEx_DisableFifoMode  stm32g4xx_hal_uart_ex.o
    0x08002ce4   0x08002ce4   0x00000002   Code   RO         3586    i.HAL_UARTEx_RxEventCallback  stm32g4xx_hal_uart.o
    0x08002ce6   0x08002ce6   0x00000002   Code   RO         4005    i.HAL_UARTEx_RxFifoFullCallback  stm32g4xx_hal_uart_ex.o
    0x08002ce8   0x08002ce8   0x0000004c   Code   RO         4006    i.HAL_UARTEx_SetRxFifoThreshold  stm32g4xx_hal_uart_ex.o
    0x08002d34   0x08002d34   0x0000004c   Code   RO         4007    i.HAL_UARTEx_SetTxFifoThreshold  stm32g4xx_hal_uart_ex.o
    0x08002d80   0x08002d80   0x00000002   Code   RO         4009    i.HAL_UARTEx_TxFifoEmptyCallback  stm32g4xx_hal_uart_ex.o
    0x08002d82   0x08002d82   0x00000002   Code   RO         4010    i.HAL_UARTEx_WakeupCallback  stm32g4xx_hal_uart_ex.o
    0x08002d84   0x08002d84   0x00000002   Code   RO         3588    i.HAL_UART_AbortCpltCallback  stm32g4xx_hal_uart.o
    0x08002d86   0x08002d86   0x00000002   PAD
    0x08002d88   0x08002d88   0x00000124   Code   RO         3595    i.HAL_UART_Abort_IT  stm32g4xx_hal_uart.o
    0x08002eac   0x08002eac   0x00000002   Code   RO         3602    i.HAL_UART_ErrorCallback  stm32g4xx_hal_uart.o
    0x08002eae   0x08002eae   0x00000002   PAD
    0x08002eb0   0x08002eb0   0x0000030c   Code   RO         3605    i.HAL_UART_IRQHandler  stm32g4xx_hal_uart.o
    0x080031bc   0x080031bc   0x0000006a   Code   RO         3606    i.HAL_UART_Init     stm32g4xx_hal_uart.o
    0x08003226   0x08003226   0x00000002   PAD
    0x08003228   0x08003228   0x0000008c   Code   RO          382    i.HAL_UART_MspInit  stm32g4xx_hal_msp.o
    0x080032b4   0x080032b4   0x00000048   Code   RO         3611    i.HAL_UART_Receive_IT  stm32g4xx_hal_uart.o
    0x080032fc   0x080032fc   0x00000044   Code   RO         6031    i.HAL_UART_RxCpltCallback  uart.o
    0x08003340   0x08003340   0x00000002   Code   RO         3618    i.HAL_UART_TxCpltCallback  stm32g4xx_hal_uart.o
    0x08003342   0x08003342   0x00000002   Code   RO          299    i.HardFault_Handler  stm32g4xx_it.o
    0x08003344   0x08003344   0x00000044   Code   RO         5947    i.Hardware_Init     app.o
    0x08003388   0x08003388   0x0000002c   Code   RO         6138    i.LCD_BusIn         lcd.o
    0x080033b4   0x080033b4   0x00000030   Code   RO         6139    i.LCD_BusOut        lcd.o
    0x080033e4   0x080033e4   0x00000024   Code   RO         6140    i.LCD_Clear         lcd.o
    0x08003408   0x08003408   0x00000090   Code   RO         6142    i.LCD_CtrlLinesConfig  lcd.o
    0x08003498   0x08003498   0x00000018   Code   RO         6143    i.LCD_DisplayChar   lcd.o
    0x080034b0   0x080034b0   0x00000058   Code   RO         6147    i.LCD_DrawChar      lcd.o
    0x08003508   0x08003508   0x00000034   Code   RO         6153    i.LCD_Init          lcd.o
    0x0800353c   0x0800353c   0x00000080   Code   RO         6156    i.LCD_ReadReg       lcd.o
    0x080035bc   0x080035bc   0x00000010   Code   RO         6157    i.LCD_SetBackColor  lcd.o
    0x080035cc   0x080035cc   0x00000018   Code   RO         6158    i.LCD_SetCursor     lcd.o
    0x080035e4   0x080035e4   0x00000010   Code   RO         6160    i.LCD_SetTextColor  lcd.o
    0x080035f4   0x080035f4   0x00000036   Code   RO         5948    i.LCD_StringLine    app.o
    0x0800362a   0x0800362a   0x00000002   PAD
    0x0800362c   0x0800362c   0x00000058   Code   RO         6163    i.LCD_WriteRAM      lcd.o
    0x08003684   0x08003684   0x0000005c   Code   RO         6164    i.LCD_WriteRAM_Prepare  lcd.o
    0x080036e0   0x080036e0   0x0000006c   Code   RO         6165    i.LCD_WriteReg      lcd.o
    0x0800374c   0x0800374c   0x0000000c   Code   RO          522    i.LL_ADC_GetOffsetChannel  stm32g4xx_hal_adc.o
    0x08003758   0x08003758   0x00000008   Code   RO          523    i.LL_ADC_INJ_IsConversionOngoing  stm32g4xx_hal_adc.o
    0x08003760   0x08003760   0x00000008   Code   RO          524    i.LL_ADC_REG_IsConversionOngoing  stm32g4xx_hal_adc.o
    0x08003768   0x08003768   0x00000008   Code   RO          757    i.LL_ADC_REG_IsConversionOngoing  stm32g4xx_hal_adc_ex.o
    0x08003770   0x08003770   0x0000001e   Code   RO          527    i.LL_ADC_SetChannelSamplingTime  stm32g4xx_hal_adc.o
    0x0800378e   0x0800378e   0x00000010   Code   RO          528    i.LL_ADC_SetOffsetState  stm32g4xx_hal_adc.o
    0x0800379e   0x0800379e   0x00000008   Code   RO           17    i.LedTask           main.o
    0x080037a6   0x080037a6   0x00000002   PAD
    0x080037a8   0x080037a8   0x00000070   Code   RO         6000    i.LedWirte          led.o
    0x08003818   0x08003818   0x00000094   Code   RO           18    i.MX_ADC1_Init      main.o
    0x080038ac   0x080038ac   0x0000007c   Code   RO           19    i.MX_ADC2_Init      main.o
    0x08003928   0x08003928   0x0000009c   Code   RO           20    i.MX_TIM2_Init      main.o
    0x080039c4   0x080039c4   0x000000a0   Code   RO           21    i.MX_TIM3_Init      main.o
    0x08003a64   0x08003a64   0x00000078   Code   RO           22    i.MX_TIM4_Init      main.o
    0x08003adc   0x08003adc   0x00000064   Code   RO           23    i.MX_USART1_UART_Init  main.o
    0x08003b40   0x08003b40   0x00000002   Code   RO          300    i.MemManage_Handler  stm32g4xx_it.o
    0x08003b42   0x08003b42   0x00000002   Code   RO          301    i.NMI_Handler       stm32g4xx_it.o
    0x08003b44   0x08003b44   0x00000068   Code   RO         6103    i.PwmTask           pwm.o
    0x08003bac   0x08003bac   0x0000003c   Code   RO         6104    i.PwmTest           pwm.o
    0x08003be8   0x08003be8   0x00000112   Code   RO         6166    i.REG_8230_Init     lcd.o
    0x08003cfa   0x08003cfa   0x00000202   Code   RO         6167    i.REG_932X_Init     lcd.o
    0x08003efc   0x08003efc   0x0000000e   Code   RO           25    i.StartDefaultTask  main.o
    0x08003f0a   0x08003f0a   0x0000001a   Code   RO         5263    i.SysTick_Handler   cmsis_os2.o
    0x08003f24   0x08003f24   0x00000066   Code   RO           26    i.SystemClock_Config  main.o
    0x08003f8a   0x08003f8a   0x00000002   PAD
    0x08003f8c   0x08003f8c   0x00000010   Code   RO         4116    i.SystemInit        system_stm32g4xx.o
    0x08003f9c   0x08003f9c   0x0000000c   Code   RO          302    i.TIM1_UP_TIM16_IRQHandler  stm32g4xx_it.o
    0x08003fa8   0x08003fa8   0x0000000c   Code   RO          303    i.TIM7_IRQHandler   stm32g4xx_it.o
    0x08003fb4   0x08003fb4   0x000000bc   Code   RO         2527    i.TIM_Base_SetConfig  stm32g4xx_hal_tim.o
    0x08004070   0x08004070   0x0000001a   Code   RO         2528    i.TIM_CCxChannelCmd  stm32g4xx_hal_tim.o
    0x0800408a   0x0800408a   0x00000014   Code   RO         2538    i.TIM_ETR_SetConfig  stm32g4xx_hal_tim.o
    0x0800409e   0x0800409e   0x00000002   PAD
    0x080040a0   0x080040a0   0x0000009c   Code   RO         2540    i.TIM_OC1_SetConfig  stm32g4xx_hal_tim.o
    0x0800413c   0x0800413c   0x00000090   Code   RO         2541    i.TIM_OC2_SetConfig  stm32g4xx_hal_tim.o
    0x080041cc   0x080041cc   0x00000090   Code   RO         2542    i.TIM_OC3_SetConfig  stm32g4xx_hal_tim.o
    0x0800425c   0x0800425c   0x00000090   Code   RO         2543    i.TIM_OC4_SetConfig  stm32g4xx_hal_tim.o
    0x080042ec   0x080042ec   0x00000070   Code   RO         2544    i.TIM_OC5_SetConfig  stm32g4xx_hal_tim.o
    0x0800435c   0x0800435c   0x00000070   Code   RO         2545    i.TIM_OC6_SetConfig  stm32g4xx_hal_tim.o
    0x080043cc   0x080043cc   0x000000d0   Code   RO         2546    i.TIM_SlaveTimer_SetConfig  stm32g4xx_hal_tim.o
    0x0800449c   0x0800449c   0x00000022   Code   RO         2547    i.TIM_TI1_ConfigInputStage  stm32g4xx_hal_tim.o
    0x080044be   0x080044be   0x00000002   PAD
    0x080044c0   0x080044c0   0x0000006c   Code   RO         2548    i.TIM_TI1_SetConfig  stm32g4xx_hal_tim.o
    0x0800452c   0x0800452c   0x00000024   Code   RO         2549    i.TIM_TI2_ConfigInputStage  stm32g4xx_hal_tim.o
    0x08004550   0x08004550   0x00000036   Code   RO         2550    i.TIM_TI2_SetConfig  stm32g4xx_hal_tim.o
    0x08004586   0x08004586   0x00000002   PAD
    0x08004588   0x08004588   0x00000044   Code   RO         4011    i.UARTEx_SetNbDataToProcess  stm32g4xx_hal_uart_ex.o
    0x080045cc   0x080045cc   0x000000c8   Code   RO         3620    i.UART_AdvFeatureConfig  stm32g4xx_hal_uart.o
    0x08004694   0x08004694   0x000000ac   Code   RO         3621    i.UART_CheckIdleState  stm32g4xx_hal_uart.o
    0x08004740   0x08004740   0x00000014   Code   RO         3622    i.UART_DMAAbortOnError  stm32g4xx_hal_uart.o
    0x08004754   0x08004754   0x00000044   Code   RO         3625    i.UART_DMARxAbortCallback  stm32g4xx_hal_uart.o
    0x08004798   0x08004798   0x0000004c   Code   RO         3629    i.UART_DMATxAbortCallback  stm32g4xx_hal_uart.o
    0x080047e4   0x080047e4   0x00000054   Code   RO         3632    i.UART_EndRxTransfer  stm32g4xx_hal_uart.o
    0x08004838   0x08004838   0x000000c8   Code   RO         3634    i.UART_RxISR_16BIT  stm32g4xx_hal_uart.o
    0x08004900   0x08004900   0x000001a0   Code   RO         3635    i.UART_RxISR_16BIT_FIFOEN  stm32g4xx_hal_uart.o
    0x08004aa0   0x08004aa0   0x000000c8   Code   RO         3636    i.UART_RxISR_8BIT   stm32g4xx_hal_uart.o
    0x08004b68   0x08004b68   0x000001a0   Code   RO         3637    i.UART_RxISR_8BIT_FIFOEN  stm32g4xx_hal_uart.o
    0x08004d08   0x08004d08   0x00000274   Code   RO         3638    i.UART_SetConfig    stm32g4xx_hal_uart.o
    0x08004f7c   0x08004f7c   0x00000110   Code   RO         3640    i.UART_Start_Receive_IT  stm32g4xx_hal_uart.o
    0x0800508c   0x0800508c   0x00000094   Code   RO         3645    i.UART_WaitOnFlagUntilTimeout  stm32g4xx_hal_uart.o
    0x08005120   0x08005120   0x0000000c   Code   RO          304    i.USART1_IRQHandler  stm32g4xx_it.o
    0x0800512c   0x0800512c   0x00000040   Code   RO         6032    i.UartCallback      uart.o
    0x0800516c   0x0800516c   0x00000002   Code   RO          305    i.UsageFault_Handler  stm32g4xx_it.o
    0x0800516e   0x0800516e   0x00000002   PAD
    0x08005170   0x08005170   0x0000007c   Code   RO         6033    i.UsartTask         uart.o
    0x080051ec   0x080051ec   0x00000020   Code   RO         6489    i.__0printf$5       mc_w.l(printf5.o)
    0x0800520c   0x0800520c   0x00000020   Code   RO         2315    i.__NVIC_SetPriority  stm32g4xx_hal_cortex.o
    0x0800522c   0x0800522c   0x0000000e   Code   RO         6659    i.__scatterload_copy  mc_w.l(handlers.o)
    0x0800523a   0x0800523a   0x00000002   Code   RO         6660    i.__scatterload_null  mc_w.l(handlers.o)
    0x0800523c   0x0800523c   0x0000000e   Code   RO         6661    i.__scatterload_zeroinit  mc_w.l(handlers.o)
    0x0800524a   0x0800524a   0x00000002   PAD
    0x0800524c   0x0800524c   0x000002c0   Code   RO         6496    i._printf_core      mc_w.l(printf5.o)
    0x0800550c   0x0800550c   0x00000038   Code   RO         5949    i.app               app.o
    0x08005544   0x08005544   0x00000018   Code   RO         5950    i.fputc             app.o
    0x0800555c   0x0800555c   0x00000134   Code   RO           28    i.main              main.o
    0x08005690   0x08005690   0x0000001a   Code   RO         5265    i.osDelay           cmsis_os2.o
    0x080056aa   0x080056aa   0x00000002   PAD
    0x080056ac   0x080056ac   0x00000024   Code   RO         5279    i.osKernelInitialize  cmsis_os2.o
    0x080056d0   0x080056d0   0x00000038   Code   RO         5282    i.osKernelStart     cmsis_os2.o
    0x08005708   0x08005708   0x00000064   Code   RO         5294    i.osMessageQueueGet  cmsis_os2.o
    0x0800576c   0x0800576c   0x00000058   Code   RO         5299    i.osMessageQueueNew  cmsis_os2.o
    0x080057c4   0x080057c4   0x00000068   Code   RO         5300    i.osMessageQueuePut  cmsis_os2.o
    0x0800582c   0x0800582c   0x0000005c   Code   RO         5307    i.osSemaphoreAcquire  cmsis_os2.o
    0x08005888   0x08005888   0x00000098   Code   RO         5310    i.osSemaphoreNew    cmsis_os2.o
    0x08005920   0x08005920   0x00000058   Code   RO         5311    i.osSemaphoreRelease  cmsis_os2.o
    0x08005978   0x08005978   0x00000008   Code   RO         5313    i.osThreadExit      cmsis_os2.o
    0x08005980   0x08005980   0x0000008a   Code   RO         5324    i.osThreadNew       cmsis_os2.o
    0x08005a0a   0x08005a0a   0x00000002   PAD
    0x08005a0c   0x08005a0c   0x0000005c   Code   RO         4724    i.prvAddCurrentTaskToDelayedList  tasks.o
    0x08005a68   0x08005a68   0x000000d0   Code   RO         4725    i.prvAddNewTaskToReadyList  tasks.o
    0x08005b38   0x08005b38   0x00000058   Code   RO         5089    i.prvCheckForValidListAndQueue  timers.o
    0x08005b90   0x08005b90   0x00000026   Code   RO         4321    i.prvCopyDataFromQueue  queue.o
    0x08005bb6   0x08005bb6   0x0000006c   Code   RO         4322    i.prvCopyDataToQueue  queue.o
    0x08005c22   0x08005c22   0x00000034   Code   RO         4726    i.prvDeleteTCB      tasks.o
    0x08005c56   0x08005c56   0x00000002   PAD
    0x08005c58   0x08005c58   0x0000004c   Code   RO         5776    i.prvHeapInit       heap_4.o
    0x08005ca4   0x08005ca4   0x00000060   Code   RO         4727    i.prvIdleTask       tasks.o
    0x08005d04   0x08005d04   0x00000022   Code   RO         4324    i.prvInitialiseNewQueue  queue.o
    0x08005d26   0x08005d26   0x00000002   PAD
    0x08005d28   0x08005d28   0x000000b0   Code   RO         4728    i.prvInitialiseNewTask  tasks.o
    0x08005dd8   0x08005dd8   0x0000004c   Code   RO         5777    i.prvInsertBlockIntoFreeList  heap_4.o
    0x08005e24   0x08005e24   0x00000038   Code   RO         5091    i.prvInsertTimerInActiveList  timers.o
    0x08005e5c   0x08005e5c   0x0000001c   Code   RO         4325    i.prvIsQueueEmpty   queue.o
    0x08005e78   0x08005e78   0x000000fc   Code   RO         5092    i.prvProcessReceivedCommands  timers.o
    0x08005f74   0x08005f74   0x000000c0   Code   RO         5093    i.prvProcessTimerOrBlockTask  timers.o
    0x08006034   0x08006034   0x00000020   Code   RO         4730    i.prvResetNextTaskUnblockTime  tasks.o
    0x08006054   0x08006054   0x00000028   Code   RO         5094    i.prvSampleTimeNow  timers.o
    0x0800607c   0x0800607c   0x0000006c   Code   RO         5095    i.prvSwitchTimerLists  timers.o
    0x080060e8   0x080060e8   0x00000028   Code   RO         5832    i.prvTaskExitError  port.o
    0x08006110   0x08006110   0x00000024   Code   RO         5096    i.prvTimerTask      timers.o
    0x08006134   0x08006134   0x0000006a   Code   RO         4326    i.prvUnlockQueue    queue.o
    0x0800619e   0x0800619e   0x00000002   PAD
    0x080061a0   0x080061a0   0x000000dc   Code   RO         5778    i.pvPortMalloc      heap_4.o
    0x0800627c   0x0800627c   0x00000018   Code   RO         4733    i.pvTaskIncrementMutexHeldCount  tasks.o
    0x08006294   0x08006294   0x0000002c   Code   RO         5833    i.pxPortInitialiseStack  port.o
    0x080062c0   0x080062c0   0x00000026   Code   RO         4281    i.uxListRemove      list.o
    0x080062e6   0x080062e6   0x00000002   PAD
    0x080062e8   0x080062e8   0x00000014   Code   RO         5336    i.vApplicationGetIdleTaskMemory  cmsis_os2.o
    0x080062fc   0x080062fc   0x00000018   Code   RO         5337    i.vApplicationGetTimerTaskMemory  cmsis_os2.o
    0x08006314   0x08006314   0x00000016   Code   RO         4282    i.vListInitialise   list.o
    0x0800632a   0x0800632a   0x00000006   Code   RO         4283    i.vListInitialiseItem  list.o
    0x08006330   0x08006330   0x00000030   Code   RO         4284    i.vListInsert       list.o
    0x08006360   0x08006360   0x00000018   Code   RO         4285    i.vListInsertEnd    list.o
    0x08006378   0x08006378   0x00000040   Code   RO         5835    i.vPortEnterCritical  port.o
    0x080063b8   0x080063b8   0x00000028   Code   RO         5836    i.vPortExitCritical  port.o
    0x080063e0   0x080063e0   0x00000064   Code   RO         5779    i.vPortFree         heap_4.o
    0x08006444   0x08006444   0x00000024   Code   RO         5837    i.vPortSetupTimerInterrupt  port.o
    0x08006468   0x08006468   0x00000054   Code   RO         5838    i.vPortValidateInterruptPriority  port.o
    0x080064bc   0x080064bc   0x00000028   Code   RO         4332    i.vQueueAddToRegistry  queue.o
    0x080064e4   0x080064e4   0x0000002e   Code   RO         4333    i.vQueueDelete      queue.o
    0x08006512   0x08006512   0x00000002   PAD
    0x08006514   0x08006514   0x00000028   Code   RO         4335    i.vQueueUnregisterQueue  queue.o
    0x0800653c   0x0800653c   0x00000044   Code   RO         4336    i.vQueueWaitForMessageRestricted  queue.o
    0x08006580   0x08006580   0x0000004c   Code   RO         4743    i.vTaskDelay        tasks.o
    0x080065cc   0x080065cc   0x00000090   Code   RO         4745    i.vTaskDelete       tasks.o
    0x0800665c   0x0800665c   0x00000010   Code   RO         4748    i.vTaskInternalSetTimeOutState  tasks.o
    0x0800666c   0x0800666c   0x0000000c   Code   RO         4749    i.vTaskMissedYield  tasks.o
    0x08006678   0x08006678   0x00000030   Code   RO         4751    i.vTaskPlaceOnEventList  tasks.o
    0x080066a8   0x080066a8   0x00000038   Code   RO         4752    i.vTaskPlaceOnEventListRestricted  tasks.o
    0x080066e0   0x080066e0   0x00000090   Code   RO         4754    i.vTaskPriorityDisinheritAfterTimeout  tasks.o
    0x08006770   0x08006770   0x00000088   Code   RO         4760    i.vTaskStartScheduler  tasks.o
    0x080067f8   0x080067f8   0x00000010   Code   RO         4762    i.vTaskSuspendAll   tasks.o
    0x08006808   0x08006808   0x00000064   Code   RO         4763    i.vTaskSwitchContext  tasks.o
    0x0800686c   0x0800686c   0x0000000c   Code   RO         5782    i.xPortGetFreeHeapSize  heap_4.o
    0x08006878   0x08006878   0x000000f4   Code   RO         5839    i.xPortStartScheduler  port.o
    0x0800696c   0x0800696c   0x0000002c   Code   RO         5840    i.xPortSysTickHandler  port.o
    0x08006998   0x08006998   0x0000003a   Code   RO         4337    i.xQueueCreateCountingSemaphore  queue.o
    0x080069d2   0x080069d2   0x00000040   Code   RO         4338    i.xQueueCreateCountingSemaphoreStatic  queue.o
    0x08006a12   0x08006a12   0x00000042   Code   RO         4341    i.xQueueGenericCreate  queue.o
    0x08006a54   0x08006a54   0x00000066   Code   RO         4342    i.xQueueGenericCreateStatic  queue.o
    0x08006aba   0x08006aba   0x00000002   PAD
    0x08006abc   0x08006abc   0x00000088   Code   RO         4343    i.xQueueGenericReset  queue.o
    0x08006b44   0x08006b44   0x00000160   Code   RO         4344    i.xQueueGenericSend  queue.o
    0x08006ca4   0x08006ca4   0x000000be   Code   RO         4345    i.xQueueGenericSendFromISR  queue.o
    0x08006d62   0x08006d62   0x0000009c   Code   RO         4348    i.xQueueGiveFromISR  queue.o
    0x08006dfe   0x08006dfe   0x00000002   PAD
    0x08006e00   0x08006e00   0x00000138   Code   RO         4354    i.xQueueReceive     queue.o
    0x08006f38   0x08006f38   0x0000009a   Code   RO         4355    i.xQueueReceiveFromISR  queue.o
    0x08006fd2   0x08006fd2   0x00000002   PAD
    0x08006fd4   0x08006fd4   0x00000178   Code   RO         4356    i.xQueueSemaphoreTake  queue.o
    0x0800714c   0x0800714c   0x00000074   Code   RO         4765    i.xTaskCheckForTimeOut  tasks.o
    0x080071c0   0x080071c0   0x0000005a   Code   RO         4766    i.xTaskCreate       tasks.o
    0x0800721a   0x0800721a   0x00000056   Code   RO         4767    i.xTaskCreateStatic  tasks.o
    0x08007270   0x08007270   0x0000001c   Code   RO         4771    i.xTaskGetSchedulerState  tasks.o
    0x0800728c   0x0800728c   0x0000000c   Code   RO         4772    i.xTaskGetTickCount  tasks.o
    0x08007298   0x08007298   0x000000c8   Code   RO         4774    i.xTaskIncrementTick  tasks.o
    0x08007360   0x08007360   0x00000080   Code   RO         4777    i.xTaskPriorityDisinherit  tasks.o
    0x080073e0   0x080073e0   0x00000078   Code   RO         4778    i.xTaskPriorityInherit  tasks.o
    0x08007458   0x08007458   0x00000070   Code   RO         4779    i.xTaskRemoveFromEventList  tasks.o
    0x080074c8   0x080074c8   0x000000c4   Code   RO         4780    i.xTaskResumeAll    tasks.o
    0x0800758c   0x0800758c   0x00000060   Code   RO         5105    i.xTimerCreateTimerTask  timers.o
    0x080075ec   0x080075ec   0x00000068   Code   RO         5106    i.xTimerGenericCommand  timers.o
    0x08007654   0x08007654   0x00000100   Data   RO           30    .constdata          main.o
    0x08007754   0x08007754   0x00000018   Data   RO         3646    .constdata          stm32g4xx_hal_uart.o
    0x0800776c   0x0800776c   0x00000010   Data   RO         4012    .constdata          stm32g4xx_hal_uart_ex.o
    0x0800777c   0x0800777c   0x00000010   Data   RO         4117    .constdata          system_stm32g4xx.o
    0x0800778c   0x0800778c   0x00000008   Data   RO         4118    .constdata          system_stm32g4xx.o
    0x08007794   0x08007794   0x00000024   Data   RO         6105    .constdata          pwm.o
    0x080077b8   0x080077b8   0x000011d0   Data   RO         6168    .constdata          lcd.o
    0x08008988   0x08008988   0x00000041   Data   RO           31    .conststring        main.o
    0x080089c9   0x080089c9   0x00000003   PAD
    0x080089cc   0x080089cc   0x0000000c   Data   RO         6106    .conststring        pwm.o
    0x080089d8   0x080089d8   0x00000020   Data   RO         6657    Region$$Table       anon$$obj.o


    Execution Region RW_IRAM1 (Exec base: 0x20000000, Load base: 0x080089f8, Size: 0x00003d38, Max: 0x00008000, ABSOLUTE)

    Exec Addr    Load Addr    Size         Type   Attr      Idx    E Section Name        Object

    0x20000000   0x080089f8   0x00000020   Data   RW           32    .data               main.o
    0x20000020   0x08008a18   0x00000004   Data   RW          383    .data               stm32g4xx_hal_msp.o
    0x20000024   0x08008a1c   0x0000000c   Data   RW          977    .data               stm32g4xx_hal.o
    0x20000030   0x08008a28   0x00000004   Data   RW         4119    .data               system_stm32g4xx.o
    0x20000034   0x08008a2c   0x0000003c   Data   RW         4783    .data               tasks.o
    0x20000070   0x08008a68   0x00000014   Data   RW         5114    .data               timers.o
    0x20000084   0x08008a7c   0x00000004   Data   RW         5339    .data               cmsis_os2.o
    0x20000088   0x08008a80   0x00000020   Data   RW         5785    .data               heap_4.o
    0x200000a8   0x08008aa0   0x0000000c   Data   RW         5841    .data               port.o
    0x200000b4   0x08008aac   0x00000004   PAD
    0x200000b8   0x08008ab0   0x00000010   Data   RW         5912    .data               adc.o
    0x200000c8   0x08008ac0   0x00000002   Data   RW         6001    .data               led.o
    0x200000ca   0x08008ac2   0x00000002   PAD
    0x200000cc   0x08008ac4   0x00000008   Data   RW         6035    .data               uart.o
    0x200000d4   0x08008acc   0x00000006   Data   RW         6169    .data               lcd.o
    0x200000da   0x08008ad2   0x00000002   PAD
    0x200000dc   0x08008ad4   0x00000004   Data   RW         6635    .data               mc_w.l(stdout.o)
    0x200000e0        -       0x0000029c   Zero   RW           29    .bss                main.o
    0x2000037c        -       0x0000004c   Zero   RW          456    .bss                stm32g4xx_hal_timebase_tim.o
    0x200003c8        -       0x00000040   Zero   RW         4358    .bss                queue.o
    0x20000408        -       0x000004c4   Zero   RW         4782    .bss                tasks.o
    0x200008cc        -       0x00000118   Zero   RW         5113    .bss                timers.o
    0x200009e4        -       0x000006b8   Zero   RW         5338    .bss                cmsis_os2.o
    0x2000109c        -       0x00002800   Zero   RW         5784    .bss                heap_4.o
    0x2000389c        -       0x00000080   Zero   RW         6034    .bss                uart.o
    0x2000391c        -       0x00000018   Zero   RW         6075    .bss                freq.o
    0x20003934   0x08008ad8   0x00000004   PAD
    0x20003938        -       0x00000400   Zero   RW            1    STACK               startup_stm32g431xx.o


==============================================================================

Image component sizes


      Code (inc. data)   RO Data    RW Data    ZI Data      Debug   Object Name

       152         30          0         16          0       2066   adc.o
       446         66          0          0          0       3787   app.o
       958         40          0          4       1720      72141   cmsis_os2.o
         0          0          0          0          0      19500   event_groups.o
       264        136          0          0         24       1182   freq.o
       484         30          0         32      10240       5522   heap_4.o
      1724         78       4560          6          0      13210   lcd.o
       112         42          0          2          0        783   led.o
       138          0          0          0          0       3606   list.o
      1288        110        321         32        668     698041   main.o
       786         82          0         12          0      11625   port.o
       164         56         48          0          0       1601   pwm.o
      2474         28          0          0         64      26688   queue.o
        36          8        472          0       1024        844   startup_stm32g431xx.o
        94         14          0         12          0       3694   stm32g4xx_hal.o
      2168        126          0          0          0      77445   stm32g4xx_hal_adc.o
       372         18          0          0          0      69249   stm32g4xx_hal_adc_ex.o
       158         14          0          0          0      33094   stm32g4xx_hal_cortex.o
       226          0          0          0          0       1967   stm32g4xx_hal_dma.o
       594         34          0          0          0       2372   stm32g4xx_hal_gpio.o
       752         70          0          4          0       5058   stm32g4xx_hal_msp.o
       204         18          0          0          0       1425   stm32g4xx_hal_pwr_ex.o
      1752        102          0          0          0       7005   stm32g4xx_hal_rcc.o
       648         10          0          0          0       1896   stm32g4xx_hal_rcc_ex.o
      3714        320          0          0          0      26732   stm32g4xx_hal_tim.o
       170         24          0          0          0       5520   stm32g4xx_hal_tim_ex.o
       136         20          0          0         76       1456   stm32g4xx_hal_timebase_tim.o
      4158        152         24          0          0      38935   stm32g4xx_hal_uart.o
       288          6         16          0          0       5454   stm32g4xx_hal_uart_ex.o
        48         18          0          0          0       4290   stm32g4xx_it.o
         0          0          0          0          0        392   stream_buffer.o
        16          4         24          4          0       1159   system_stm32g4xx.o
      2516        206          0         60       1220      30647   tasks.o
       972         80          0         20        280      32299   timers.o
       256         70          0          8        128       2261   uart.o

    ----------------------------------------------------------------------
     28324       2012       5500        220      15448    1212946   Object Totals
         0          0         32          0          0          0   (incl. Generated)
        56          0          3          8          4          0   (incl. Padding)

    ----------------------------------------------------------------------

      Code (inc. data)   RO Data    RW Data    ZI Data      Debug   Library Member Name

         0          0          0          0          0          0   entry.o
         0          0          0          0          0          0   entry10a.o
         0          0          0          0          0          0   entry11a.o
         8          4          0          0          0          0   entry2.o
         4          0          0          0          0          0   entry5.o
         0          0          0          0          0          0   entry7b.o
         0          0          0          0          0          0   entry8b.o
         8          4          0          0          0          0   entry9a.o
        30          0          0          0          0          0   handlers.o
        36          8          0          0          0         68   init.o
         0          0          0          0          0          0   iusefp.o
        30          0          0          0          0         68   llshl.o
        32          0          0          0          0         68   llushr.o
        36          0          0          0          0         68   memcpya.o
        36          0          0          0          0        108   memseta.o
       736         56          0          0          0        184   printf5.o
         0          0          0          4          0          0   stdout.o
        98          0          0          0          0         92   uldiv.o
       186          0          0          0          0        176   depilogue.o
        26          0          0          0          0         76   dfltui.o
       228          0          0          0          0         96   dmul.o

    ----------------------------------------------------------------------
      1496         72          0          4          0       1004   Library Totals
         2          0          0          0          0          0   (incl. Padding)

    ----------------------------------------------------------------------

      Code (inc. data)   RO Data    RW Data    ZI Data      Debug   Library Name

      1054         72          0          4          0        656   mc_w.l
       440          0          0          0          0        348   mf_w.l

    ----------------------------------------------------------------------
      1496         72          0          4          0       1004   Library Totals

    ----------------------------------------------------------------------

==============================================================================


      Code (inc. data)   RO Data    RW Data    ZI Data      Debug   

     29820       2084       5500        224      15448    1189286   Grand Totals
     29820       2084       5500        224      15448    1189286   ELF Image Totals
     29820       2084       5500        224          0          0   ROM Totals

==============================================================================

    Total RO  Size (Code + RO Data)                35320 (  34.49kB)
    Total RW  Size (RW Data + ZI Data)             15672 (  15.30kB)
    Total ROM Size (Code + RO Data + RW Data)      35544 (  34.71kB)

==============================================================================

