Component: ARM Compiler 5.06 update 5 (build 528) Tool: armlink [4d35e2]

==============================================================================

Section Cross References

    startup_stm32g431xx.o(RESET) refers to startup_stm32g431xx.o(STACK) for __initial_sp
    startup_stm32g431xx.o(RESET) refers to startup_stm32g431xx.o(.text) for Reset_Handler
    startup_stm32g431xx.o(RESET) refers to stm32g4xx_it.o(i.NMI_Handler) for NMI_Handler
    startup_stm32g431xx.o(RESET) refers to stm32g4xx_it.o(i.HardFault_Handler) for HardFault_Handler
    startup_stm32g431xx.o(RESET) refers to stm32g4xx_it.o(i.MemManage_Handler) for MemManage_Handler
    startup_stm32g431xx.o(RESET) refers to stm32g4xx_it.o(i.BusFault_Handler) for BusFault_Handler
    startup_stm32g431xx.o(RESET) refers to stm32g4xx_it.o(i.UsageFault_Handler) for UsageFault_Handler
    startup_stm32g431xx.o(RESET) refers to port.o(.emb_text) for SVC_Handler
    startup_stm32g431xx.o(RESET) refers to stm32g4xx_it.o(i.DebugMon_Handler) for DebugMon_Handler
    startup_stm32g431xx.o(RESET) refers to cmsis_os2.o(i.SysTick_Handler) for SysTick_Handler
    startup_stm32g431xx.o(RESET) refers to stm32g4xx_it.o(i.TIM1_UP_TIM16_IRQHandler) for TIM1_UP_TIM16_IRQHandler
    startup_stm32g431xx.o(RESET) refers to stm32g4xx_it.o(i.USART1_IRQHandler) for USART1_IRQHandler
    startup_stm32g431xx.o(RESET) refers to stm32g4xx_it.o(i.TIM7_IRQHandler) for TIM7_IRQHandler
    startup_stm32g431xx.o(.text) refers to system_stm32g4xx.o(i.SystemInit) for SystemInit
    startup_stm32g431xx.o(.text) refers to entry.o(.ARM.Collect$$$$00000000) for __main
    main.o(i.AdcTask) refers to cmsis_os2.o(i.osDelay) for osDelay
    main.o(i.HAL_TIM_PeriodElapsedCallback) refers to stm32g4xx_hal.o(i.HAL_IncTick) for HAL_IncTick
    main.o(i.HAL_TIM_PeriodElapsedCallback) refers to uart.o(i.UartCallback) for UartCallback
    main.o(i.LedTask) refers to cmsis_os2.o(i.osDelay) for osDelay
    main.o(i.MX_ADC1_Init) refers to memseta.o(.text) for __aeabi_memclr4
    main.o(i.MX_ADC1_Init) refers to stm32g4xx_hal_adc.o(i.HAL_ADC_Init) for HAL_ADC_Init
    main.o(i.MX_ADC1_Init) refers to stm32g4xx_hal_adc_ex.o(i.HAL_ADCEx_MultiModeConfigChannel) for HAL_ADCEx_MultiModeConfigChannel
    main.o(i.MX_ADC1_Init) refers to stm32g4xx_hal_adc.o(i.HAL_ADC_ConfigChannel) for HAL_ADC_ConfigChannel
    main.o(i.MX_ADC1_Init) refers to main.o(.bss) for .bss
    main.o(i.MX_ADC2_Init) refers to memseta.o(.text) for __aeabi_memclr4
    main.o(i.MX_ADC2_Init) refers to stm32g4xx_hal_adc.o(i.HAL_ADC_Init) for HAL_ADC_Init
    main.o(i.MX_ADC2_Init) refers to stm32g4xx_hal_adc.o(i.HAL_ADC_ConfigChannel) for HAL_ADC_ConfigChannel
    main.o(i.MX_ADC2_Init) refers to main.o(.bss) for .bss
    main.o(i.MX_USART1_UART_Init) refers to stm32g4xx_hal_uart.o(i.HAL_UART_Init) for HAL_UART_Init
    main.o(i.MX_USART1_UART_Init) refers to stm32g4xx_hal_uart_ex.o(i.HAL_UARTEx_SetTxFifoThreshold) for HAL_UARTEx_SetTxFifoThreshold
    main.o(i.MX_USART1_UART_Init) refers to stm32g4xx_hal_uart_ex.o(i.HAL_UARTEx_SetRxFifoThreshold) for HAL_UARTEx_SetRxFifoThreshold
    main.o(i.MX_USART1_UART_Init) refers to stm32g4xx_hal_uart_ex.o(i.HAL_UARTEx_DisableFifoMode) for HAL_UARTEx_DisableFifoMode
    main.o(i.MX_USART1_UART_Init) refers to main.o(.bss) for .bss
    main.o(i.StartDefaultTask) refers to app.o(i.app) for app
    main.o(i.StartDefaultTask) refers to cmsis_os2.o(i.osThreadExit) for osThreadExit
    main.o(i.SystemClock_Config) refers to memseta.o(.text) for __aeabi_memclr4
    main.o(i.SystemClock_Config) refers to stm32g4xx_hal_pwr_ex.o(i.HAL_PWREx_ControlVoltageScaling) for HAL_PWREx_ControlVoltageScaling
    main.o(i.SystemClock_Config) refers to stm32g4xx_hal_rcc.o(i.HAL_RCC_OscConfig) for HAL_RCC_OscConfig
    main.o(i.SystemClock_Config) refers to stm32g4xx_hal_rcc.o(i.HAL_RCC_ClockConfig) for HAL_RCC_ClockConfig
    main.o(i.UsartTask) refers to cmsis_os2.o(i.osDelay) for osDelay
    main.o(i.main) refers to stm32g4xx_hal.o(i.HAL_Init) for HAL_Init
    main.o(i.main) refers to main.o(i.SystemClock_Config) for SystemClock_Config
    main.o(i.main) refers to stm32g4xx_hal_tim.o(i.HAL_TIM_Base_Init) for HAL_TIM_Base_Init
    main.o(i.main) refers to stm32g4xx_hal_tim_ex.o(i.HAL_TIMEx_MasterConfigSynchronization) for HAL_TIMEx_MasterConfigSynchronization
    main.o(i.main) refers to main.o(i.MX_USART1_UART_Init) for MX_USART1_UART_Init
    main.o(i.main) refers to main.o(i.MX_ADC1_Init) for MX_ADC1_Init
    main.o(i.main) refers to main.o(i.MX_ADC2_Init) for MX_ADC2_Init
    main.o(i.main) refers to app.o(i.Hardware_Init) for Hardware_Init
    main.o(i.main) refers to cmsis_os2.o(i.osKernelInitialize) for osKernelInitialize
    main.o(i.main) refers to cmsis_os2.o(i.osSemaphoreNew) for osSemaphoreNew
    main.o(i.main) refers to cmsis_os2.o(i.osMessageQueueNew) for osMessageQueueNew
    main.o(i.main) refers to cmsis_os2.o(i.osThreadNew) for osThreadNew
[...]
    prvCheckForValidListAndQueue             0x08004abd   Thumb Code    72  timers.o(i.prvCheckForValidListAndQueue)
    i.prvCopyDataFromQueue                   0x08004b14   Section        0  queue.o(i.prvCopyDataFromQueue)
    prvCopyDataFromQueue                     0x08004b15   Thumb Code    38  queue.o(i.prvCopyDataFromQueue)
    i.prvCopyDataToQueue                     0x08004b3a   Section        0  queue.o(i.prvCopyDataToQueue)
    prvCopyDataToQueue                       0x08004b3b   Thumb Code   108  queue.o(i.prvCopyDataToQueue)
    i.prvDeleteTCB                           0x08004ba6   Section        0  tasks.o(i.prvDeleteTCB)
    prvDeleteTCB                             0x08004ba7   Thumb Code    52  tasks.o(i.prvDeleteTCB)
    i.prvHeapInit                            0x08004bdc   Section        0  heap_4.o(i.prvHeapInit)
    prvHeapInit                              0x08004bdd   Thumb Code    66  heap_4.o(i.prvHeapInit)
    i.prvIdleTask                            0x08004c28   Section        0  tasks.o(i.prvIdleTask)
    prvIdleTask                              0x08004c29   Thumb Code    82  tasks.o(i.prvIdleTask)
    i.prvInitialiseNewQueue                  0x08004c88   Section        0  queue.o(i.prvInitialiseNewQueue)
    prvInitialiseNewQueue                    0x08004c89   Thumb Code    34  queue.o(i.prvInitialiseNewQueue)
    i.prvInitialiseNewTask                   0x08004cac   Section        0  tasks.o(i.prvInitialiseNewTask)
    prvInitialiseNewTask                     0x08004cad   Thumb Code   176  tasks.o(i.prvInitialiseNewTask)
    i.prvInsertBlockIntoFreeList             0x08004d5c   Section        0  heap_4.o(i.prvInsertBlockIntoFreeList)
    prvInsertBlockIntoFreeList               0x08004d5d   Thumb Code    72  heap_4.o(i.prvInsertBlockIntoFreeList)
    i.prvInsertTimerInActiveList             0x08004da8   Section        0  timers.o(i.prvInsertTimerInActiveList)
    prvInsertTimerInActiveList               0x08004da9   Thumb Code    52  timers.o(i.prvInsertTimerInActiveList)
    i.prvIsQueueEmpty                        0x08004de0   Section        0  queue.o(i.prvIsQueueEmpty)
    prvIsQueueEmpty                          0x08004de1   Thumb Code    28  queue.o(i.prvIsQueueEmpty)
    i.prvProcessReceivedCommands             0x08004dfc   Section        0  timers.o(i.prvProcessReceivedCommands)
    prvProcessReceivedCommands               0x08004dfd   Thumb Code   248  timers.o(i.prvProcessReceivedCommands)
    i.prvProcessTimerOrBlockTask             0x08004ef8   Section        0  timers.o(i.prvProcessTimerOrBlockTask)
    prvProcessTimerOrBlockTask               0x08004ef9   Thumb Code   182  timers.o(i.prvProcessTimerOrBlockTask)
    i.prvResetNextTaskUnblockTime            0x08004fb8   Section        0  tasks.o(i.prvResetNextTaskUnblockTime)
    prvResetNextTaskUnblockTime              0x08004fb9   Thumb Code    26  tasks.o(i.prvResetNextTaskUnblockTime)
    i.prvSampleTimeNow                       0x08004fd8   Section        0  timers.o(i.prvSampleTimeNow)
    prvSampleTimeNow                         0x08004fd9   Thumb Code    36  timers.o(i.prvSampleTimeNow)
    i.prvSwitchTimerLists                    0x08005000   Section        0  timers.o(i.prvSwitchTimerLists)
    prvSwitchTimerLists                      0x08005001   Thumb Code   104  timers.o(i.prvSwitchTimerLists)
    i.prvTaskExitError                       0x0800506c   Section        0  port.o(i.prvTaskExitError)
    prvTaskExitError                         0x0800506d   Thumb Code    36  port.o(i.prvTaskExitError)
    i.prvTimerTask                           0x08005094   Section        0  timers.o(i.prvTimerTask)
    prvTimerTask                             0x08005095   Thumb Code    32  timers.o(i.prvTimerTask)
    i.prvUnlockQueue                         0x080050b8   Section        0  queue.o(i.prvUnlockQueue)
    prvUnlockQueue                           0x080050b9   Thumb Code   106  queue.o(i.prvUnlockQueue)
    i.pvPortMalloc                           0x08005124   Section        0  heap_4.o(i.pvPortMalloc)
    i.pvTaskIncrementMutexHeldCount          0x08005200   Section        0  tasks.o(i.pvTaskIncrementMutexHeldCount)
    i.pxPortInitialiseStack                  0x08005218   Section        0  port.o(i.pxPortInitialiseStack)
    i.uxListRemove                           0x08005244   Section        0  list.o(i.uxListRemove)
    i.vApplicationGetIdleTaskMemory          0x0800526c   Section        0  cmsis_os2.o(i.vApplicationGetIdleTaskMemory)
    i.vApplicationGetTimerTaskMemory         0x08005280   Section        0  cmsis_os2.o(i.vApplicationGetTimerTaskMemory)
    i.vListInitialise                        0x08005298   Section        0  list.o(i.vListInitialise)
    i.vListInitialiseItem                    0x080052ae   Section        0  list.o(i.vListInitialiseItem)
    i.vListInsert                            0x080052b4   Section        0  list.o(i.vListInsert)
    i.vListInsertEnd                         0x080052e4   Section        0  list.o(i.vListInsertEnd)
    i.vPortEnterCritical                     0x080052fc   Section        0  port.o(i.vPortEnterCritical)
    i.vPortExitCritical                      0x0800533c   Section        0  port.o(i.vPortExitCritical)
    i.vPortFree                              0x08005364   Section        0  heap_4.o(i.vPortFree)
    i.vPortSetupTimerInterrupt               0x080053c8   Section        0  port.o(i.vPortSetupTimerInterrupt)
    i.vPortValidateInterruptPriority         0x080053ec   Section        0  port.o(i.vPortValidateInterruptPriority)
    i.vQueueAddToRegistry                    0x08005440   Section        0  queue.o(i.vQueueAddToRegistry)
    i.vQueueDelete                           0x08005468   Section        0  queue.o(i.vQueueDelete)
    i.vQueueUnregisterQueue                  0x08005498   Section        0  queue.o(i.vQueueUnregisterQueue)
    i.vQueueWaitForMessageRestricted         0x080054c0   Section        0  queue.o(i.vQueueWaitForMessageRestricted)
    i.vTaskDelay                             0x08005504   Section        0  tasks.o(i.vTaskDelay)
    i.vTaskDelete                            0x08005550   Section        0  tasks.o(i.vTaskDelete)
    i.vTaskInternalSetTimeOutState           0x080055e0   Section        0  tasks.o(i.vTaskInternalSetTimeOutState)
    i.vTaskMissedYield                       0x080055f0   Section        0  tasks.o(i.vTaskMissedYield)
    i.vTaskPlaceOnEventList                  0x080055fc   Section        0  tasks.o(i.vTaskPlaceOnEventList)
    i.vTaskPlaceOnEventListRestricted        0x0800562c   Section        0  tasks.o(i.vTaskPlaceOnEventListRestricted)
    i.vTaskPriorityDisinheritAfterTimeout    0x08005664   Section        0  tasks.o(i.vTaskPriorityDisinheritAfterTimeout)
    i.vTaskStartScheduler                    0x080056f4   Section        0  tasks.o(i.vTaskStartScheduler)
    i.vTaskSuspendAll                        0x0800577c   Section        0  tasks.o(i.vTaskSuspendAll)
    i.vTaskSwitchContext                     0x0800578c   Section        0  tasks.o(i.vTaskSwitchContext)
    i.xPortGetFreeHeapSize                   0x080057f0   Section        0  heap_4.o(i.xPortGetFreeHeapSize)
    i.xPortStartScheduler                    0x080057fc   Section        0  port.o(i.xPortStartScheduler)
    i.xPortSysTickHandler                    0x080058f0   Section        0  port.o(i.xPortSysTickHandler)
    i.xQueueCreateCountingSemaphore          0x0800591c   Section        0  queue.o(i.xQueueCreateCountingSemaphore)
    i.xQueueCreateCountingSemaphoreStatic    0x08005956   Section        0  queue.o(i.xQueueCreateCountingSemaphoreStatic)
    i.xQueueGenericCreate                    0x08005996   Section        0  queue.o(i.xQueueGenericCreate)
    i.xQueueGenericCreateStatic              0x080059d8   Section        0  queue.o(i.xQueueGenericCreateStatic)
    i.xQueueGenericReset                     0x08005a40   Section        0  queue.o(i.xQueueGenericReset)
    i.xQueueGenericSend                      0x08005ac8   Section        0  queue.o(i.xQueueGenericSend)
    i.xQueueGenericSendFromISR               0x08005c28   Section        0  queue.o(i.xQueueGenericSendFromISR)
    i.xQueueGiveFromISR                      0x08005ce6   Section        0  queue.o(i.xQueueGiveFromISR)
    i.xQueueReceive                          0x08005d84   Section        0  queue.o(i.xQueueReceive)
    i.xQueueReceiveFromISR                   0x08005ebc   Section        0  queue.o(i.xQueueReceiveFromISR)
    i.xQueueSemaphoreTake                    0x08005f58   Section        0  queue.o(i.xQueueSemaphoreTake)
    i.xTaskCheckForTimeOut                   0x080060d0   Section        0  tasks.o(i.xTaskCheckForTimeOut)
    i.xTaskCreate                            0x08006144   Section        0  tasks.o(i.xTaskCreate)
    i.xTaskCreateStatic                      0x0800619e   Section        0  tasks.o(i.xTaskCreateStatic)
    i.xTaskGetSchedulerState                 0x080061f4   Section        0  tasks.o(i.xTaskGetSchedulerState)
    i.xTaskGetTickCount                      0x08006210   Section        0  tasks.o(i.xTaskGetTickCount)
    i.xTaskIncrementTick                     0x0800621c   Section        0  tasks.o(i.xTaskIncrementTick)
    i.xTaskPriorityDisinherit                0x080062e4   Section        0  tasks.o(i.xTaskPriorityDisinherit)
    i.xTaskPriorityInherit                   0x08006364   Section        0  tasks.o(i.xTaskPriorityInherit)
    i.xTaskRemoveFromEventList               0x080063dc   Section        0  tasks.o(i.xTaskRemoveFromEventList)
    i.xTaskResumeAll                         0x0800644c   Section        0  tasks.o(i.xTaskResumeAll)
    i.xTimerCreateTimerTask                  0x08006510   Section        0  timers.o(i.xTimerCreateTimerTask)
    i.xTimerGenericCommand                   0x08006570   Section        0  timers.o(i.xTimerGenericCommand)
    .constdata                               0x080065d8   Section      184  main.o(.constdata)
    .constdata                               0x08006690   Section       24  stm32g4xx_hal_uart.o(.constdata)
    .constdata                               0x080066a8   Section       16  stm32g4xx_hal_uart_ex.o(.constdata)
    numerator                                0x080066a8   Data           8  stm32g4xx_hal_uart_ex.o(.constdata)
    denominator                              0x080066b0   Data           8  stm32g4xx_hal_uart_ex.o(.constdata)
    .constdata                               0x080066b8   Section       16  system_stm32g4xx.o(.constdata)
    .constdata                               0x080066c8   Section        8  system_stm32g4xx.o(.constdata)
    .constdata                               0x080066d0   Section     4560  lcd.o(.constdata)
    .conststring                             0x080078a0   Section       53  main.o(.conststring)
    .data                                    0x20000000   Section       24  main.o(.data)
    .data                                    0x20000018   Section        4  stm32g4xx_hal_msp.o(.data)
    HAL_RCC_ADC12_CLK_ENABLED                0x20000018   Data           4  stm32g4xx_hal_msp.o(.data)
    .data                                    0x2000001c   Section       12  stm32g4xx_hal.o(.data)
    .data                                    0x20000028   Section        4  system_stm32g4xx.o(.data)
    .data                                    0x2000002c   Section       60  tasks.o(.data)
    uxDeletedTasksWaitingCleanUp             0x20000030   Data           4  tasks.o(.data)
    uxCurrentNumberOfTasks                   0x20000034   Data           4  tasks.o(.data)
    xTickCount                               0x20000038   Data           4  tasks.o(.data)
    uxTopReadyPriority                       0x2000003c   Data           4  tasks.o(.data)
    xSchedulerRunning                        0x20000040   Data           4  tasks.o(.data)
    xPendedTicks                             0x20000044   Data           4  tasks.o(.data)
    xYieldPending                            0x20000048   Data           4  tasks.o(.data)
    xNumOfOverflows                          0x2000004c   Data           4  tasks.o(.data)
    uxTaskNumber                             0x20000050   Data           4  tasks.o(.data)
    xNextTaskUnblockTime                     0x20000054   Data           4  tasks.o(.data)
    xIdleTaskHandle                          0x20000058   Data           4  tasks.o(.data)
    uxSchedulerSuspended                     0x2000005c   Data           4  tasks.o(.data)
    pxDelayedTaskList                        0x20000060   Data           4  tasks.o(.data)
    pxOverflowDelayedTaskList                0x20000064   Data           4  tasks.o(.data)
    .data                                    0x20000068   Section       20  timers.o(.data)
    xTimerQueue                              0x20000068   Data           4  timers.o(.data)
    xTimerTaskHandle                         0x2000006c   Data           4  timers.o(.data)
    xLastTime                                0x20000070   Data           4  timers.o(.data)
    pxCurrentTimerList                       0x20000074   Data           4  timers.o(.data)
    pxOverflowTimerList                      0x20000078   Data           4  timers.o(.data)
    .data                                    0x2000007c   Section        4  cmsis_os2.o(.data)
    KernelState                              0x2000007c   Data           4  cmsis_os2.o(.data)
    .data                                    0x20000080   Section       32  heap_4.o(.data)
    pxEnd                                    0x20000080   Data           4  heap_4.o(.data)
    xFreeBytesRemaining                      0x20000084   Data           4  heap_4.o(.data)
    xMinimumEverFreeBytesRemaining           0x20000088   Data           4  heap_4.o(.data)
    xNumberOfSuccessfulAllocations           0x2000008c   Data           4  heap_4.o(.data)
    xNumberOfSuccessfulFrees                 0x20000090   Data           4  heap_4.o(.data)
    xBlockAllocatedBit                       0x20000094   Data           4  heap_4.o(.data)
    xStart                                   0x20000098   Data           8  heap_4.o(.data)
    .data                                    0x200000a0   Section       12  port.o(.data)
    ucMaxSysCallPriority                     0x200000a0   Data           1  port.o(.data)
    uxCriticalNesting                        0x200000a4   Data           4  port.o(.data)
    ulMaxPRIGROUPValue                       0x200000a8   Data           4  port.o(.data)
    .data                                    0x200000b0   Section       16  adc.o(.data)
    .data                                    0x200000c0   Section        2  led.o(.data)
    led_status                               0x200000c0   Data           2  led.o(.data)
    .data                                    0x200000c4   Section        8  uart.o(.data)
    count                                    0x200000c8   Data           4  uart.o(.data)
    .data                                    0x200000cc   Section        6  lcd.o(.data)
    TextColor                                0x200000cc   Data           2  lcd.o(.data)
    BackColor                                0x200000ce   Data           2  lcd.o(.data)
    .data                                    0x200000d4   Section        4  stdout.o(.data)
    .bss                                     0x200000d8   Section      440  main.o(.bss)
    .bss                                     0x20000290   Section       76  stm32g4xx_hal_timebase_tim.o(.bss)
    .bss                                     0x200002dc   Section       64  queue.o(.bss)
    .bss                                     0x2000031c   Section     1220  tasks.o(.bss)
    pxReadyTasksLists                        0x2000031c   Data        1120  tasks.o(.bss)
    xDelayedTaskList1                        0x2000077c   Data          20  tasks.o(.bss)
    xDelayedTaskList2                        0x20000790   Data          20  tasks.o(.bss)
    xPendingReadyList                        0x200007a4   Data          20  tasks.o(.bss)
    xTasksWaitingTermination                 0x200007b8   Data          20  tasks.o(.bss)
    xSuspendedTaskList                       0x200007cc   Data          20  tasks.o(.bss)
    .bss                                     0x200007e0   Section      280  timers.o(.bss)
    xStaticTimerQueue                        0x200007e0   Data          80  timers.o(.bss)
    ucStaticTimerQueueStorage                0x20000830   Data         160  timers.o(.bss)
    xActiveTimerList1                        0x200008d0   Data          20  timers.o(.bss)
    xActiveTimerList2                        0x200008e4   Data          20  timers.o(.bss)
    .bss                                     0x200008f8   Section     1720  cmsis_os2.o(.bss)
    Idle_TCB                                 0x200008f8   Data          92  cmsis_os2.o(.bss)
    Idle_Stack                               0x20000954   Data         512  cmsis_os2.o(.bss)
    Timer_TCB                                0x20000b54   Data          92  cmsis_os2.o(.bss)
    Timer_Stack                              0x20000bb0   Data        1024  cmsis_os2.o(.bss)
    .bss                                     0x20000fb0   Section    10240  heap_4.o(.bss)
    ucHeap                                   0x20000fb0   Data       10240  heap_4.o(.bss)
    .bss                                     0x200037b0   Section      128  uart.o(.bss)
    rx_buf                                   0x200037b0   Data         128  uart.o(.bss)
    STACK                                    0x20003830   Section     1024  startup_stm32g431xx.o(STACK)

    Global Symbols

    Symbol Name                              Value     Ov Type        Size  Object(Section)

    BuildAttributes$$THM_ISAv4$E$P$D$K$B$S$7EM$VFPi3$EXTD16$VFPS$VFMA$PE$A:L22UL41UL21$X:L11$S22US41US21$IEEE1$IW$USESV6$~STKCKD$USESV7$~SHL$OSPACE$ROPI$EBA8$MICROLIB$REQ8$PRES8$EABIv2 0x00000000   Number         0  anon$$obj.o ABSOLUTE
    __ARM_use_no_argv                        0x00000000   Number         0  main.o ABSOLUTE
    _printf_a                                0x00000000   Number         0  stubs.o ABSOLUTE
    _printf_c                                0x00000000   Number         0  stubs.o ABSOLUTE
    _printf_charcount                        0x00000000   Number         0  stubs.o ABSOLUTE
    _printf_d                                0x00000000   Number         0  stubs.o ABSOLUTE
    _printf_e                                0x00000000   Number         0  stubs.o ABSOLUTE
    _printf_f                                0x00000000   Number         0  stubs.o ABSOLUTE
    _printf_flags                            0x00000000   Number         0  stubs.o ABSOLUTE
    _printf_fp_dec                           0x00000000   Number         0  stubs.o ABSOLUTE
    _printf_fp_hex                           0x00000000   Number         0  stubs.o ABSOLUTE
    _printf_g                                0x00000000   Number         0  stubs.o ABSOLUTE
    _printf_i                                0x00000000   Number         0  stubs.o ABSOLUTE
    _printf_int_dec                          0x00000000   Number         0  stubs.o ABSOLUTE
    _printf_l                                0x00000000   Number         0  stubs.o ABSOLUTE
    _printf_lc                               0x00000000   Number         0  stubs.o ABSOLUTE
    _printf_ll                               0x00000000   Number         0  stubs.o ABSOLUTE
    _printf_lld                              0x00000000   Number         0  stubs.o ABSOLUTE
    _printf_lli                              0x00000000   Number         0  stubs.o ABSOLUTE
    _printf_llo                              0x00000000   Number         0  stubs.o ABSOLUTE
    _printf_llu                              0x00000000   Number         0  stubs.o ABSOLUTE
    _printf_llx                              0x00000000   Number         0  stubs.o ABSOLUTE
    _printf_longlong_dec                     0x00000000   Number         0  stubs.o ABSOLUTE
    _printf_longlong_hex                     0x00000000   Number         0  stubs.o ABSOLUTE
    _printf_longlong_oct                     0x00000000   Number         0  stubs.o ABSOLUTE
    _printf_ls                               0x00000000   Number         0  stubs.o ABSOLUTE
    _printf_mbtowc                           0x00000000   Number         0  stubs.o ABSOLUTE
    _printf_n                                0x00000000   Number         0  stubs.o ABSOLUTE
    _printf_o                                0x00000000   Number         0  stubs.o ABSOLUTE
    _printf_p                                0x00000000   Number         0  stubs.o ABSOLUTE
    _printf_percent                          0x00000000   Number         0  stubs.o ABSOLUTE
    _printf_pre_padding                      0x00000000   Number         0  stubs.o ABSOLUTE
    _printf_return_value                     0x00000000   Number         0  stubs.o ABSOLUTE
    _printf_s                                0x00000000   Number         0  stubs.o ABSOLUTE
    _printf_sizespec                         0x00000000   Number         0  stubs.o ABSOLUTE
    _printf_str                              0x00000000   Number         0  stubs.o ABSOLUTE
    _printf_truncate_signed                  0x00000000   Number         0  stubs.o ABSOLUTE
    _printf_truncate_unsigned                0x00000000   Number         0  stubs.o ABSOLUTE
    _printf_u                                0x00000000   Number         0  stubs.o ABSOLUTE
    _printf_wc                               0x00000000   Number         0  stubs.o ABSOLUTE
    _printf_wctomb                           0x00000000   Number         0  stubs.o ABSOLUTE
    _printf_widthprec                        0x00000000   Number         0  stubs.o ABSOLUTE
    _printf_x                                0x00000000   Number         0  stubs.o ABSOLUTE
    __cpp_initialize__aeabi_                  - Undefined Weak Reference
    __cxa_finalize                            - Undefined Weak Reference
    __decompress                              - Undefined Weak Reference
    _clock_init                               - Undefined Weak Reference
    _microlib_exit                            - Undefined Weak Reference
    __Vectors_Size                           0x000001d8   Number         0  startup_stm32g431xx.o ABSOLUTE
    __Vectors                                0x08000000   Data           4  startup_stm32g431xx.o(RESET)
    __Vectors_End                            0x080001d8   Data           0  startup_stm32g431xx.o(RESET)
    __main                                   0x080001d9   Thumb Code     0  entry.o(.ARM.Collect$$$$00000000)
    _main_stk                                0x080001d9   Thumb Code     0  entry2.o(.ARM.Collect$$$$00000001)
    _main_scatterload                        0x080001dd   Thumb Code     0  entry5.o(.ARM.Collect$$$$00000004)
    __main_after_scatterload                 0x080001e1   Thumb Code     0  entry5.o(.ARM.Collect$$$$00000004)
    _main_clock                              0x080001e1   Thumb Code     0  entry7b.o(.ARM.Collect$$$$00000008)
    _main_cpp_init                           0x080001e1   Thumb Code     0  entry8b.o(.ARM.Collect$$$$0000000A)
    _main_init                               0x080001e1   Thumb Code     0  entry9a.o(.ARM.Collect$$$$0000000B)
    __rt_final_cpp                           0x080001e9   Thumb Code     0  entry10a.o(.ARM.Collect$$$$0000000D)
    __rt_final_exit                          0x080001e9   Thumb Code     0  entry11a.o(.ARM.Collect$$$$0000000F)
    SVC_Handler                              0x080001ed   Thumb Code    28  port.o(.emb_text)
    __asm___6_port_c_39a90d8d__prvStartFirstTask 0x0800020d   Thumb Code    36  port.o(.emb_text)
    __asm___6_port_c_39a90d8d__prvEnableVFP  0x08000235   Thumb Code    16  port.o(.emb_text)
    PendSV_Handler                           0x08000249   Thumb Code    88  port.o(.emb_text)
    vPortGetIPSR                             0x080002a5   Thumb Code     6  port.o(.emb_text)
    Reset_Handler                            0x080002ad   Thumb Code     8  startup_stm32g431xx.o(.text)
    ADC1_2_IRQHandler                        0x080002c7   Thumb Code     0  startup_stm32g431xx.o(.text)
    COMP1_2_3_IRQHandler                     0x080002c7   Thumb Code     0  startup_stm32g431xx.o(.text)
    COMP4_IRQHandler                         0x080002c7   Thumb Code     0  startup_stm32g431xx.o(.text)
    CORDIC_IRQHandler                        0x080002c7   Thumb Code     0  startup_stm32g431xx.o(.text)
    CRS_IRQHandler                           0x080002c7   Thumb Code     0  startup_stm32g431xx.o(.text)
    DMA1_Channel1_IRQHandler                 0x080002c7   Thumb Code     0  startup_stm32g431xx.o(.text)
    DMA1_Channel2_IRQHandler                 0x080002c7   Thumb Code     0  startup_stm32g431xx.o(.text)
    DMA1_Channel3_IRQHandler                 0x080002c7   Thumb Code     0  startup_stm32g431xx.o(.text)
    DMA1_Channel4_IRQHandler                 0x080002c7   Thumb Code     0  startup_stm32g431xx.o(.text)
    DMA1_Channel5_IRQHandler                 0x080002c7   Thumb Code     0  startup_stm32g431xx.o(.text)
    DMA1_Channel6_IRQHandler                 0x080002c7   Thumb Code     0  startup_stm32g431xx.o(.text)
    DMA2_Channel1_IRQHandler                 0x080002c7   Thumb Code     0  startup_stm32g431xx.o(.text)
    DMA2_Channel2_IRQHandler                 0x080002c7   Thumb Code     0  startup_stm32g431xx.o(.text)
    DMA2_Channel3_IRQHandler                 0x080002c7   Thumb Code     0  startup_stm32g431xx.o(.text)
    DMA2_Channel4_IRQHandler                 0x080002c7   Thumb Code     0  startup_stm32g431xx.o(.text)
    DMA2_Channel5_IRQHandler                 0x080002c7   Thumb Code     0  startup_stm32g431xx.o(.text)
    DMA2_Channel6_IRQHandler                 0x080002c7   Thumb Code     0  startup_stm32g431xx.o(.text)
    DMAMUX_OVR_IRQHandler                    0x080002c7   Thumb Code     0  startup_stm32g431xx.o(.text)
    EXTI0_IRQHandler                         0x080002c7   Thumb Code     0  startup_stm32g431xx.o(.text)
    EXTI15_10_IRQHandler                     0x080002c7   Thumb Code     0  startup_stm32g431xx.o(.text)
    EXTI1_IRQHandler                         0x080002c7   Thumb Code     0  startup_stm32g431xx.o(.text)
    EXTI2_IRQHandler                         0x080002c7   Thumb Code     0  startup_stm32g431xx.o(.text)
    EXTI3_IRQHandler                         0x080002c7   Thumb Code     0  startup_stm32g431xx.o(.text)
    EXTI4_IRQHandler                         0x080002c7   Thumb Code     0  startup_stm32g431xx.o(.text)
    EXTI9_5_IRQHandler                       0x080002c7   Thumb Code     0  startup_stm32g431xx.o(.text)
    FDCAN1_IT0_IRQHandler                    0x080002c7   Thumb Code     0  startup_stm32g431xx.o(.text)
    FDCAN1_IT1_IRQHandler                    0x080002c7   Thumb Code     0  startup_stm32g431xx.o(.text)
    FLASH_IRQHandler                         0x080002c7   Thumb Code     0  startup_stm32g431xx.o(.text)
    FMAC_IRQHandler                          0x080002c7   Thumb Code     0  startup_stm32g431xx.o(.text)
    FPU_IRQHandler                           0x080002c7   Thumb Code     0  startup_stm32g431xx.o(.text)
    I2C1_ER_IRQHandler                       0x080002c7   Thumb Code     0  startup_stm32g431xx.o(.text)
    I2C1_EV_IRQHandler                       0x080002c7   Thumb Code     0  startup_stm32g431xx.o(.text)
    I2C2_ER_IRQHandler                       0x080002c7   Thumb Code     0  startup_stm32g431xx.o(.text)
    I2C2_EV_IRQHandler                       0x080002c7   Thumb Code     0  startup_stm32g431xx.o(.text)
    I2C3_ER_IRQHandler                       0x080002c7   Thumb Code     0  startup_stm32g431xx.o(.text)
    I2C3_EV_IRQHandler                       0x080002c7   Thumb Code     0  startup_stm32g431xx.o(.text)
    LPTIM1_IRQHandler                        0x080002c7   Thumb Code     0  startup_stm32g431xx.o(.text)
    LPUART1_IRQHandler                       0x080002c7   Thumb Code     0  startup_stm32g431xx.o(.text)
    PVD_PVM_IRQHandler                       0x080002c7   Thumb Code     0  startup_stm32g431xx.o(.text)
    RCC_IRQHandler                           0x080002c7   Thumb Code     0  startup_stm32g431xx.o(.text)
    RNG_IRQHandler                           0x080002c7   Thumb Code     0  startup_stm32g431xx.o(.text)
    RTC_Alarm_IRQHandler                     0x080002c7   Thumb Code     0  startup_stm32g431xx.o(.text)
    RTC_TAMP_LSECSS_IRQHandler               0x080002c7   Thumb Code     0  startup_stm32g431xx.o(.text)
    RTC_WKUP_IRQHandler                      0x080002c7   Thumb Code     0  startup_stm32g431xx.o(.text)
    SAI1_IRQHandler                          0x080002c7   Thumb Code     0  startup_stm32g431xx.o(.text)
    SPI1_IRQHandler                          0x080002c7   Thumb Code     0  startup_stm32g431xx.o(.text)
    SPI2_IRQHandler                          0x080002c7   Thumb Code     0  startup_stm32g431xx.o(.text)
    SPI3_IRQHandler                          0x080002c7   Thumb Code     0  startup_stm32g431xx.o(.text)
    TIM1_BRK_TIM15_IRQHandler                0x080002c7   Thumb Code     0  startup_stm32g431xx.o(.text)
    TIM1_CC_IRQHandler                       0x080002c7   Thumb Code     0  startup_stm32g431xx.o(.text)
    TIM1_TRG_COM_TIM17_IRQHandler            0x080002c7   Thumb Code     0  startup_stm32g431xx.o(.text)
    TIM2_IRQHandler                          0x080002c7   Thumb Code     0  startup_stm32g431xx.o(.text)
    TIM3_IRQHandler                          0x080002c7   Thumb Code     0  startup_stm32g431xx.o(.text)
    TIM4_IRQHandler                          0x080002c7   Thumb Code     0  startup_stm32g431xx.o(.text)
    TIM6_DAC_IRQHandler                      0x080002c7   Thumb Code     0  startup_stm32g431xx.o(.text)
    TIM8_BRK_IRQHandler                      0x080002c7   Thumb Code     0  startup_stm32g431xx.o(.text)
    TIM8_CC_IRQHandler                       0x080002c7   Thumb Code     0  startup_stm32g431xx.o(.text)
    TIM8_TRG_COM_IRQHandler                  0x080002c7   Thumb Code     0  startup_stm32g431xx.o(.text)
    TIM8_UP_IRQHandler                       0x080002c7   Thumb Code     0  startup_stm32g431xx.o(.text)
    UART4_IRQHandler                         0x080002c7   Thumb Code     0  startup_stm32g431xx.o(.text)
    UCPD1_IRQHandler                         0x080002c7   Thumb Code     0  startup_stm32g431xx.o(.text)
    USART2_IRQHandler                        0x080002c7   Thumb Code     0  startup_stm32g431xx.o(.text)
    USART3_IRQHandler                        0x080002c7   Thumb Code     0  startup_stm32g431xx.o(.text)
    USBWakeUp_IRQHandler                     0x080002c7   Thumb Code     0  startup_stm32g431xx.o(.text)
    USB_HP_IRQHandler                        0x080002c7   Thumb Code     0  startup_stm32g431xx.o(.text)
    USB_LP_IRQHandler                        0x080002c7   Thumb Code     0  startup_stm32g431xx.o(.text)
    WWDG_IRQHandler                          0x080002c7   Thumb Code     0  startup_stm32g431xx.o(.text)
    __aeabi_uldivmod                         0x080002d1   Thumb Code    98  uldiv.o(.text)
    __aeabi_memcpy                           0x08000333   Thumb Code    36  memcpya.o(.text)
    __aeabi_memcpy4                          0x08000333   Thumb Code     0  memcpya.o(.text)
    __aeabi_memcpy8                          0x08000333   Thumb Code     0  memcpya.o(.text)
    __aeabi_memset                           0x08000357   Thumb Code    14  memseta.o(.text)
    __aeabi_memset4                          0x08000357   Thumb Code     0  memseta.o(.text)
    __aeabi_memset8                          0x08000357   Thumb Code     0  memseta.o(.text)
    __aeabi_memclr                           0x08000365   Thumb Code     4  memseta.o(.text)
    __aeabi_memclr4                          0x08000365   Thumb Code     0  memseta.o(.text)
    __aeabi_memclr8                          0x08000365   Thumb Code     0  memseta.o(.text)
    memset                                   0x08000369   Thumb Code    18  memseta.o(.text)
    __aeabi_dmul                             0x0800037b   Thumb Code   228  dmul.o(.text)
    __aeabi_ui2d                             0x0800045f   Thumb Code    26  dfltui.o(.text)
    __aeabi_llsl                             0x08000479   Thumb Code    30  llshl.o(.text)
    _ll_shift_l                              0x08000479   Thumb Code     0  llshl.o(.text)
    __aeabi_llsr                             0x08000497   Thumb Code    32  llushr.o(.text)
    _ll_ushift_r                             0x08000497   Thumb Code     0  llushr.o(.text)
    __I$use$fp                               0x080004b7   Thumb Code     0  iusefp.o(.text)
    _double_round                            0x080004b7   Thumb Code    30  depilogue.o(.text)
    _double_epilogue                         0x080004d5   Thumb Code   156  depilogue.o(.text)
    __scatterload                            0x08000571   Thumb Code    28  init.o(.text)
    __scatterload_rt2                        0x08000571   Thumb Code     0  init.o(.text)
    ADC_Disable                              0x08000595   Thumb Code   106  stm32g4xx_hal_adc.o(i.ADC_Disable)
    ADC_Enable                               0x08000605   Thumb Code   154  stm32g4xx_hal_adc.o(i.ADC_Enable)
    AdcTask                                  0x080006b1   Thumb Code   122  adc.o(i.AdcTask)
    BusFault_Handler                         0x08000749   Thumb Code     2  stm32g4xx_it.o(i.BusFault_Handler)
    DebugMon_Handler                         0x0800074b   Thumb Code     2  stm32g4xx_it.o(i.DebugMon_Handler)
    Delay_LCD                                0x0800074d   Thumb Code    28  lcd.o(i.Delay_LCD)
    Error_Handler                            0x08000769   Thumb Code     4  main.o(i.Error_Handler)
    HAL_ADCEx_Calibration_Start              0x08000861   Thumb Code   138  stm32g4xx_hal_adc_ex.o(i.HAL_ADCEx_Calibration_Start)
    HAL_ADCEx_MultiModeConfigChannel         0x080008f5   Thumb Code   208  stm32g4xx_hal_adc_ex.o(i.HAL_ADCEx_MultiModeConfigChannel)
    HAL_ADC_ConfigChannel                    0x080009cd   Thumb Code  1006  stm32g4xx_hal_adc.o(i.HAL_ADC_ConfigChannel)
    HAL_ADC_GetValue                         0x08000df1   Thumb Code     6  stm32g4xx_hal_adc.o(i.HAL_ADC_GetValue)
    HAL_ADC_Init                             0x08000df9   Thumb Code   466  stm32g4xx_hal_adc.o(i.HAL_ADC_Init)
    HAL_ADC_MspInit                          0x08000fed   Thumb Code   210  stm32g4xx_hal_msp.o(i.HAL_ADC_MspInit)
    HAL_ADC_Start                            0x080010d1   Thumb Code   230  stm32g4xx_hal_adc.o(i.HAL_ADC_Start)
    HAL_DMA_Abort                            0x080011c5   Thumb Code   106  stm32g4xx_hal_dma.o(i.HAL_DMA_Abort)
    HAL_DMA_Abort_IT                         0x0800122f   Thumb Code   120  stm32g4xx_hal_dma.o(i.HAL_DMA_Abort_IT)
    HAL_Delay                                0x080012a9   Thumb Code    32  stm32g4xx_hal.o(i.HAL_Delay)
    HAL_GPIO_Init                            0x080012cd   Thumb Code   550  stm32g4xx_hal_gpio.o(i.HAL_GPIO_Init)
    HAL_GPIO_WritePin                        0x08001515   Thumb Code    10  stm32g4xx_hal_gpio.o(i.HAL_GPIO_WritePin)
    HAL_GetTick                              0x08001521   Thumb Code     6  stm32g4xx_hal.o(i.HAL_GetTick)
    HAL_IncTick                              0x0800152d   Thumb Code    12  stm32g4xx_hal.o(i.HAL_IncTick)
    HAL_Init                                 0x0800153d   Thumb Code    30  stm32g4xx_hal.o(i.HAL_Init)
    HAL_InitTick                             0x0800155d   Thumb Code   116  stm32g4xx_hal_timebase_tim.o(i.HAL_InitTick)
    HAL_MspInit                              0x080015e5   Thumb Code    54  stm32g4xx_hal_msp.o(i.HAL_MspInit)
    HAL_NVIC_EnableIRQ                       0x08001621   Thumb Code    26  stm32g4xx_hal_cortex.o(i.HAL_NVIC_EnableIRQ)
    HAL_NVIC_SetPriority                     0x0800163d   Thumb Code    60  stm32g4xx_hal_cortex.o(i.HAL_NVIC_SetPriority)
    HAL_NVIC_SetPriorityGrouping             0x0800167d   Thumb Code    26  stm32g4xx_hal_cortex.o(i.HAL_NVIC_SetPriorityGrouping)
    HAL_PWREx_ControlVoltageScaling          0x080016a1   Thumb Code   174  stm32g4xx_hal_pwr_ex.o(i.HAL_PWREx_ControlVoltageScaling)
    HAL_PWREx_DisableUCPDDeadBattery         0x0800175d   Thumb Code    12  stm32g4xx_hal_pwr_ex.o(i.HAL_PWREx_DisableUCPDDeadBattery)
    HAL_RCCEx_PeriphCLKConfig                0x0800176d   Thumb Code   638  stm32g4xx_hal_rcc_ex.o(i.HAL_RCCEx_PeriphCLKConfig)
    HAL_RCC_ClockConfig                      0x080019f5   Thumb Code   444  stm32g4xx_hal_rcc.o(i.HAL_RCC_ClockConfig)
    HAL_RCC_GetClockConfig                   0x08001bd1   Thumb Code    54  stm32g4xx_hal_rcc.o(i.HAL_RCC_GetClockConfig)
    HAL_RCC_GetPCLK1Freq                     0x08001c11   Thumb Code    24  stm32g4xx_hal_rcc.o(i.HAL_RCC_GetPCLK1Freq)
    HAL_RCC_GetPCLK2Freq                     0x08001c35   Thumb Code    24  stm32g4xx_hal_rcc.o(i.HAL_RCC_GetPCLK2Freq)
    HAL_RCC_GetSysClockFreq                  0x08001c59   Thumb Code    98  stm32g4xx_hal_rcc.o(i.HAL_RCC_GetSysClockFreq)
    HAL_RCC_OscConfig                        0x08001cc9   Thumb Code  1028  stm32g4xx_hal_rcc.o(i.HAL_RCC_OscConfig)
    HAL_TIMEx_Break2Callback                 0x080020cd   Thumb Code     2  stm32g4xx_hal_tim_ex.o(i.HAL_TIMEx_Break2Callback)
    HAL_TIMEx_BreakCallback                  0x080020cf   Thumb Code     2  stm32g4xx_hal_tim_ex.o(i.HAL_TIMEx_BreakCallback)
    HAL_TIMEx_CommutCallback                 0x080020d1   Thumb Code     2  stm32g4xx_hal_tim_ex.o(i.HAL_TIMEx_CommutCallback)
    HAL_TIMEx_DirectionChangeCallback        0x080020d3   Thumb Code     2  stm32g4xx_hal_tim_ex.o(i.HAL_TIMEx_DirectionChangeCallback)
    HAL_TIMEx_EncoderIndexCallback           0x080020d5   Thumb Code     2  stm32g4xx_hal_tim_ex.o(i.HAL_TIMEx_EncoderIndexCallback)
    HAL_TIMEx_IndexErrorCallback             0x080020d7   Thumb Code     2  stm32g4xx_hal_tim_ex.o(i.HAL_TIMEx_IndexErrorCallback)
    HAL_TIMEx_MasterConfigSynchronization    0x080020d9   Thumb Code   132  stm32g4xx_hal_tim_ex.o(i.HAL_TIMEx_MasterConfigSynchronization)
    HAL_TIMEx_TransitionErrorCallback        0x08002175   Thumb Code     2  stm32g4xx_hal_tim_ex.o(i.HAL_TIMEx_TransitionErrorCallback)
    HAL_TIM_Base_Init                        0x08002177   Thumb Code    98  stm32g4xx_hal_tim.o(i.HAL_TIM_Base_Init)
    HAL_TIM_Base_MspInit                     0x080021d9   Thumb Code    50  stm32g4xx_hal_msp.o(i.HAL_TIM_Base_MspInit)
    HAL_TIM_Base_Start_IT                    0x08002215   Thumb Code    94  stm32g4xx_hal_tim.o(i.HAL_TIM_Base_Start_IT)
    HAL_TIM_Base_Stop_IT                     0x0800228d   Thumb Code    48  stm32g4xx_hal_tim.o(i.HAL_TIM_Base_Stop_IT)
    HAL_TIM_IC_CaptureCallback               0x080022bd   Thumb Code     2  stm32g4xx_hal_tim.o(i.HAL_TIM_IC_CaptureCallback)
    HAL_TIM_IRQHandler                       0x080022bf   Thumb Code   418  stm32g4xx_hal_tim.o(i.HAL_TIM_IRQHandler)
    HAL_TIM_OC_DelayElapsedCallback          0x08002461   Thumb Code     2  stm32g4xx_hal_tim.o(i.HAL_TIM_OC_DelayElapsedCallback)
    HAL_TIM_PWM_PulseFinishedCallback        0x08002463   Thumb Code     2  stm32g4xx_hal_tim.o(i.HAL_TIM_PWM_PulseFinishedCallback)
    HAL_TIM_PeriodElapsedCallback            0x08002465   Thumb Code    34  main.o(i.HAL_TIM_PeriodElapsedCallback)
    HAL_TIM_TriggerCallback                  0x08002491   Thumb Code     2  stm32g4xx_hal_tim.o(i.HAL_TIM_TriggerCallback)
    HAL_UARTEx_DisableFifoMode               0x08002493   Thumb Code    62  stm32g4xx_hal_uart_ex.o(i.HAL_UARTEx_DisableFifoMode)
    HAL_UARTEx_RxEventCallback               0x080024d1   Thumb Code     2  stm32g4xx_hal_uart.o(i.HAL_UARTEx_RxEventCallback)
    HAL_UARTEx_RxFifoFullCallback            0x080024d3   Thumb Code     2  stm32g4xx_hal_uart_ex.o(i.HAL_UARTEx_RxFifoFullCallback)
    HAL_UARTEx_SetRxFifoThreshold            0x080024d5   Thumb Code    76  stm32g4xx_hal_uart_ex.o(i.HAL_UARTEx_SetRxFifoThreshold)
    HAL_UARTEx_SetTxFifoThreshold            0x08002521   Thumb Code    76  stm32g4xx_hal_uart_ex.o(i.HAL_UARTEx_SetTxFifoThreshold)
    HAL_UARTEx_TxFifoEmptyCallback           0x0800256d   Thumb Code     2  stm32g4xx_hal_uart_ex.o(i.HAL_UARTEx_TxFifoEmptyCallback)
    HAL_UARTEx_WakeupCallback                0x0800256f   Thumb Code     2  stm32g4xx_hal_uart_ex.o(i.HAL_UARTEx_WakeupCallback)
    HAL_UART_AbortCpltCallback               0x08002571   Thumb Code     2  stm32g4xx_hal_uart.o(i.HAL_UART_AbortCpltCallback)
    HAL_UART_Abort_IT                        0x08002575   Thumb Code   280  stm32g4xx_hal_uart.o(i.HAL_UART_Abort_IT)
    HAL_UART_ErrorCallback                   0x08002699   Thumb Code     2  stm32g4xx_hal_uart.o(i.HAL_UART_ErrorCallback)
    HAL_UART_IRQHandler                      0x0800269d   Thumb Code   766  stm32g4xx_hal_uart.o(i.HAL_UART_IRQHandler)
    HAL_UART_Init                            0x080029a9   Thumb Code   106  stm32g4xx_hal_uart.o(i.HAL_UART_Init)
    HAL_UART_MspInit                         0x08002a15   Thumb Code   132  stm32g4xx_hal_msp.o(i.HAL_UART_MspInit)
    HAL_UART_Receive_IT                      0x08002aa1   Thumb Code    66  stm32g4xx_hal_uart.o(i.HAL_UART_Receive_IT)
    HAL_UART_RxCpltCallback                  0x08002ae9   Thumb Code    52  uart.o(i.HAL_UART_RxCpltCallback)
    HAL_UART_TxCpltCallback                  0x08002b2d   Thumb Code     2  stm32g4xx_hal_uart.o(i.HAL_UART_TxCpltCallback)
    HardFault_Handler                        0x08002b2f   Thumb Code     2  stm32g4xx_it.o(i.HardFault_Handler)
    Hardware_Init                            0x08002b31   Thumb Code    52  app.o(i.Hardware_Init)
    LCD_BusIn                                0x08002b75   Thumb Code    40  lcd.o(i.LCD_BusIn)
    LCD_BusOut                               0x08002ba1   Thumb Code    42  lcd.o(i.LCD_BusOut)
    LCD_Clear                                0x08002bd1   Thumb Code    36  lcd.o(i.LCD_Clear)
    LCD_CtrlLinesConfig                      0x08002bf5   Thumb Code   134  lcd.o(i.LCD_CtrlLinesConfig)
    LCD_DisplayChar                          0x08002c85   Thumb Code    18  lcd.o(i.LCD_DisplayChar)
    LCD_DrawChar                             0x08002c9d   Thumb Code    84  lcd.o(i.LCD_DrawChar)
    LCD_Init                                 0x08002cf5   Thumb Code    46  lcd.o(i.LCD_Init)
    LCD_ReadReg                              0x08002d29   Thumb Code   120  lcd.o(i.LCD_ReadReg)
    LCD_SetBackColor                         0x08002da9   Thumb Code    12  lcd.o(i.LCD_SetBackColor)
    LCD_SetCursor                            0x08002db9   Thumb Code    24  lcd.o(i.LCD_SetCursor)
    LCD_SetTextColor                         0x08002dd1   Thumb Code    12  lcd.o(i.LCD_SetTextColor)
    LCD_StringLine                           0x08002de1   Thumb Code    54  app.o(i.LCD_StringLine)
    LCD_WriteRAM                             0x08002e19   Thumb Code    80  lcd.o(i.LCD_WriteRAM)
    LCD_WriteRAM_Prepare                     0x08002e71   Thumb Code    82  lcd.o(i.LCD_WriteRAM_Prepare)
    LCD_WriteReg                             0x08002ecd   Thumb Code   100  lcd.o(i.LCD_WriteReg)
    LedTask                                  0x08002f8b   Thumb Code     8  led.o(i.LedTask)
    LedWirte                                 0x08002f93   Thumb Code     4  led.o(i.LedWirte)
    MemManage_Handler                        0x0800317d   Thumb Code     2  stm32g4xx_it.o(i.MemManage_Handler)
    NMI_Handler                              0x0800317f   Thumb Code     2  stm32g4xx_it.o(i.NMI_Handler)
    REG_8230_Init                            0x08003181   Thumb Code   274  lcd.o(i.REG_8230_Init)
    REG_932X_Init                            0x08003293   Thumb Code   514  lcd.o(i.REG_932X_Init)
    StartDefaultTask                         0x08003495   Thumb Code    14  main.o(i.StartDefaultTask)
    SysTick_Handler                          0x080034a3   Thumb Code    26  cmsis_os2.o(i.SysTick_Handler)
    SystemClock_Config                       0x080034bd   Thumb Code   102  main.o(i.SystemClock_Config)
    SystemInit                               0x08003525   Thumb Code    12  system_stm32g4xx.o(i.SystemInit)
    TIM1_UP_TIM16_IRQHandler                 0x08003535   Thumb Code     6  stm32g4xx_it.o(i.TIM1_UP_TIM16_IRQHandler)
    TIM7_IRQHandler                          0x08003541   Thumb Code     6  stm32g4xx_it.o(i.TIM7_IRQHandler)
    TIM_Base_SetConfig                       0x0800354d   Thumb Code   160  stm32g4xx_hal_tim.o(i.TIM_Base_SetConfig)
    UART_AdvFeatureConfig                    0x0800364d   Thumb Code   200  stm32g4xx_hal_uart.o(i.UART_AdvFeatureConfig)
    UART_CheckIdleState                      0x08003715   Thumb Code   172  stm32g4xx_hal_uart.o(i.UART_CheckIdleState)
    UART_SetConfig                           0x08003d89   Thumb Code   582  stm32g4xx_hal_uart.o(i.UART_SetConfig)
    UART_Start_Receive_IT                    0x08003ffd   Thumb Code   256  stm32g4xx_hal_uart.o(i.UART_Start_Receive_IT)
    UART_WaitOnFlagUntilTimeout              0x0800410d   Thumb Code   148  stm32g4xx_hal_uart.o(i.UART_WaitOnFlagUntilTimeout)
    USART1_IRQHandler                        0x080041a1   Thumb Code     6  stm32g4xx_it.o(i.USART1_IRQHandler)
    UartCallback                             0x080041ad   Thumb Code    52  uart.o(i.UartCallback)
    UsageFault_Handler                       0x080041ed   Thumb Code     2  stm32g4xx_it.o(i.UsageFault_Handler)
    UsartTask                                0x080041f1   Thumb Code    82  uart.o(i.UsartTask)
    __0printf$5                              0x0800426d   Thumb Code    22  printf5.o(i.__0printf$5)
    __1printf$5                              0x0800426d   Thumb Code     0  printf5.o(i.__0printf$5)
    __2printf                                0x0800426d   Thumb Code     0  printf5.o(i.__0printf$5)
    __scatterload_copy                       0x080042ad   Thumb Code    14  handlers.o(i.__scatterload_copy)
    __scatterload_null                       0x080042bb   Thumb Code     2  handlers.o(i.__scatterload_null)
    __scatterload_zeroinit                   0x080042bd   Thumb Code    14  handlers.o(i.__scatterload_zeroinit)
    app                                      0x0800458d   Thumb Code    30  app.o(i.app)
    fputc                                    0x080045c5   Thumb Code    18  app.o(i.fputc)
    main                                     0x080045dd   Thumb Code   224  main.o(i.main)
    osDelay                                  0x080046e1   Thumb Code    26  cmsis_os2.o(i.osDelay)
    osKernelInitialize                       0x080046fd   Thumb Code    32  cmsis_os2.o(i.osKernelInitialize)
    osKernelStart                            0x08004721   Thumb Code    48  cmsis_os2.o(i.osKernelStart)
    osMessageQueueNew                        0x08004759   Thumb Code    88  cmsis_os2.o(i.osMessageQueueNew)
    osSemaphoreAcquire                       0x080047b1   Thumb Code    88  cmsis_os2.o(i.osSemaphoreAcquire)
    osSemaphoreNew                           0x0800480d   Thumb Code   152  cmsis_os2.o(i.osSemaphoreNew)
    osSemaphoreRelease                       0x080048a5   Thumb Code    82  cmsis_os2.o(i.osSemaphoreRelease)
    osThreadExit                             0x080048fd   Thumb Code     8  cmsis_os2.o(i.osThreadExit)
    osThreadNew                              0x08004905   Thumb Code   138  cmsis_os2.o(i.osThreadNew)
    pvPortMalloc                             0x08005125   Thumb Code   216  heap_4.o(i.pvPortMalloc)
    pvTaskIncrementMutexHeldCount            0x08005201   Thumb Code    18  tasks.o(i.pvTaskIncrementMutexHeldCount)
    pxPortInitialiseStack                    0x08005219   Thumb Code    40  port.o(i.pxPortInitialiseStack)
    uxListRemove                             0x08005245   Thumb Code    38  list.o(i.uxListRemove)
    vApplicationGetIdleTaskMemory            0x0800526d   Thumb Code    16  cmsis_os2.o(i.vApplicationGetIdleTaskMemory)
    vApplicationGetTimerTaskMemory           0x08005281   Thumb Code    18  cmsis_os2.o(i.vApplicationGetTimerTaskMemory)
    vListInitialise                          0x08005299   Thumb Code    22  list.o(i.vListInitialise)
    vListInitialiseItem                      0x080052af   Thumb Code     6  list.o(i.vListInitialiseItem)
    vListInsert                              0x080052b5   Thumb Code    48  list.o(i.vListInsert)
    vListInsertEnd                           0x080052e5   Thumb Code    24  list.o(i.vListInsertEnd)
    vPortEnterCritical                       0x080052fd   Thumb Code    54  port.o(i.vPortEnterCritical)
    vPortExitCritical                        0x0800533d   Thumb Code    34  port.o(i.vPortExitCritical)
    vPortFree                                0x08005365   Thumb Code    94  heap_4.o(i.vPortFree)
    vPortSetupTimerInterrupt                 0x080053c9   Thumb Code    32  port.o(i.vPortSetupTimerInterrupt)
    vPortValidateInterruptPriority           0x080053ed   Thumb Code    74  port.o(i.vPortValidateInterruptPriority)
    vQueueAddToRegistry                      0x08005441   Thumb Code    34  queue.o(i.vQueueAddToRegistry)
    vQueueDelete                             0x08005469   Thumb Code    46  queue.o(i.vQueueDelete)
    vQueueUnregisterQueue                    0x08005499   Thumb Code    36  queue.o(i.vQueueUnregisterQueue)
    vQueueWaitForMessageRestricted           0x080054c1   Thumb Code    68  queue.o(i.vQueueWaitForMessageRestricted)
    vTaskDelay                               0x08005505   Thumb Code    66  tasks.o(i.vTaskDelay)
    vTaskDelete                              0x08005551   Thumb Code   130  tasks.o(i.vTaskDelete)
    vTaskInternalSetTimeOutState             0x080055e1   Thumb Code    12  tasks.o(i.vTaskInternalSetTimeOutState)
    vTaskMissedYield                         0x080055f1   Thumb Code     8  tasks.o(i.vTaskMissedYield)
    vTaskPlaceOnEventList                    0x080055fd   Thumb Code    44  tasks.o(i.vTaskPlaceOnEventList)
    vTaskPlaceOnEventListRestricted          0x0800562d   Thumb Code    52  tasks.o(i.vTaskPlaceOnEventListRestricted)
    vTaskPriorityDisinheritAfterTimeout      0x08005665   Thumb Code   134  tasks.o(i.vTaskPriorityDisinheritAfterTimeout)
    vTaskStartScheduler                      0x080056f5   Thumb Code   118  tasks.o(i.vTaskStartScheduler)
    vTaskSuspendAll                          0x0800577d   Thumb Code    10  tasks.o(i.vTaskSuspendAll)
    vTaskSwitchContext                       0x0800578d   Thumb Code    90  tasks.o(i.vTaskSwitchContext)
    xPortGetFreeHeapSize                     0x080057f1   Thumb Code     6  heap_4.o(i.xPortGetFreeHeapSize)
    xPortStartScheduler                      0x080057fd   Thumb Code   222  port.o(i.xPortStartScheduler)
    xPortSysTickHandler                      0x080058f1   Thumb Code    38  port.o(i.xPortSysTickHandler)
    xQueueCreateCountingSemaphore            0x0800591d   Thumb Code    58  queue.o(i.xQueueCreateCountingSemaphore)
    xQueueCreateCountingSemaphoreStatic      0x08005957   Thumb Code    64  queue.o(i.xQueueCreateCountingSemaphoreStatic)
    xQueueGenericCreate                      0x08005997   Thumb Code    66  queue.o(i.xQueueGenericCreate)
    xQueueGenericCreateStatic                0x080059d9   Thumb Code   102  queue.o(i.xQueueGenericCreateStatic)
    xQueueGenericReset                       0x08005a41   Thumb Code   132  queue.o(i.xQueueGenericReset)
    xQueueGenericSend                        0x08005ac9   Thumb Code   346  queue.o(i.xQueueGenericSend)
    xQueueGenericSendFromISR                 0x08005c29   Thumb Code   190  queue.o(i.xQueueGenericSendFromISR)
    xQueueGiveFromISR                        0x08005ce7   Thumb Code   156  queue.o(i.xQueueGiveFromISR)
    xQueueReceive                            0x08005d85   Thumb Code   308  queue.o(i.xQueueReceive)
    xQueueReceiveFromISR                     0x08005ebd   Thumb Code   154  queue.o(i.xQueueReceiveFromISR)
    xQueueSemaphoreTake                      0x08005f59   Thumb Code   372  queue.o(i.xQueueSemaphoreTake)
    xTaskCheckForTimeOut                     0x080060d1   Thumb Code   112  tasks.o(i.xTaskCheckForTimeOut)
    xTaskCreate                              0x08006145   Thumb Code    90  tasks.o(i.xTaskCreate)
    xTaskCreateStatic                        0x0800619f   Thumb Code    86  tasks.o(i.xTaskCreateStatic)
    xTaskGetSchedulerState                   0x080061f5   Thumb Code    22  tasks.o(i.xTaskGetSchedulerState)
    xTaskGetTickCount                        0x08006211   Thumb Code     6  tasks.o(i.xTaskGetTickCount)
    xTaskIncrementTick                       0x0800621d   Thumb Code   192  tasks.o(i.xTaskIncrementTick)
    xTaskPriorityDisinherit                  0x080062e5   Thumb Code   118  tasks.o(i.xTaskPriorityDisinherit)
    xTaskPriorityInherit                     0x08006365   Thumb Code   112  tasks.o(i.xTaskPriorityInherit)
    xTaskRemoveFromEventList                 0x080063dd   Thumb Code    98  tasks.o(i.xTaskRemoveFromEventList)
    xTaskResumeAll                           0x0800644d   Thumb Code   182  tasks.o(i.xTaskResumeAll)
    xTimerCreateTimerTask                    0x08006511   Thumb Code    78  timers.o(i.xTimerCreateTimerTask)
    xTimerGenericCommand                     0x08006571   Thumb Code    98  timers.o(i.xTimerGenericCommand)
    defaultTask_attributes                   0x080065d8   Data          36  main.o(.constdata)
    uart_attributes                          0x080065fc   Data          36  main.o(.constdata)
    adc_attributes                           0x08006620   Data          36  main.o(.constdata)
    led_attributes                           0x08006644   Data          36  main.o(.constdata)
    ledQueue_attributes                      0x08006668   Data          24  main.o(.constdata)
    uartBinarySem_attributes                 0x08006680   Data          16  main.o(.constdata)
    UARTPrescTable                           0x08006690   Data          24  stm32g4xx_hal_uart.o(.constdata)
    AHBPrescTable                            0x080066b8   Data          16  system_stm32g4xx.o(.constdata)
    APBPrescTable                            0x080066c8   Data           8  system_stm32g4xx.o(.constdata)
    ASCII_Table                              0x080066d0   Data        4560  lcd.o(.constdata)
    Region$$Table$$Base                      0x080078d8   Number         0  anon$$obj.o(Region$$Table)
    Region$$Table$$Limit                     0x080078f8   Number         0  anon$$obj.o(Region$$Table)
    defaultTaskHandle                        0x20000000   Data           4  main.o(.data)
    uartHandle                               0x20000004   Data           4  main.o(.data)
    adcHandle                                0x20000008   Data           4  main.o(.data)
    ledHandle                                0x2000000c   Data           4  main.o(.data)
    ledQueueHandle                           0x20000010   Data           4  main.o(.data)
    uartBinarySemHandle                      0x20000014   Data           4  main.o(.data)
    uwTickPrio                               0x2000001c   Data           4  stm32g4xx_hal.o(.data)
    uwTickFreq                               0x20000020   Data           4  stm32g4xx_hal.o(.data)
    uwTick                                   0x20000024   Data           4  stm32g4xx_hal.o(.data)
    SystemCoreClock                          0x20000028   Data           4  system_stm32g4xx.o(.data)
    pxCurrentTCB                             0x2000002c   Data           4  tasks.o(.data)
    adc1_v                                   0x200000b0   Data           8  adc.o(.data)
    adc2_v                                   0x200000b8   Data           8  adc.o(.data)
    tim7count                                0x200000c4   Data           1  uart.o(.data)
    dummy                                    0x200000d0   Data           2  lcd.o(.data)
    __stdout                                 0x200000d4   Data           4  stdout.o(.data)
    hadc1                                    0x200000d8   Data         108  main.o(.bss)
    hadc2                                    0x20000144   Data         108  main.o(.bss)
    htim7                                    0x200001b0   Data          76  main.o(.bss)
    huart1                                   0x200001fc   Data         148  main.o(.bss)
    htim16                                   0x20000290   Data          76  stm32g4xx_hal_timebase_tim.o(.bss)
    xQueueRegistry                           0x200002dc   Data          64  queue.o(.bss)
    __initial_sp                             0x20003c30   Data           0  startup_stm32g431xx.o(STACK)



==============================================================================

Memory Map of the image

  Image Entry point : 0x080001d9

  Load Region LR_IROM1 (Base: 0x08000000, Size: 0x000079d0, Max: 0x00020000, ABSOLUTE)

    Execution Region ER_IROM1 (Exec base: 0x08000000, Load base: 0x08000000, Size: 0x000078f8, Max: 0x00020000, ABSOLUTE)

    Exec Addr    Load Addr    Size         Type   Attr      Idx    E Section Name        Object

    0x08000000   0x08000000   0x000001d8   Data   RO            3    RESET               startup_stm32g431xx.o
    0x080001d8   0x080001d8   0x00000000   Code   RO         6243  * .ARM.Collect$$$$00000000  mc_w.l(entry.o)
    0x080001d8   0x080001d8   0x00000004   Code   RO         6521    .ARM.Collect$$$$00000001  mc_w.l(entry2.o)
    0x080001dc   0x080001dc   0x00000004   Code   RO         6524    .ARM.Collect$$$$00000004  mc_w.l(entry5.o)
    0x080001e0   0x080001e0   0x00000000   Code   RO         6526    .ARM.Collect$$$$00000008  mc_w.l(entry7b.o)
    0x080001e0   0x080001e0   0x00000000   Code   RO         6528    .ARM.Collect$$$$0000000A  mc_w.l(entry8b.o)
    0x080001e0   0x080001e0   0x00000008   Code   RO         6529    .ARM.Collect$$$$0000000B  mc_w.l(entry9a.o)
    0x080001e8   0x080001e8   0x00000000   Code   RO         6531    .ARM.Collect$$$$0000000D  mc_w.l(entry10a.o)
    0x080001e8   0x080001e8   0x00000000   Code   RO         6533    .ARM.Collect$$$$0000000F  mc_w.l(entry11a.o)
    0x080001e8   0x080001e8   0x00000004   Code   RO         6522    .ARM.Collect$$$$00002712  mc_w.l(entry2.o)
    0x080001ec   0x080001ec   0x000000be   Code   RO         5786    .emb_text           port.o
    0x080002aa   0x080002aa   0x00000002   PAD
    0x080002ac   0x080002ac   0x00000024   Code   RO            4    .text               startup_stm32g431xx.o
    0x080002d0   0x080002d0   0x00000062   Code   RO         6246    .text               mc_w.l(uldiv.o)
    0x08000332   0x08000332   0x00000024   Code   RO         6248    .text               mc_w.l(memcpya.o)
    0x08000356   0x08000356   0x00000024   Code   RO         6252    .text               mc_w.l(memseta.o)
    0x0800037a   0x0800037a   0x000000e4   Code   RO         6517    .text               mf_w.l(dmul.o)
    0x0800045e   0x0800045e   0x0000001a   Code   RO         6519    .text               mf_w.l(dfltui.o)
    0x08000478   0x08000478   0x0000001e   Code   RO         6538    .text               mc_w.l(llshl.o)
    0x08000496   0x08000496   0x00000020   Code   RO         6540    .text               mc_w.l(llushr.o)
    0x080004b6   0x080004b6   0x00000000   Code   RO         6542    .text               mc_w.l(iusefp.o)
    0x080004b6   0x080004b6   0x000000ba   Code   RO         6543    .text               mf_w.l(depilogue.o)
    0x08000570   0x08000570   0x00000024   Code   RO         6553    .text               mc_w.l(init.o)
    0x08000594   0x08000594   0x00000070   Code   RO          451    i.ADC_Disable       stm32g4xx_hal_adc.o
    0x08000604   0x08000604   0x000000ac   Code   RO          452    i.ADC_Enable        stm32g4xx_hal_adc.o
    0x080006b0   0x080006b0   0x00000098   Code   RO         5866    i.AdcTask           adc.o
    0x08000748   0x08000748   0x00000002   Code   RO          270    i.BusFault_Handler  stm32g4xx_it.o
    0x0800074a   0x0800074a   0x00000002   Code   RO          271    i.DebugMon_Handler  stm32g4xx_it.o
    0x0800074c   0x0800074c   0x0000001c   Code   RO         6040    i.Delay_LCD         lcd.o
    0x08000768   0x08000768   0x00000004   Code   RO           14    i.Error_Handler     main.o
    0x0800076c   0x0800076c   0x000000f4   Code   RO         5904    i.GPIO_Init         app.o
    0x08000860   0x08000860   0x00000094   Code   RO          685    i.HAL_ADCEx_Calibration_Start  stm32g4xx_hal_adc_ex.o
    0x080008f4   0x080008f4   0x000000d8   Code   RO          702    i.HAL_ADCEx_MultiModeConfigChannel  stm32g4xx_hal_adc_ex.o
    0x080009cc   0x080009cc   0x00000424   Code   RO          454    i.HAL_ADC_ConfigChannel  stm32g4xx_hal_adc.o
    0x08000df0   0x08000df0   0x00000006   Code   RO          461    i.HAL_ADC_GetValue  stm32g4xx_hal_adc.o
    0x08000df6   0x08000df6   0x00000002   PAD
    0x08000df8   0x08000df8   0x000001f4   Code   RO          463    i.HAL_ADC_Init      stm32g4xx_hal_adc.o
    0x08000fec   0x08000fec   0x000000e4   Code   RO          347    i.HAL_ADC_MspInit   stm32g4xx_hal_msp.o
    0x080010d0   0x080010d0   0x000000f4   Code   RO          469    i.HAL_ADC_Start     stm32g4xx_hal_adc.o
    0x080011c4   0x080011c4   0x0000006a   Code   RO         1748    i.HAL_DMA_Abort     stm32g4xx_hal_dma.o
    0x0800122e   0x0800122e   0x00000078   Code   RO         1749    i.HAL_DMA_Abort_IT  stm32g4xx_hal_dma.o
    0x080012a6   0x080012a6   0x00000002   PAD
    0x080012a8   0x080012a8   0x00000024   Code   RO          901    i.HAL_Delay         stm32g4xx_hal.o
    0x080012cc   0x080012cc   0x00000248   Code   RO         1610    i.HAL_GPIO_Init     stm32g4xx_hal_gpio.o
    0x08001514   0x08001514   0x0000000a   Code   RO         1614    i.HAL_GPIO_WritePin  stm32g4xx_hal_gpio.o
    0x0800151e   0x0800151e   0x00000002   PAD
    0x08001520   0x08001520   0x0000000c   Code   RO          905    i.HAL_GetTick       stm32g4xx_hal.o
    0x0800152c   0x0800152c   0x00000010   Code   RO          911    i.HAL_IncTick       stm32g4xx_hal.o
    0x0800153c   0x0800153c   0x0000001e   Code   RO          912    i.HAL_Init          stm32g4xx_hal.o
    0x0800155a   0x0800155a   0x00000002   PAD
    0x0800155c   0x0800155c   0x00000088   Code   RO          408    i.HAL_InitTick      stm32g4xx_hal_timebase_tim.o
    0x080015e4   0x080015e4   0x0000003c   Code   RO          348    i.HAL_MspInit       stm32g4xx_hal_msp.o
    0x08001620   0x08001620   0x0000001a   Code   RO         2257    i.HAL_NVIC_EnableIRQ  stm32g4xx_hal_cortex.o
    0x0800163a   0x0800163a   0x00000002   PAD
    0x0800163c   0x0800163c   0x00000040   Code   RO         2263    i.HAL_NVIC_SetPriority  stm32g4xx_hal_cortex.o
    0x0800167c   0x0800167c   0x00000024   Code   RO         2264    i.HAL_NVIC_SetPriorityGrouping  stm32g4xx_hal_cortex.o
    0x080016a0   0x080016a0   0x000000bc   Code   RO         2013    i.HAL_PWREx_ControlVoltageScaling  stm32g4xx_hal_pwr_ex.o
    0x0800175c   0x0800175c   0x00000010   Code   RO         2025    i.HAL_PWREx_DisableUCPDDeadBattery  stm32g4xx_hal_pwr_ex.o
    0x0800176c   0x0800176c   0x00000288   Code   RO         1272    i.HAL_RCCEx_PeriphCLKConfig  stm32g4xx_hal_rcc_ex.o
    0x080019f4   0x080019f4   0x000001dc   Code   RO         1147    i.HAL_RCC_ClockConfig  stm32g4xx_hal_rcc.o
    0x08001bd0   0x08001bd0   0x00000040   Code   RO         1152    i.HAL_RCC_GetClockConfig  stm32g4xx_hal_rcc.o
    0x08001c10   0x08001c10   0x00000024   Code   RO         1155    i.HAL_RCC_GetPCLK1Freq  stm32g4xx_hal_rcc.o
    0x08001c34   0x08001c34   0x00000024   Code   RO         1156    i.HAL_RCC_GetPCLK2Freq  stm32g4xx_hal_rcc.o
    0x08001c58   0x08001c58   0x00000070   Code   RO         1157    i.HAL_RCC_GetSysClockFreq  stm32g4xx_hal_rcc.o
    0x08001cc8   0x08001cc8   0x00000404   Code   RO         1160    i.HAL_RCC_OscConfig  stm32g4xx_hal_rcc.o
    0x080020cc   0x080020cc   0x00000002   Code   RO         3103    i.HAL_TIMEx_Break2Callback  stm32g4xx_hal_tim_ex.o
    0x080020ce   0x080020ce   0x00000002   Code   RO         3104    i.HAL_TIMEx_BreakCallback  stm32g4xx_hal_tim_ex.o
    0x080020d0   0x080020d0   0x00000002   Code   RO         3105    i.HAL_TIMEx_CommutCallback  stm32g4xx_hal_tim_ex.o
    0x080020d2   0x080020d2   0x00000002   Code   RO         3116    i.HAL_TIMEx_DirectionChangeCallback  stm32g4xx_hal_tim_ex.o
    0x080020d4   0x080020d4   0x00000002   Code   RO         3130    i.HAL_TIMEx_EncoderIndexCallback  stm32g4xx_hal_tim_ex.o
    0x080020d6   0x080020d6   0x00000002   Code   RO         3144    i.HAL_TIMEx_IndexErrorCallback  stm32g4xx_hal_tim_ex.o
    0x080020d8   0x080020d8   0x0000009c   Code   RO         3145    i.HAL_TIMEx_MasterConfigSynchronization  stm32g4xx_hal_tim_ex.o
    0x08002174   0x08002174   0x00000002   Code   RO         3166    i.HAL_TIMEx_TransitionErrorCallback  stm32g4xx_hal_tim_ex.o
    0x08002176   0x08002176   0x00000062   Code   RO         2389    i.HAL_TIM_Base_Init  stm32g4xx_hal_tim.o
    0x080021d8   0x080021d8   0x0000003c   Code   RO          350    i.HAL_TIM_Base_MspInit  stm32g4xx_hal_msp.o
    0x08002214   0x08002214   0x00000078   Code   RO         2394    i.HAL_TIM_Base_Start_IT  stm32g4xx_hal_tim.o
    0x0800228c   0x0800228c   0x00000030   Code   RO         2397    i.HAL_TIM_Base_Stop_IT  stm32g4xx_hal_tim.o
    0x080022bc   0x080022bc   0x00000002   Code   RO         2423    i.HAL_TIM_IC_CaptureCallback  stm32g4xx_hal_tim.o
    0x080022be   0x080022be   0x000001a2   Code   RO         2437    i.HAL_TIM_IRQHandler  stm32g4xx_hal_tim.o
    0x08002460   0x08002460   0x00000002   Code   RO         2440    i.HAL_TIM_OC_DelayElapsedCallback  stm32g4xx_hal_tim.o
    0x08002462   0x08002462   0x00000002   Code   RO         2467    i.HAL_TIM_PWM_PulseFinishedCallback  stm32g4xx_hal_tim.o
    0x08002464   0x08002464   0x0000002c   Code   RO           15    i.HAL_TIM_PeriodElapsedCallback  main.o
    0x08002490   0x08002490   0x00000002   Code   RO         2480    i.HAL_TIM_TriggerCallback  stm32g4xx_hal_tim.o
    0x08002492   0x08002492   0x0000003e   Code   RO         3952    i.HAL_UARTEx_DisableFifoMode  stm32g4xx_hal_uart_ex.o
    0x080024d0   0x080024d0   0x00000002   Code   RO         3541    i.HAL_UARTEx_RxEventCallback  stm32g4xx_hal_uart.o
    0x080024d2   0x080024d2   0x00000002   Code   RO         3960    i.HAL_UARTEx_RxFifoFullCallback  stm32g4xx_hal_uart_ex.o
    0x080024d4   0x080024d4   0x0000004c   Code   RO         3961    i.HAL_UARTEx_SetRxFifoThreshold  stm32g4xx_hal_uart_ex.o
    0x08002520   0x08002520   0x0000004c   Code   RO         3962    i.HAL_UARTEx_SetTxFifoThreshold  stm32g4xx_hal_uart_ex.o
    0x0800256c   0x0800256c   0x00000002   Code   RO         3964    i.HAL_UARTEx_TxFifoEmptyCallback  stm32g4xx_hal_uart_ex.o
    0x0800256e   0x0800256e   0x00000002   Code   RO         3965    i.HAL_UARTEx_WakeupCallback  stm32g4xx_hal_uart_ex.o
    0x08002570   0x08002570   0x00000002   Code   RO         3543    i.HAL_UART_AbortCpltCallback  stm32g4xx_hal_uart.o
    0x08002572   0x08002572   0x00000002   PAD
    0x08002574   0x08002574   0x00000124   Code   RO         3550    i.HAL_UART_Abort_IT  stm32g4xx_hal_uart.o
    0x08002698   0x08002698   0x00000002   Code   RO         3557    i.HAL_UART_ErrorCallback  stm32g4xx_hal_uart.o
    0x0800269a   0x0800269a   0x00000002   PAD
    0x0800269c   0x0800269c   0x0000030c   Code   RO         3560    i.HAL_UART_IRQHandler  stm32g4xx_hal_uart.o
    0x080029a8   0x080029a8   0x0000006a   Code   RO         3561    i.HAL_UART_Init     stm32g4xx_hal_uart.o
    0x08002a12   0x08002a12   0x00000002   PAD
    0x08002a14   0x08002a14   0x0000008c   Code   RO          352    i.HAL_UART_MspInit  stm32g4xx_hal_msp.o
    0x08002aa0   0x08002aa0   0x00000048   Code   RO         3566    i.HAL_UART_Receive_IT  stm32g4xx_hal_uart.o
    0x08002ae8   0x08002ae8   0x00000044   Code   RO         5997    i.HAL_UART_RxCpltCallback  uart.o
    0x08002b2c   0x08002b2c   0x00000002   Code   RO         3573    i.HAL_UART_TxCpltCallback  stm32g4xx_hal_uart.o
    0x08002b2e   0x08002b2e   0x00000002   Code   RO          272    i.HardFault_Handler  stm32g4xx_it.o
    0x08002b30   0x08002b30   0x00000044   Code   RO         5905    i.Hardware_Init     app.o
    0x08002b74   0x08002b74   0x0000002c   Code   RO         6041    i.LCD_BusIn         lcd.o
    0x08002ba0   0x08002ba0   0x00000030   Code   RO         6042    i.LCD_BusOut        lcd.o
    0x08002bd0   0x08002bd0   0x00000024   Code   RO         6043    i.LCD_Clear         lcd.o
    0x08002bf4   0x08002bf4   0x00000090   Code   RO         6045    i.LCD_CtrlLinesConfig  lcd.o
    0x08002c84   0x08002c84   0x00000018   Code   RO         6046    i.LCD_DisplayChar   lcd.o
    0x08002c9c   0x08002c9c   0x00000058   Code   RO         6050    i.LCD_DrawChar      lcd.o
    0x08002cf4   0x08002cf4   0x00000034   Code   RO         6056    i.LCD_Init          lcd.o
    0x08002d28   0x08002d28   0x00000080   Code   RO         6059    i.LCD_ReadReg       lcd.o
    0x08002da8   0x08002da8   0x00000010   Code   RO         6060    i.LCD_SetBackColor  lcd.o
    0x08002db8   0x08002db8   0x00000018   Code   RO         6061    i.LCD_SetCursor     lcd.o
    0x08002dd0   0x08002dd0   0x00000010   Code   RO         6063    i.LCD_SetTextColor  lcd.o
    0x08002de0   0x08002de0   0x00000036   Code   RO         5906    i.LCD_StringLine    app.o
    0x08002e16   0x08002e16   0x00000002   PAD
    0x08002e18   0x08002e18   0x00000058   Code   RO         6066    i.LCD_WriteRAM      lcd.o
    0x08002e70   0x08002e70   0x0000005c   Code   RO         6067    i.LCD_WriteRAM_Prepare  lcd.o
    0x08002ecc   0x08002ecc   0x0000006c   Code   RO         6068    i.LCD_WriteReg      lcd.o
    0x08002f38   0x08002f38   0x0000000c   Code   RO          477    i.LL_ADC_GetOffsetChannel  stm32g4xx_hal_adc.o
    0x08002f44   0x08002f44   0x00000008   Code   RO          478    i.LL_ADC_INJ_IsConversionOngoing  stm32g4xx_hal_adc.o
    0x08002f4c   0x08002f4c   0x00000008   Code   RO          479    i.LL_ADC_REG_IsConversionOngoing  stm32g4xx_hal_adc.o
    0x08002f54   0x08002f54   0x00000008   Code   RO          712    i.LL_ADC_REG_IsConversionOngoing  stm32g4xx_hal_adc_ex.o
    0x08002f5c   0x08002f5c   0x0000001e   Code   RO          482    i.LL_ADC_SetChannelSamplingTime  stm32g4xx_hal_adc.o
    0x08002f7a   0x08002f7a   0x00000010   Code   RO          483    i.LL_ADC_SetOffsetState  stm32g4xx_hal_adc.o
    0x08002f8a   0x08002f8a   0x00000008   Code   RO         5955    i.LedTask           led.o
    0x08002f92   0x08002f92   0x00000004   Code   RO         5956    i.LedWirte          led.o
    0x08002f96   0x08002f96   0x00000002   PAD
    0x08002f98   0x08002f98   0x00000070   Code   RO         5957    i.LedWrite_Drv      led.o
    0x08003008   0x08003008   0x00000094   Code   RO           17    i.MX_ADC1_Init      main.o
    0x0800309c   0x0800309c   0x0000007c   Code   RO           18    i.MX_ADC2_Init      main.o
    0x08003118   0x08003118   0x00000064   Code   RO           19    i.MX_USART1_UART_Init  main.o
    0x0800317c   0x0800317c   0x00000002   Code   RO          273    i.MemManage_Handler  stm32g4xx_it.o
    0x0800317e   0x0800317e   0x00000002   Code   RO          274    i.NMI_Handler       stm32g4xx_it.o
    0x08003180   0x08003180   0x00000112   Code   RO         6069    i.REG_8230_Init     lcd.o
    0x08003292   0x08003292   0x00000202   Code   RO         6070    i.REG_932X_Init     lcd.o
    0x08003494   0x08003494   0x0000000e   Code   RO           20    i.StartDefaultTask  main.o
    0x080034a2   0x080034a2   0x0000001a   Code   RO         5218    i.SysTick_Handler   cmsis_os2.o
    0x080034bc   0x080034bc   0x00000066   Code   RO           21    i.SystemClock_Config  main.o
    0x08003522   0x08003522   0x00000002   PAD
    0x08003524   0x08003524   0x00000010   Code   RO         4071    i.SystemInit        system_stm32g4xx.o
    0x08003534   0x08003534   0x0000000c   Code   RO          275    i.TIM1_UP_TIM16_IRQHandler  stm32g4xx_it.o
    0x08003540   0x08003540   0x0000000c   Code   RO          276    i.TIM7_IRQHandler   stm32g4xx_it.o
    0x0800354c   0x0800354c   0x000000bc   Code   RO         2482    i.TIM_Base_SetConfig  stm32g4xx_hal_tim.o
    0x08003608   0x08003608   0x00000044   Code   RO         3966    i.UARTEx_SetNbDataToProcess  stm32g4xx_hal_uart_ex.o
    0x0800364c   0x0800364c   0x000000c8   Code   RO         3575    i.UART_AdvFeatureConfig  stm32g4xx_hal_uart.o
    0x08003714   0x08003714   0x000000ac   Code   RO         3576    i.UART_CheckIdleState  stm32g4xx_hal_uart.o
    0x080037c0   0x080037c0   0x00000014   Code   RO         3577    i.UART_DMAAbortOnError  stm32g4xx_hal_uart.o
    0x080037d4   0x080037d4   0x00000044   Code   RO         3580    i.UART_DMARxAbortCallback  stm32g4xx_hal_uart.o
    0x08003818   0x08003818   0x0000004c   Code   RO         3584    i.UART_DMATxAbortCallback  stm32g4xx_hal_uart.o
    0x08003864   0x08003864   0x00000054   Code   RO         3587    i.UART_EndRxTransfer  stm32g4xx_hal_uart.o
    0x080038b8   0x080038b8   0x000000c8   Code   RO         3589    i.UART_RxISR_16BIT  stm32g4xx_hal_uart.o
    0x08003980   0x08003980   0x000001a0   Code   RO         3590    i.UART_RxISR_16BIT_FIFOEN  stm32g4xx_hal_uart.o
    0x08003b20   0x08003b20   0x000000c8   Code   RO         3591    i.UART_RxISR_8BIT   stm32g4xx_hal_uart.o
    0x08003be8   0x08003be8   0x000001a0   Code   RO         3592    i.UART_RxISR_8BIT_FIFOEN  stm32g4xx_hal_uart.o
    0x08003d88   0x08003d88   0x00000274   Code   RO         3593    i.UART_SetConfig    stm32g4xx_hal_uart.o
    0x08003ffc   0x08003ffc   0x00000110   Code   RO         3595    i.UART_Start_Receive_IT  stm32g4xx_hal_uart.o
    0x0800410c   0x0800410c   0x00000094   Code   RO         3600    i.UART_WaitOnFlagUntilTimeout  stm32g4xx_hal_uart.o
    0x080041a0   0x080041a0   0x0000000c   Code   RO          277    i.USART1_IRQHandler  stm32g4xx_it.o
    0x080041ac   0x080041ac   0x00000040   Code   RO         5998    i.UartCallback      uart.o
    0x080041ec   0x080041ec   0x00000002   Code   RO          278    i.UsageFault_Handler  stm32g4xx_it.o
    0x080041ee   0x080041ee   0x00000002   PAD
    0x080041f0   0x080041f0   0x0000007c   Code   RO         5999    i.UsartTask         uart.o
    0x0800426c   0x0800426c   0x00000020   Code   RO         6389    i.__0printf$5       mc_w.l(printf5.o)
    0x0800428c   0x0800428c   0x00000020   Code   RO         2270    i.__NVIC_SetPriority  stm32g4xx_hal_cortex.o
    0x080042ac   0x080042ac   0x0000000e   Code   RO         6559    i.__scatterload_copy  mc_w.l(handlers.o)
    0x080042ba   0x080042ba   0x00000002   Code   RO         6560    i.__scatterload_null  mc_w.l(handlers.o)
    0x080042bc   0x080042bc   0x0000000e   Code   RO         6561    i.__scatterload_zeroinit  mc_w.l(handlers.o)
    0x080042ca   0x080042ca   0x00000002   PAD
    0x080042cc   0x080042cc   0x000002c0   Code   RO         6396    i._printf_core      mc_w.l(printf5.o)
    0x0800458c   0x0800458c   0x00000038   Code   RO         5907    i.app               app.o
    0x080045c4   0x080045c4   0x00000018   Code   RO         5908    i.fputc             app.o
    0x080045dc   0x080045dc   0x00000104   Code   RO           23    i.main              main.o
    0x080046e0   0x080046e0   0x0000001a   Code   RO         5220    i.osDelay           cmsis_os2.o
    0x080046fa   0x080046fa   0x00000002   PAD
    0x080046fc   0x080046fc   0x00000024   Code   RO         5234    i.osKernelInitialize  cmsis_os2.o
    0x08004720   0x08004720   0x00000038   Code   RO         5237    i.osKernelStart     cmsis_os2.o
    0x08004758   0x08004758   0x00000058   Code   RO         5254    i.osMessageQueueNew  cmsis_os2.o
    0x080047b0   0x080047b0   0x0000005c   Code   RO         5262    i.osSemaphoreAcquire  cmsis_os2.o
    0x0800480c   0x0800480c   0x00000098   Code   RO         5265    i.osSemaphoreNew    cmsis_os2.o
    0x080048a4   0x080048a4   0x00000058   Code   RO         5266    i.osSemaphoreRelease  cmsis_os2.o
    0x080048fc   0x080048fc   0x00000008   Code   RO         5268    i.osThreadExit      cmsis_os2.o
    0x08004904   0x08004904   0x0000008a   Code   RO         5279    i.osThreadNew       cmsis_os2.o
    0x0800498e   0x0800498e   0x00000002   PAD
    0x08004990   0x08004990   0x0000005c   Code   RO         4679    i.prvAddCurrentTaskToDelayedList  tasks.o
    0x080049ec   0x080049ec   0x000000d0   Code   RO         4680    i.prvAddNewTaskToReadyList  tasks.o
    0x08004abc   0x08004abc   0x00000058   Code   RO         5044    i.prvCheckForValidListAndQueue  timers.o
    0x08004b14   0x08004b14   0x00000026   Code   RO         4276    i.prvCopyDataFromQueue  queue.o
    0x08004b3a   0x08004b3a   0x0000006c   Code   RO         4277    i.prvCopyDataToQueue  queue.o
    0x08004ba6   0x08004ba6   0x00000034   Code   RO         4681    i.prvDeleteTCB      tasks.o
    0x08004bda   0x08004bda   0x00000002   PAD
    0x08004bdc   0x08004bdc   0x0000004c   Code   RO         5731    i.prvHeapInit       heap_4.o
    0x08004c28   0x08004c28   0x00000060   Code   RO         4682    i.prvIdleTask       tasks.o
    0x08004c88   0x08004c88   0x00000022   Code   RO         4279    i.prvInitialiseNewQueue  queue.o
    0x08004caa   0x08004caa   0x00000002   PAD
    0x08004cac   0x08004cac   0x000000b0   Code   RO         4683    i.prvInitialiseNewTask  tasks.o
    0x08004d5c   0x08004d5c   0x0000004c   Code   RO         5732    i.prvInsertBlockIntoFreeList  heap_4.o
    0x08004da8   0x08004da8   0x00000038   Code   RO         5046    i.prvInsertTimerInActiveList  timers.o
    0x08004de0   0x08004de0   0x0000001c   Code   RO         4280    i.prvIsQueueEmpty   queue.o
    0x08004dfc   0x08004dfc   0x000000fc   Code   RO         5047    i.prvProcessReceivedCommands  timers.o
    0x08004ef8   0x08004ef8   0x000000c0   Code   RO         5048    i.prvProcessTimerOrBlockTask  timers.o
    0x08004fb8   0x08004fb8   0x00000020   Code   RO         4685    i.prvResetNextTaskUnblockTime  tasks.o
    0x08004fd8   0x08004fd8   0x00000028   Code   RO         5049    i.prvSampleTimeNow  timers.o
    0x08005000   0x08005000   0x0000006c   Code   RO         5050    i.prvSwitchTimerLists  timers.o
    0x0800506c   0x0800506c   0x00000028   Code   RO         5787    i.prvTaskExitError  port.o
    0x08005094   0x08005094   0x00000024   Code   RO         5051    i.prvTimerTask      timers.o
    0x080050b8   0x080050b8   0x0000006a   Code   RO         4281    i.prvUnlockQueue    queue.o
    0x08005122   0x08005122   0x00000002   PAD
    0x08005124   0x08005124   0x000000dc   Code   RO         5733    i.pvPortMalloc      heap_4.o
    0x08005200   0x08005200   0x00000018   Code   RO         4688    i.pvTaskIncrementMutexHeldCount  tasks.o
    0x08005218   0x08005218   0x0000002c   Code   RO         5788    i.pxPortInitialiseStack  port.o
    0x08005244   0x08005244   0x00000026   Code   RO         4236    i.uxListRemove      list.o
    0x0800526a   0x0800526a   0x00000002   PAD
    0x0800526c   0x0800526c   0x00000014   Code   RO         5291    i.vApplicationGetIdleTaskMemory  cmsis_os2.o
    0x08005280   0x08005280   0x00000018   Code   RO         5292    i.vApplicationGetTimerTaskMemory  cmsis_os2.o
    0x08005298   0x08005298   0x00000016   Code   RO         4237    i.vListInitialise   list.o
    0x080052ae   0x080052ae   0x00000006   Code   RO         4238    i.vListInitialiseItem  list.o
    0x080052b4   0x080052b4   0x00000030   Code   RO         4239    i.vListInsert       list.o
    0x080052e4   0x080052e4   0x00000018   Code   RO         4240    i.vListInsertEnd    list.o
    0x080052fc   0x080052fc   0x00000040   Code   RO         5790    i.vPortEnterCritical  port.o
    0x0800533c   0x0800533c   0x00000028   Code   RO         5791    i.vPortExitCritical  port.o
    0x08005364   0x08005364   0x00000064   Code   RO         5734    i.vPortFree         heap_4.o
    0x080053c8   0x080053c8   0x00000024   Code   RO         5792    i.vPortSetupTimerInterrupt  port.o
    0x080053ec   0x080053ec   0x00000054   Code   RO         5793    i.vPortValidateInterruptPriority  port.o
    0x08005440   0x08005440   0x00000028   Code   RO         4287    i.vQueueAddToRegistry  queue.o
    0x08005468   0x08005468   0x0000002e   Code   RO         4288    i.vQueueDelete      queue.o
    0x08005496   0x08005496   0x00000002   PAD
    0x08005498   0x08005498   0x00000028   Code   RO         4290    i.vQueueUnregisterQueue  queue.o
    0x080054c0   0x080054c0   0x00000044   Code   RO         4291    i.vQueueWaitForMessageRestricted  queue.o
    0x08005504   0x08005504   0x0000004c   Code   RO         4698    i.vTaskDelay        tasks.o
    0x08005550   0x08005550   0x00000090   Code   RO         4700    i.vTaskDelete       tasks.o
    0x080055e0   0x080055e0   0x00000010   Code   RO         4703    i.vTaskInternalSetTimeOutState  tasks.o
    0x080055f0   0x080055f0   0x0000000c   Code   RO         4704    i.vTaskMissedYield  tasks.o
    0x080055fc   0x080055fc   0x00000030   Code   RO         4706    i.vTaskPlaceOnEventList  tasks.o
    0x0800562c   0x0800562c   0x00000038   Code   RO         4707    i.vTaskPlaceOnEventListRestricted  tasks.o
    0x08005664   0x08005664   0x00000090   Code   RO         4709    i.vTaskPriorityDisinheritAfterTimeout  tasks.o
    0x080056f4   0x080056f4   0x00000088   Code   RO         4715    i.vTaskStartScheduler  tasks.o
    0x0800577c   0x0800577c   0x00000010   Code   RO         4717    i.vTaskSuspendAll   tasks.o
    0x0800578c   0x0800578c   0x00000064   Code   RO         4718    i.vTaskSwitchContext  tasks.o
    0x080057f0   0x080057f0   0x0000000c   Code   RO         5737    i.xPortGetFreeHeapSize  heap_4.o
    0x080057fc   0x080057fc   0x000000f4   Code   RO         5794    i.xPortStartScheduler  port.o
    0x080058f0   0x080058f0   0x0000002c   Code   RO         5795    i.xPortSysTickHandler  port.o
    0x0800591c   0x0800591c   0x0000003a   Code   RO         4292    i.xQueueCreateCountingSemaphore  queue.o
    0x08005956   0x08005956   0x00000040   Code   RO         4293    i.xQueueCreateCountingSemaphoreStatic  queue.o
    0x08005996   0x08005996   0x00000042   Code   RO         4296    i.xQueueGenericCreate  queue.o
    0x080059d8   0x080059d8   0x00000066   Code   RO         4297    i.xQueueGenericCreateStatic  queue.o
    0x08005a3e   0x08005a3e   0x00000002   PAD
    0x08005a40   0x08005a40   0x00000088   Code   RO         4298    i.xQueueGenericReset  queue.o
    0x08005ac8   0x08005ac8   0x00000160   Code   RO         4299    i.xQueueGenericSend  queue.o
    0x08005c28   0x08005c28   0x000000be   Code   RO         4300    i.xQueueGenericSendFromISR  queue.o
    0x08005ce6   0x08005ce6   0x0000009c   Code   RO         4303    i.xQueueGiveFromISR  queue.o
    0x08005d82   0x08005d82   0x00000002   PAD
    0x08005d84   0x08005d84   0x00000138   Code   RO         4309    i.xQueueReceive     queue.o
    0x08005ebc   0x08005ebc   0x0000009a   Code   RO         4310    i.xQueueReceiveFromISR  queue.o
    0x08005f56   0x08005f56   0x00000002   PAD
    0x08005f58   0x08005f58   0x00000178   Code   RO         4311    i.xQueueSemaphoreTake  queue.o
    0x080060d0   0x080060d0   0x00000074   Code   RO         4720    i.xTaskCheckForTimeOut  tasks.o
    0x08006144   0x08006144   0x0000005a   Code   RO         4721    i.xTaskCreate       tasks.o
    0x0800619e   0x0800619e   0x00000056   Code   RO         4722    i.xTaskCreateStatic  tasks.o
    0x080061f4   0x080061f4   0x0000001c   Code   RO         4726    i.xTaskGetSchedulerState  tasks.o
    0x08006210   0x08006210   0x0000000c   Code   RO         4727    i.xTaskGetTickCount  tasks.o
    0x0800621c   0x0800621c   0x000000c8   Code   RO         4729    i.xTaskIncrementTick  tasks.o
    0x080062e4   0x080062e4   0x00000080   Code   RO         4732    i.xTaskPriorityDisinherit  tasks.o
    0x08006364   0x08006364   0x00000078   Code   RO         4733    i.xTaskPriorityInherit  tasks.o
    0x080063dc   0x080063dc   0x00000070   Code   RO         4734    i.xTaskRemoveFromEventList  tasks.o
    0x0800644c   0x0800644c   0x000000c4   Code   RO         4735    i.xTaskResumeAll    tasks.o
    0x08006510   0x08006510   0x00000060   Code   RO         5060    i.xTimerCreateTimerTask  timers.o
    0x08006570   0x08006570   0x00000068   Code   RO         5061    i.xTimerGenericCommand  timers.o
    0x080065d8   0x080065d8   0x000000b8   Data   RO           25    .constdata          main.o
    0x08006690   0x08006690   0x00000018   Data   RO         3601    .constdata          stm32g4xx_hal_uart.o
    0x080066a8   0x080066a8   0x00000010   Data   RO         3967    .constdata          stm32g4xx_hal_uart_ex.o
    0x080066b8   0x080066b8   0x00000010   Data   RO         4072    .constdata          system_stm32g4xx.o
    0x080066c8   0x080066c8   0x00000008   Data   RO         4073    .constdata          system_stm32g4xx.o
    0x080066d0   0x080066d0   0x000011d0   Data   RO         6071    .constdata          lcd.o
    0x080078a0   0x080078a0   0x00000035   Data   RO           26    .conststring        main.o
    0x080078d5   0x080078d5   0x00000003   PAD
    0x080078d8   0x080078d8   0x00000020   Data   RO         6557    Region$$Table       anon$$obj.o


    Execution Region RW_IRAM1 (Exec base: 0x20000000, Load base: 0x080078f8, Size: 0x00003c30, Max: 0x00008000, ABSOLUTE)

    Exec Addr    Load Addr    Size         Type   Attr      Idx    E Section Name        Object

    0x20000000   0x080078f8   0x00000018   Data   RW           27    .data               main.o
    0x20000018   0x08007910   0x00000004   Data   RW          353    .data               stm32g4xx_hal_msp.o
    0x2000001c   0x08007914   0x0000000c   Data   RW          932    .data               stm32g4xx_hal.o
    0x20000028   0x08007920   0x00000004   Data   RW         4074    .data               system_stm32g4xx.o
    0x2000002c   0x08007924   0x0000003c   Data   RW         4738    .data               tasks.o
    0x20000068   0x08007960   0x00000014   Data   RW         5069    .data               timers.o
    0x2000007c   0x08007974   0x00000004   Data   RW         5294    .data               cmsis_os2.o
    0x20000080   0x08007978   0x00000020   Data   RW         5740    .data               heap_4.o
    0x200000a0   0x08007998   0x0000000c   Data   RW         5796    .data               port.o
    0x200000ac   0x080079a4   0x00000004   PAD
    0x200000b0   0x080079a8   0x00000010   Data   RW         5867    .data               adc.o
    0x200000c0   0x080079b8   0x00000002   Data   RW         5958    .data               led.o
    0x200000c2   0x080079ba   0x00000002   PAD
    0x200000c4   0x080079bc   0x00000008   Data   RW         6001    .data               uart.o
    0x200000cc   0x080079c4   0x00000006   Data   RW         6072    .data               lcd.o
    0x200000d2   0x080079ca   0x00000002   PAD
    0x200000d4   0x080079cc   0x00000004   Data   RW         6535    .data               mc_w.l(stdout.o)
    0x200000d8        -       0x000001b8   Zero   RW           24    .bss                main.o
    0x20000290        -       0x0000004c   Zero   RW          411    .bss                stm32g4xx_hal_timebase_tim.o
    0x200002dc        -       0x00000040   Zero   RW         4313    .bss                queue.o
    0x2000031c        -       0x000004c4   Zero   RW         4737    .bss                tasks.o
    0x200007e0        -       0x00000118   Zero   RW         5068    .bss                timers.o
    0x200008f8        -       0x000006b8   Zero   RW         5293    .bss                cmsis_os2.o
    0x20000fb0        -       0x00002800   Zero   RW         5739    .bss                heap_4.o
    0x200037b0        -       0x00000080   Zero   RW         6000    .bss                uart.o
    0x20003830        -       0x00000400   Zero   RW            1    STACK               startup_stm32g431xx.o


==============================================================================

Image component sizes


      Code (inc. data)   RO Data    RW Data    ZI Data      Debug   Object Name

       152         30          0         16          0       2398   adc.o
       446         66          0          0          0       5491   app.o
       754         32          0          4       1720      70001   cmsis_os2.o
         0          0          0          0          0      19500   event_groups.o
       484         30          0         32      10240       5522   heap_4.o
      1724         78       4560          6          0      11178   lcd.o
       124         42          0          2          0       2081   led.o
       138          0          0          0          0       3606   list.o
       796         78        237         24        440     695081   main.o
       786         82          0         12          0      11625   port.o
      2474         28          0          0         64      26688   queue.o
        36          8        472          0       1024        844   startup_stm32g431xx.o
        94         14          0         12          0       3694   stm32g4xx_hal.o
      2168        126          0          0          0      77445   stm32g4xx_hal_adc.o
       372         18          0          0          0      69249   stm32g4xx_hal_adc_ex.o
       158         14          0          0          0      33094   stm32g4xx_hal_cortex.o
       226          0          0          0          0       1967   stm32g4xx_hal_dma.o
       594         34          0          0          0       2372   stm32g4xx_hal_gpio.o
       488         42          0          4          0       3482   stm32g4xx_hal_msp.o
       204         18          0          0          0       1425   stm32g4xx_hal_pwr_ex.o
      1752        102          0          0          0       7005   stm32g4xx_hal_rcc.o
       648         10          0          0          0       1896   stm32g4xx_hal_rcc_ex.o
       880         54          0          0          0       7872   stm32g4xx_hal_tim.o
       170         24          0          0          0       5520   stm32g4xx_hal_tim_ex.o
       136         20          0          0         76       1456   stm32g4xx_hal_timebase_tim.o
      4158        152         24          0          0      38935   stm32g4xx_hal_uart.o
       288          6         16          0          0       5454   stm32g4xx_hal_uart_ex.o
        48         18          0          0          0       4290   stm32g4xx_it.o
         0          0          0          0          0        392   stream_buffer.o
        16          4         24          4          0       1159   system_stm32g4xx.o
      2516        206          0         60       1220      30647   tasks.o
       972         80          0         20        280      32299   timers.o
       256         70          0          8        128       2261   uart.o

    ----------------------------------------------------------------------
     24104       1486       5368        212      15192    1185929   Object Totals
         0          0         32          0          0          0   (incl. Generated)
        46          0          3          8          0          0   (incl. Padding)

    ----------------------------------------------------------------------

      Code (inc. data)   RO Data    RW Data    ZI Data      Debug   Library Member Name

         0          0          0          0          0          0   entry.o
         0          0          0          0          0          0   entry10a.o
         0          0          0          0          0          0   entry11a.o
         8          4          0          0          0          0   entry2.o
         4          0          0          0          0          0   entry5.o
         0          0          0          0          0          0   entry7b.o
         0          0          0          0          0          0   entry8b.o
         8          4          0          0          0          0   entry9a.o
        30          0          0          0          0          0   handlers.o
        36          8          0          0          0         68   init.o
         0          0          0          0          0          0   iusefp.o
        30          0          0          0          0         68   llshl.o
        32          0          0          0          0         68   llushr.o
        36          0          0          0          0         68   memcpya.o
        36          0          0          0          0        108   memseta.o
       736         56          0          0          0        184   printf5.o
         0          0          0          4          0          0   stdout.o
        98          0          0          0          0         92   uldiv.o
       186          0          0          0          0        176   depilogue.o
        26          0          0          0          0         76   dfltui.o
       228          0          0          0          0         96   dmul.o

    ----------------------------------------------------------------------
      1496         72          0          4          0       1004   Library Totals
         2          0          0          0          0          0   (incl. Padding)

    ----------------------------------------------------------------------

      Code (inc. data)   RO Data    RW Data    ZI Data      Debug   Library Name

      1054         72          0          4          0        656   mc_w.l
       440          0          0          0          0        348   mf_w.l

    ----------------------------------------------------------------------
      1496         72          0          4          0       1004   Library Totals

    ----------------------------------------------------------------------

==============================================================================


      Code (inc. data)   RO Data    RW Data    ZI Data      Debug   

     25600       1558       5368        216      15192    1165569   Grand Totals
     25600       1558       5368        216      15192    1165569   ELF Image Totals
     25600       1558       5368        216          0          0   ROM Totals

==============================================================================

    Total RO  Size (Code + RO Data)                30968 (  30.24kB)
    Total RW  Size (RW Data + ZI Data)             15408 (  15.05kB)
    Total ROM Size (Code + RO Data + RW Data)      31184 (  30.45kB)

==============================================================================

